Archive member included to satisfy reference by file (symbol)

/Users/jiawei/.pico-sdk/toolchain/13_2_Rel1/bin/../lib/gcc/arm-none-eabi/13.2.1/thumb/v6-m/nofp/libgcc.a(_dvmd_tls.o)
                              CMakeFiles/picow_blink_slow_clock.dir/Users/jiawei/.pico-sdk/sdk/2.0.0/src/rp2_common/pico_divider/divider_hardware.S.obj (__aeabi_idiv0)
/Users/jiawei/.pico-sdk/toolchain/13_2_Rel1/bin/../lib/gcc/arm-none-eabi/13.2.1/../../../../arm-none-eabi/lib/thumb/v6-m/nofp/libg.a(libc_a-calloc.o)
                              CMakeFiles/picow_blink_slow_clock.dir/Users/jiawei/.pico-sdk/sdk/2.0.0/src/rp2_common/pico_malloc/malloc.c.obj (calloc)
/Users/jiawei/.pico-sdk/toolchain/13_2_Rel1/bin/../lib/gcc/arm-none-eabi/13.2.1/../../../../arm-none-eabi/lib/thumb/v6-m/nofp/libg.a(libc_a-callocr.o)
                              /Users/jiawei/.pico-sdk/toolchain/13_2_Rel1/bin/../lib/gcc/arm-none-eabi/13.2.1/../../../../arm-none-eabi/lib/thumb/v6-m/nofp/libg.a(libc_a-calloc.o) (_calloc_r)
/Users/jiawei/.pico-sdk/toolchain/13_2_Rel1/bin/../lib/gcc/arm-none-eabi/13.2.1/../../../../arm-none-eabi/lib/thumb/v6-m/nofp/libg.a(libc_a-malloc.o)
                              CMakeFiles/picow_blink_slow_clock.dir/Users/jiawei/.pico-sdk/sdk/2.0.0/src/rp2_common/pico_malloc/malloc.c.obj (malloc)
/Users/jiawei/.pico-sdk/toolchain/13_2_Rel1/bin/../lib/gcc/arm-none-eabi/13.2.1/../../../../arm-none-eabi/lib/thumb/v6-m/nofp/libg.a(libc_a-mallocr.o)
                              /Users/jiawei/.pico-sdk/toolchain/13_2_Rel1/bin/../lib/gcc/arm-none-eabi/13.2.1/../../../../arm-none-eabi/lib/thumb/v6-m/nofp/libg.a(libc_a-callocr.o) (_malloc_r)
/Users/jiawei/.pico-sdk/toolchain/13_2_Rel1/bin/../lib/gcc/arm-none-eabi/13.2.1/../../../../arm-none-eabi/lib/thumb/v6-m/nofp/libg.a(libc_a-mlock.o)
                              /Users/jiawei/.pico-sdk/toolchain/13_2_Rel1/bin/../lib/gcc/arm-none-eabi/13.2.1/../../../../arm-none-eabi/lib/thumb/v6-m/nofp/libg.a(libc_a-mallocr.o) (__malloc_lock)
/Users/jiawei/.pico-sdk/toolchain/13_2_Rel1/bin/../lib/gcc/arm-none-eabi/13.2.1/../../../../arm-none-eabi/lib/thumb/v6-m/nofp/libg.a(libc_a-realloc.o)
                              CMakeFiles/picow_blink_slow_clock.dir/Users/jiawei/.pico-sdk/sdk/2.0.0/src/rp2_common/pico_malloc/malloc.c.obj (realloc)
/Users/jiawei/.pico-sdk/toolchain/13_2_Rel1/bin/../lib/gcc/arm-none-eabi/13.2.1/../../../../arm-none-eabi/lib/thumb/v6-m/nofp/libg.a(libc_a-reallocr.o)
                              /Users/jiawei/.pico-sdk/toolchain/13_2_Rel1/bin/../lib/gcc/arm-none-eabi/13.2.1/../../../../arm-none-eabi/lib/thumb/v6-m/nofp/libg.a(libc_a-realloc.o) (_realloc_r)
/Users/jiawei/.pico-sdk/toolchain/13_2_Rel1/bin/../lib/gcc/arm-none-eabi/13.2.1/../../../../arm-none-eabi/lib/thumb/v6-m/nofp/libg.a(libc_a-memcmp.o)
                              CMakeFiles/picow_blink_slow_clock.dir/Users/jiawei/.pico-sdk/sdk/2.0.0/src/rp2_common/pico_atomic/atomic.c.obj (memcmp)
/Users/jiawei/.pico-sdk/toolchain/13_2_Rel1/bin/../lib/gcc/arm-none-eabi/13.2.1/../../../../arm-none-eabi/lib/thumb/v6-m/nofp/libg.a(libc_a-memmove.o)
                              CMakeFiles/picow_blink_slow_clock.dir/Users/jiawei/.pico-sdk/sdk/2.0.0/lib/cyw43-driver/src/cyw43_ll.c.obj (memmove)
/Users/jiawei/.pico-sdk/toolchain/13_2_Rel1/bin/../lib/gcc/arm-none-eabi/13.2.1/../../../../arm-none-eabi/lib/thumb/v6-m/nofp/libg.a(libc_a-strncmp.o)
                              CMakeFiles/picow_blink_slow_clock.dir/Users/jiawei/.pico-sdk/sdk/2.0.0/lib/cyw43-driver/src/cyw43_ll.c.obj (strncmp)
/Users/jiawei/.pico-sdk/toolchain/13_2_Rel1/bin/../lib/gcc/arm-none-eabi/13.2.1/../../../../arm-none-eabi/lib/thumb/v6-m/nofp/libg.a(libc_a-lcltime_r.o)
                              CMakeFiles/picow_blink_slow_clock.dir/Users/jiawei/.pico-sdk/sdk/2.0.0/src/common/pico_util/datetime.c.obj (localtime_r)
/Users/jiawei/.pico-sdk/toolchain/13_2_Rel1/bin/../lib/gcc/arm-none-eabi/13.2.1/../../../../arm-none-eabi/lib/thumb/v6-m/nofp/libg.a(libc_a-mktime.o)
                              CMakeFiles/picow_blink_slow_clock.dir/Users/jiawei/.pico-sdk/sdk/2.0.0/src/common/pico_util/datetime.c.obj (mktime)
/Users/jiawei/.pico-sdk/toolchain/13_2_Rel1/bin/../lib/gcc/arm-none-eabi/13.2.1/../../../../arm-none-eabi/lib/thumb/v6-m/nofp/libg.a(libc_a-month_lengths.o)
                              /Users/jiawei/.pico-sdk/toolchain/13_2_Rel1/bin/../lib/gcc/arm-none-eabi/13.2.1/../../../../arm-none-eabi/lib/thumb/v6-m/nofp/libg.a(libc_a-lcltime_r.o) (__month_lengths)
/Users/jiawei/.pico-sdk/toolchain/13_2_Rel1/bin/../lib/gcc/arm-none-eabi/13.2.1/../../../../arm-none-eabi/lib/thumb/v6-m/nofp/libg.a(libc_a-tzcalc_limits.o)
                              /Users/jiawei/.pico-sdk/toolchain/13_2_Rel1/bin/../lib/gcc/arm-none-eabi/13.2.1/../../../../arm-none-eabi/lib/thumb/v6-m/nofp/libg.a(libc_a-lcltime_r.o) (__tzcalc_limits)
/Users/jiawei/.pico-sdk/toolchain/13_2_Rel1/bin/../lib/gcc/arm-none-eabi/13.2.1/../../../../arm-none-eabi/lib/thumb/v6-m/nofp/libg.a(libc_a-tzlock.o)
[...]
Memory Configuration

Name             Origin             Length             Attributes
FLASH            0x10000000         0x00200000         xr
RAM              0x20000000         0x00040000         xrw
SCRATCH_X        0x20040000         0x00001000         xrw
SCRATCH_Y        0x20041000         0x00001000         xrw
*default*        0x00000000         0xffffffff

Linker script and memory map

LOAD /Users/jiawei/.pico-sdk/toolchain/13_2_Rel1/bin/../lib/gcc/arm-none-eabi/13.2.1/thumb/v6-m/nofp/crti.o
LOAD /Users/jiawei/.pico-sdk/toolchain/13_2_Rel1/bin/../lib/gcc/arm-none-eabi/13.2.1/thumb/v6-m/nofp/crtbegin.o
LOAD /Users/jiawei/.pico-sdk/toolchain/13_2_Rel1/bin/../lib/gcc/arm-none-eabi/13.2.1/../../../../arm-none-eabi/lib/thumb/v6-m/nofp/crt0.o

.flash_begin    0x10000000        0x0
                0x10000000                        __flash_binary_start = .

.boot2          0x10000000      0x100
                0x10000000                        __boot2_start__ = .
 *(.boot2)
 .boot2         0x10000000      0x100 /var/folders/_3/zj5l69n975z2y1jcy4tcpk9c0000gn/T//ccz5bRIk.o
                0x10000100                        __boot2_end__ = .
                0x00000001                        ASSERT (((__boot2_end__ - __boot2_start__) == 0x100), ERROR: Pico second stage bootloader must be 256 bytes in size)

.text           0x10000100     0x82ec
                0x10000100                        __logical_binary_start = .
 *(.vectors)
 .vectors       0x10000100       0xd4 CMakeFiles/picow_blink_slow_clock.dir/Users/jiawei/.pico-sdk/sdk/2.0.0/src/rp2_common/pico_crt0/crt0.S.obj
                0x10000100                __VECTOR_TABLE
                0x10000100                __vectors
                0x100001c0                __default_isrs_start
                0x100001c0                isr_invalid
                0x100001c2                isr_nmi
                0x100001c4                isr_hardfault
                0x100001c6                isr_svcall
                0x100001c8                isr_pendsv
                0x100001ca                isr_systick
                0x100001cc                isr_irq28
                0x100001cc                isr_irq19
                0x100001cc                isr_irq0
                0x100001cc                isr_irq6
                0x100001cc                isr_irq22
                0x100001cc                isr_irq17
                0x100001cc                isr_irq14
                0x100001cc                isr_irq2
                0x100001cc                isr_irq10
                0x100001cc                isr_irq8
                0x100001cc                isr_irq24
                0x100001cc                isr_irq1
                0x100001cc                isr_irq7
                0x100001cc                isr_irq21
                0x100001cc                isr_irq20
                0x100001cc                isr_irq15
                0x100001cc                isr_irq25
                0x100001cc                isr_irq4
                0x100001cc                isr_irq16
                0x100001cc                isr_irq29
                0x100001cc                isr_irq26
                0x100001cc                __default_isrs_end
                0x100001cc                isr_irq3
                0x100001cc                isr_irq9
                0x100001cc                __unhandled_user_irq
                0x100001cc                isr_irq13
                0x100001cc                isr_irq27
                0x100001cc                isr_irq31
                0x100001cc                isr_irq5
                0x100001cc                isr_irq11
                0x100001cc                isr_irq23
                0x100001cc                isr_irq18
                0x100001cc                isr_irq30
                0x100001cc                isr_irq12
                0x100001d2                unhandled_user_irq_num_in_r0
 *(.binary_info_header)
 .binary_info_header
                0x100001d4       0x14 CMakeFiles/picow_blink_slow_clock.dir/Users/jiawei/.pico-sdk/sdk/2.0.0/src/rp2_common/pico_crt0/crt0.S.obj
                0x100001e8                        __binary_info_header_end = .
 *(.embedded_block)
                0x100001e8                        __embedded_block_end = .
 *(.reset)
 .reset         0x100001e8       0x9c CMakeFiles/picow_blink_slow_clock.dir/Users/jiawei/.pico-sdk/sdk/2.0.0/src/rp2_common/pico_crt0/crt0.S.obj
                0x100001e8                _entry_point
 *(.init)
 .init          0x10000284        0x4 /Users/jiawei/.pico-sdk/toolchain/13_2_Rel1/bin/../lib/gcc/arm-none-eabi/13.2.1/thumb/v6-m/nofp/crti.o
                0x10000284                _init
 *(EXCLUDE_FILE(*libm.a: *libc.a:*lib_a-mem*.o *libgcc.a:) .text*)
 .text.register_tm_clones
                0x10000288       0x28 /Users/jiawei/.pico-sdk/toolchain/13_2_Rel1/bin/../lib/gcc/arm-none-eabi/13.2.1/thumb/v6-m/nofp/crtbegin.o
 .text.frame_dummy
                0x100002b0       0x24 /Users/jiawei/.pico-sdk/toolchain/13_2_Rel1/bin/../lib/gcc/arm-none-eabi/13.2.1/thumb/v6-m/nofp/crtbegin.o
 .text.startup.main
                0x100002d4       0x74 CMakeFiles/picow_blink_slow_clock.dir/picow_blink_slow_clock.c.obj
                0x100002d4                main
 .text.gpio_set_function
                0x10000348       0x34 CMakeFiles/picow_blink_slow_clock.dir/Users/jiawei/.pico-sdk/sdk/2.0.0/src/rp2_common/hardware_gpio/gpio.c.obj
                0x10000348                gpio_set_function
 .text.gpio_set_pulls
                0x1000037c       0x28 CMakeFiles/picow_blink_slow_clock.dir/Users/jiawei/.pico-sdk/sdk/2.0.0/src/rp2_common/hardware_gpio/gpio.c.obj
                0x1000037c                gpio_set_pulls
 .text.gpio_set_input_hysteresis_enabled
                0x100003a4       0x28 CMakeFiles/picow_blink_slow_clock.dir/Users/jiawei/.pico-sdk/sdk/2.0.0/src/rp2_common/hardware_gpio/gpio.c.obj
                0x100003a4                gpio_set_input_hysteresis_enabled
 .text.gpio_set_irq_enabled
                0x100003cc       0x58 CMakeFiles/picow_blink_slow_clock.dir/Users/jiawei/.pico-sdk/sdk/2.0.0/src/rp2_common/hardware_gpio/gpio.c.obj
                0x100003cc                gpio_set_irq_enabled
 .text.gpio_add_raw_irq_handler_with_order_priority_masked
                0x10000424       0x44 CMakeFiles/picow_blink_slow_clock.dir/Users/jiawei/.pico-sdk/sdk/2.0.0/src/rp2_common/hardware_gpio/gpio.c.obj
                0x10000424                gpio_add_raw_irq_handler_with_order_priority_masked
 .text.gpio_remove_raw_irq_handler_masked
                0x10000468       0x20 CMakeFiles/picow_blink_slow_clock.dir/Users/jiawei/.pico-sdk/sdk/2.0.0/src/rp2_common/hardware_gpio/gpio.c.obj
                0x10000468                gpio_remove_raw_irq_handler_masked
 .text.gpio_init
                0x10000488       0x40 CMakeFiles/picow_blink_slow_clock.dir/Users/jiawei/.pico-sdk/sdk/2.0.0/src/rp2_common/hardware_gpio/gpio.c.obj
                0x10000488                gpio_init
 .text.panic    0x100004c8       0x30 CMakeFiles/picow_blink_slow_clock.dir/Users/jiawei/.pico-sdk/sdk/2.0.0/src/rp2_common/pico_platform_panic/panic.c.obj
                0x100004c8                panic
 .text.hw_claim_lock
                0x100004f8       0x18 CMakeFiles/picow_blink_slow_clock.dir/Users/jiawei/.pico-sdk/sdk/2.0.0/src/common/hardware_claim/claim.c.obj
                0x100004f8                hw_claim_lock
 .text.hw_claim_unlock
                0x10000510       0x14 CMakeFiles/picow_blink_slow_clock.dir/Users/jiawei/.pico-sdk/sdk/2.0.0/src/common/hardware_claim/claim.c.obj
                0x10000510                hw_claim_unlock
 .text.hw_claim_or_assert
                0x10000524       0x44 CMakeFiles/picow_blink_slow_clock.dir/Users/jiawei/.pico-sdk/sdk/2.0.0/src/common/hardware_claim/claim.c.obj
                0x10000524                hw_claim_or_assert
 .text.hw_claim_unused_from_range
                0x10000568       0x9c CMakeFiles/picow_blink_slow_clock.dir/Users/jiawei/.pico-sdk/sdk/2.0.0/src/common/hardware_claim/claim.c.obj
                0x10000568                hw_claim_unused_from_range
 .text.hw_claim_clear
                0x10000604       0x38 CMakeFiles/picow_blink_slow_clock.dir/Users/jiawei/.pico-sdk/sdk/2.0.0/src/common/hardware_claim/claim.c.obj
                0x10000604                hw_claim_clear
 .text.next_striped_spin_lock_num
                0x1000063c       0x18 CMakeFiles/picow_blink_slow_clock.dir/Users/jiawei/.pico-sdk/sdk/2.0.0/src/rp2_common/hardware_sync/sync.c.obj
                0x1000063c                next_striped_spin_lock_num
 .text.spin_locks_reset
                0x10000654       0x1c CMakeFiles/picow_blink_slow_clock.dir/Users/jiawei/.pico-sdk/sdk/2.0.0/src/rp2_common/hardware_sync_spin_lock/sync_spin_lock.c.obj
                0x10000654                spin_locks_reset
 .text.runtime_init_per_core_irq_priorities
                0x10000670       0x24 CMakeFiles/picow_blink_slow_clock.dir/Users/jiawei/.pico-sdk/sdk/2.0.0/src/rp2_common/hardware_irq/irq.c.obj
                0x10000670                runtime_init_per_core_irq_priorities
 .text.irq_set_enabled
                0x10000694       0x24 CMakeFiles/picow_blink_slow_clock.dir/Users/jiawei/.pico-sdk/sdk/2.0.0/src/rp2_common/hardware_irq/irq.c.obj
                0x10000694                irq_set_enabled
 .text.irq_set_pending
                0x100006b8       0x10 CMakeFiles/picow_blink_slow_clock.dir/Users/jiawei/.pico-sdk/sdk/2.0.0/src/rp2_common/hardware_irq/irq.c.obj
                0x100006b8                irq_set_pending
 .text.irq_set_exclusive_handler
                0x100006c8       0x54 CMakeFiles/picow_blink_slow_clock.dir/Users/jiawei/.pico-sdk/sdk/2.0.0/src/rp2_common/hardware_irq/irq.c.obj
                0x100006c8                irq_set_exclusive_handler
 .text.irq_add_shared_handler
                0x1000071c      0x1f4 CMakeFiles/picow_blink_slow_clock.dir/Users/jiawei/.pico-sdk/sdk/2.0.0/src/rp2_common/hardware_irq/irq.c.obj
                0x1000071c                irq_add_shared_handler
 .text.irq_remove_handler
                0x10000910      0x1d4 CMakeFiles/picow_blink_slow_clock.dir/Users/jiawei/.pico-sdk/sdk/2.0.0/src/rp2_common/hardware_irq/irq.c.obj
                0x10000910                irq_remove_handler
 .text.irq_set_priority
                0x10000ae4       0x28 CMakeFiles/picow_blink_slow_clock.dir/Users/jiawei/.pico-sdk/sdk/2.0.0/src/rp2_common/hardware_irq/irq.c.obj
                0x10000ae4                irq_set_priority
 .text.irq_add_tail_to_free_list
                0x10000b0c       0xb4 CMakeFiles/picow_blink_slow_clock.dir/Users/jiawei/.pico-sdk/sdk/2.0.0/src/rp2_common/hardware_irq/irq.c.obj
                0x10000b0c                irq_add_tail_to_free_list
 .text.user_irq_unclaim
                0x10000bc0       0x14 CMakeFiles/picow_blink_slow_clock.dir/Users/jiawei/.pico-sdk/sdk/2.0.0/src/rp2_common/hardware_irq/irq.c.obj
                0x10000bc0                user_irq_unclaim
 .text.user_irq_claim_unused
                0x10000bd4       0x2c CMakeFiles/picow_blink_slow_clock.dir/Users/jiawei/.pico-sdk/sdk/2.0.0/src/rp2_common/hardware_irq/irq.c.obj
                0x10000bd4                user_irq_claim_unused
 .text.sem_init
                0x10000c00       0x20 CMakeFiles/picow_blink_slow_clock.dir/Users/jiawei/.pico-sdk/sdk/2.0.0/src/common/pico_sync/sem.c.obj
                0x10000c00                sem_init
 .text.lock_init
                0x10000c20       0x10 CMakeFiles/picow_blink_slow_clock.dir/Users/jiawei/.pico-sdk/sdk/2.0.0/src/common/pico_sync/lock_core.c.obj
                0x10000c20                lock_init
 .text.runtime_init_mutex
                0x10000c30       0x50 CMakeFiles/picow_blink_slow_clock.dir/Users/jiawei/.pico-sdk/sdk/2.0.0/src/common/pico_sync/mutex.c.obj
                0x10000c30                runtime_init_mutex
 .text.recursive_mutex_init
                0x10000c80       0x1c CMakeFiles/picow_blink_slow_clock.dir/Users/jiawei/.pico-sdk/sdk/2.0.0/src/common/pico_sync/mutex.c.obj
                0x10000c80                recursive_mutex_init
 .text.sleep_until_callback
                0x10000c9c       0x30 CMakeFiles/picow_blink_slow_clock.dir/Users/jiawei/.pico-sdk/sdk/2.0.0/src/common/pico_time/time.c.obj
 .text.alarm_pool_irq_handler
                0x10000ccc      0x2e4 CMakeFiles/picow_blink_slow_clock.dir/Users/jiawei/.pico-sdk/sdk/2.0.0/src/common/pico_time/time.c.obj
 .text.runtime_init_default_alarm_pool
                0x10000fb0       0xdc CMakeFiles/picow_blink_slow_clock.dir/Users/jiawei/.pico-sdk/sdk/2.0.0/src/common/pico_time/time.c.obj
                0x10000fb0                runtime_init_default_alarm_pool
 .text.alarm_pool_get_default
                0x1000108c        0x8 CMakeFiles/picow_blink_slow_clock.dir/Users/jiawei/.pico-sdk/sdk/2.0.0/src/common/pico_time/time.c.obj
                0x1000108c                alarm_pool_get_default
 .text.alarm_pool_add_alarm_at
                0x10001094       0xd4 CMakeFiles/picow_blink_slow_clock.dir/Users/jiawei/.pico-sdk/sdk/2.0.0/src/common/pico_time/time.c.obj
                0x10001094                alarm_pool_add_alarm_at
 .text.alarm_pool_add_alarm_at_force_in_context
                0x10001168       0xb0 CMakeFiles/picow_blink_slow_clock.dir/Users/jiawei/.pico-sdk/sdk/2.0.0/src/common/pico_time/time.c.obj
                0x10001168                alarm_pool_add_alarm_at_force_in_context
 .text.alarm_pool_cancel_alarm
                0x10001218       0x74 CMakeFiles/picow_blink_slow_clock.dir/Users/jiawei/.pico-sdk/sdk/2.0.0/src/common/pico_time/time.c.obj
                0x10001218                alarm_pool_cancel_alarm
 .text.sleep_until
                0x1000128c       0xd8 CMakeFiles/picow_blink_slow_clock.dir/Users/jiawei/.pico-sdk/sdk/2.0.0/src/common/pico_time/time.c.obj
                0x1000128c                sleep_until
 .text.sleep_ms
                0x10001364       0x38 CMakeFiles/picow_blink_slow_clock.dir/Users/jiawei/.pico-sdk/sdk/2.0.0/src/common/pico_time/time.c.obj
                0x10001364                sleep_ms
 .text.best_effort_wfe_or_timeout
                0x1000139c      0x134 CMakeFiles/picow_blink_slow_clock.dir/Users/jiawei/.pico-sdk/sdk/2.0.0/src/common/pico_time/time.c.obj
                0x1000139c                best_effort_wfe_or_timeout
 .text.timer_hardware_alarm_claim
                0x100014d0       0x14 CMakeFiles/picow_blink_slow_clock.dir/Users/jiawei/.pico-sdk/sdk/2.0.0/src/rp2_common/hardware_timer/timer.c.obj
                0x100014d0                timer_hardware_alarm_claim
 .text.timer_time_us_64
                0x100014e4       0x10 CMakeFiles/picow_blink_slow_clock.dir/Users/jiawei/.pico-sdk/sdk/2.0.0/src/rp2_common/hardware_timer/timer.c.obj
                0x100014e4                timer_time_us_64
 .text.time_us_64
                0x100014f4       0x14 CMakeFiles/picow_blink_slow_clock.dir/Users/jiawei/.pico-sdk/sdk/2.0.0/src/rp2_common/hardware_timer/timer.c.obj
                0x100014f4                time_us_64
 .text.busy_wait_us
                0x10001508       0x68 CMakeFiles/picow_blink_slow_clock.dir/Users/jiawei/.pico-sdk/sdk/2.0.0/src/rp2_common/hardware_timer/timer.c.obj
                0x10001508                busy_wait_us
 .text.busy_wait_until
                0x10001570       0x20 CMakeFiles/picow_blink_slow_clock.dir/Users/jiawei/.pico-sdk/sdk/2.0.0/src/rp2_common/hardware_timer/timer.c.obj
                0x10001570                busy_wait_until
 .text.uart_init
                0x10001590      0x120 CMakeFiles/picow_blink_slow_clock.dir/Users/jiawei/.pico-sdk/sdk/2.0.0/src/rp2_common/hardware_uart/uart.c.obj
                0x10001590                uart_init
 .text.clock_configure_int_divider
                0x100016b0       0xf4 CMakeFiles/picow_blink_slow_clock.dir/Users/jiawei/.pico-sdk/sdk/2.0.0/src/rp2_common/hardware_clocks/clocks.c.obj
                0x100016b0                clock_configure_int_divider
 .text.clock_configure_undivided
                0x100017a4       0xe8 CMakeFiles/picow_blink_slow_clock.dir/Users/jiawei/.pico-sdk/sdk/2.0.0/src/rp2_common/hardware_clocks/clocks.c.obj
                0x100017a4                clock_configure_undivided
 .text.clock_get_hz
                0x1000188c        0xc CMakeFiles/picow_blink_slow_clock.dir/Users/jiawei/.pico-sdk/sdk/2.0.0/src/rp2_common/hardware_clocks/clocks.c.obj
                0x1000188c                clock_get_hz
 .text.set_sys_clock_pll
                0x10001898      0x1b8 CMakeFiles/picow_blink_slow_clock.dir/Users/jiawei/.pico-sdk/sdk/2.0.0/src/rp2_common/hardware_clocks/clocks.c.obj
                0x10001898                set_sys_clock_pll
 .text.check_sys_clock_khz
                0x10001a50      0x234 CMakeFiles/picow_blink_slow_clock.dir/Users/jiawei/.pico-sdk/sdk/2.0.0/src/rp2_common/hardware_clocks/clocks.c.obj
                0x10001a50                check_sys_clock_khz
 .text.pll_init
                0x10001c84       0xa4 CMakeFiles/picow_blink_slow_clock.dir/Users/jiawei/.pico-sdk/sdk/2.0.0/src/rp2_common/hardware_pll/pll.c.obj
                0x10001c84                pll_init
 .text.tick_start
                0x10001d28       0x10 CMakeFiles/picow_blink_slow_clock.dir/Users/jiawei/.pico-sdk/sdk/2.0.0/src/rp2_common/hardware_ticks/ticks.c.obj
                0x10001d28                tick_start
 .text.xosc_init
                0x10001d38       0x28 CMakeFiles/picow_blink_slow_clock.dir/Users/jiawei/.pico-sdk/sdk/2.0.0/src/rp2_common/hardware_xosc/xosc.c.obj
                0x10001d38                xosc_init
 .text.first_per_core_initializer
                0x10001d60        0x4 CMakeFiles/picow_blink_slow_clock.dir/Users/jiawei/.pico-sdk/sdk/2.0.0/src/rp2_common/pico_runtime/runtime.c.obj
 .text.hard_assertion_failure
                0x10001d64        0xc CMakeFiles/picow_blink_slow_clock.dir/Users/jiawei/.pico-sdk/sdk/2.0.0/src/rp2_common/pico_runtime/runtime.c.obj
                0x10001d64                hard_assertion_failure
 .text.runtime_run_initializers
                0x10001d70       0x28 CMakeFiles/picow_blink_slow_clock.dir/Users/jiawei/.pico-sdk/sdk/2.0.0/src/rp2_common/pico_runtime/runtime.c.obj
                0x10001d70                runtime_run_initializers
 .text.runtime_init_early_resets
                0x10001d98       0x2c CMakeFiles/picow_blink_slow_clock.dir/Users/jiawei/.pico-sdk/sdk/2.0.0/src/rp2_common/pico_runtime_init/runtime_init.c.obj
                0x10001d98                runtime_init_early_resets
 .text.runtime_init_usb_power_down
                0x10001dc4       0x1c CMakeFiles/picow_blink_slow_clock.dir/Users/jiawei/.pico-sdk/sdk/2.0.0/src/rp2_common/pico_runtime_init/runtime_init.c.obj
                0x10001dc4                runtime_init_usb_power_down
 .text.runtime_init_post_clock_resets
                0x10001de0       0x20 CMakeFiles/picow_blink_slow_clock.dir/Users/jiawei/.pico-sdk/sdk/2.0.0/src/rp2_common/pico_runtime_init/runtime_init.c.obj
                0x10001de0                runtime_init_post_clock_resets
 .text.runtime_init_rp2040_gpio_ie_disable
                0x10001e00       0x14 CMakeFiles/picow_blink_slow_clock.dir/Users/jiawei/.pico-sdk/sdk/2.0.0/src/rp2_common/pico_runtime_init/runtime_init.c.obj
                0x10001e00                runtime_init_rp2040_gpio_ie_disable
 .text.runtime_init_spin_locks_reset
                0x10001e14        0x8 CMakeFiles/picow_blink_slow_clock.dir/Users/jiawei/.pico-sdk/sdk/2.0.0/src/rp2_common/pico_runtime_init/runtime_init.c.obj
                0x10001e14                runtime_init_spin_locks_reset
 .text.runtime_init_install_ram_vector_table
                0x10001e1c       0x1c CMakeFiles/picow_blink_slow_clock.dir/Users/jiawei/.pico-sdk/sdk/2.0.0/src/rp2_common/pico_runtime_init/runtime_init.c.obj
                0x10001e1c                runtime_init_install_ram_vector_table
 .text.runtime_init_clocks
                0x10001e38       0xd8 CMakeFiles/picow_blink_slow_clock.dir/Users/jiawei/.pico-sdk/sdk/2.0.0/src/rp2_common/pico_runtime_init/runtime_init_clocks.c.obj
                0x10001e38                runtime_init_clocks
 .text          0x10001f10       0x10 CMakeFiles/picow_blink_slow_clock.dir/Users/jiawei/.pico-sdk/sdk/2.0.0/src/rp2_common/pico_bit_ops/bit_ops_aeabi.S.obj
 .text.ctzsi    0x10001f20        0xc CMakeFiles/picow_blink_slow_clock.dir/Users/jiawei/.pico-sdk/sdk/2.0.0/src/rp2_common/pico_bit_ops/bit_ops_aeabi.S.obj
                0x10001f20                __wrap___ctzsi2
 .text.rom_func_lookup
                0x10001f2c       0x10 CMakeFiles/picow_blink_slow_clock.dir/Users/jiawei/.pico-sdk/sdk/2.0.0/src/rp2_common/pico_bootrom/bootrom.c.obj
                0x10001f2c                rom_func_lookup
 .text.rom_data_lookup
                0x10001f3c       0x10 CMakeFiles/picow_blink_slow_clock.dir/Users/jiawei/.pico-sdk/sdk/2.0.0/src/rp2_common/pico_bootrom/bootrom.c.obj
                0x10001f3c                rom_data_lookup
 .text.rom_funcs_lookup
                0x10001f4c       0x44 CMakeFiles/picow_blink_slow_clock.dir/Users/jiawei/.pico-sdk/sdk/2.0.0/src/rp2_common/pico_bootrom/bootrom.c.obj
                0x10001f4c                rom_funcs_lookup
 .text.__wrap___aeabi_idiv
                0x10001f90       0x50 CMakeFiles/picow_blink_slow_clock.dir/Users/jiawei/.pico-sdk/sdk/2.0.0/src/rp2_common/pico_divider/divider_hardware.S.obj
                0x10001f90                __wrap___aeabi_idivmod
                0x10001f90                divmod_s32s32
                0x10001f90                div_s32s32
                0x10001f90                __wrap___aeabi_idiv
                0x10001f98                divmod_s32s32_unsafe
                0x10001fc4                divmod_s32s32_savestate
 .text.__wrap___aeabi_uidiv
                0x10001fe0       0x4c CMakeFiles/picow_blink_slow_clock.dir/Users/jiawei/.pico-sdk/sdk/2.0.0/src/rp2_common/pico_divider/divider_hardware.S.obj
                0x10001fe0                __wrap___aeabi_uidiv
                0x10001fe0                __wrap___aeabi_uidivmod
                0x10001fe0                div_u32u32
                0x10001fe0                divmod_u32u32
                0x10001fe8                divmod_u32u32_unsafe
                0x10002010                divmod_u32u32_savestate
 .text.__wrap___aeabi_ldiv
                0x1000202c      0x424 CMakeFiles/picow_blink_slow_clock.dir/Users/jiawei/.pico-sdk/sdk/2.0.0/src/rp2_common/pico_divider/divider_hardware.S.obj
                0x1000202c                __wrap___aeabi_ldivmod
                0x1000202c                div_s64s64
                0x1000202c                divmod_s64s64
                0x1000205c                divmod_u64u64
                0x1000205c                div_u64u64
                0x1000205c                __wrap___aeabi_uldivmod
                0x1000206c                divmod_u64u64_savestate
                0x1000208c                divmod_s64s64_unsafe
                0x10002114                divmod_u64u64_unsafe
 .text.__wrap___aeabi_darithmetic
                0x10002450       0x60 CMakeFiles/picow_blink_slow_clock.dir/Users/jiawei/.pico-sdk/sdk/2.0.0/src/rp2_common/pico_double/double_aeabi_rp2040.S.obj
                0x10002450                __wrap___aeabi_drsub
                0x10002456                __wrap___aeabi_dsub
                0x10002460                __wrap___aeabi_dadd
                0x1000246a                __wrap___aeabi_ddiv
                0x1000249e                __wrap___aeabi_dmul
 .text.__wrap___aeabi_cdcmple
                0x100024b0       0x6c CMakeFiles/picow_blink_slow_clock.dir/Users/jiawei/.pico-sdk/sdk/2.0.0/src/rp2_common/pico_double/double_aeabi_rp2040.S.obj
                0x100024b0                __wrap___aeabi_cdrcmple
                0x100024c0                __wrap___aeabi_cdcmple
                0x100024c0                __wrap___aeabi_cdcmpeq
 .text.__wrap___aeabi_dcmplt
                0x1000251c        0xc CMakeFiles/picow_blink_slow_clock.dir/Users/jiawei/.pico-sdk/sdk/2.0.0/src/rp2_common/pico_double/double_aeabi_rp2040.S.obj
                0x1000251c                __wrap___aeabi_dcmplt
 .text.__wrap___aeabi_dcmpge
                0x10002528       0x10 CMakeFiles/picow_blink_slow_clock.dir/Users/jiawei/.pico-sdk/sdk/2.0.0/src/rp2_common/pico_double/double_aeabi_rp2040.S.obj
                0x10002528                __wrap___aeabi_dcmpge
 .text.__wrap___aeabi_dcmpgt
                0x10002538        0xa CMakeFiles/picow_blink_slow_clock.dir/Users/jiawei/.pico-sdk/sdk/2.0.0/src/rp2_common/pico_double/double_aeabi_rp2040.S.obj
                0x10002538                __wrap___aeabi_dcmpgt
 .text.__wrap___aeabi_dcmpun
                0x10002542       0x18 CMakeFiles/picow_blink_slow_clock.dir/Users/jiawei/.pico-sdk/sdk/2.0.0/src/rp2_common/pico_double/double_aeabi_rp2040.S.obj
                0x10002542                __wrap___aeabi_dcmpun
 *fill*         0x1000255a        0x2 
 .text.__wrap___aeabi_i2d
                0x1000255c       0x38 CMakeFiles/picow_blink_slow_clock.dir/Users/jiawei/.pico-sdk/sdk/2.0.0/src/rp2_common/pico_double/double_aeabi_rp2040.S.obj
                0x1000255c                __wrap___aeabi_ui2d
                0x10002564                __wrap___aeabi_i2d
 .text.__wrap___aeabi_d2iz
                0x10002594       0x48 CMakeFiles/picow_blink_slow_clock.dir/Users/jiawei/.pico-sdk/sdk/2.0.0/src/rp2_common/pico_double/double_aeabi_rp2040.S.obj
                0x10002594                __wrap___aeabi_d2iz
                0x10002594                double2int_z
 .text.__wrap___aeabi_d2uiz
                0x100025dc       0x10 CMakeFiles/picow_blink_slow_clock.dir/Users/jiawei/.pico-sdk/sdk/2.0.0/src/rp2_common/pico_double/double_aeabi_rp2040.S.obj
                0x100025dc                double2uint
                0x100025dc                __wrap___aeabi_d2uiz
 .text.missing_double_func_shim
                0x100025ec        0xc CMakeFiles/picow_blink_slow_clock.dir/Users/jiawei/.pico-sdk/sdk/2.0.0/src/rp2_common/pico_double/double_init_rom_rp2040.c.obj
 .text.__aeabi_double_init
                0x100025f8       0xa0 CMakeFiles/picow_blink_slow_clock.dir/Users/jiawei/.pico-sdk/sdk/2.0.0/src/rp2_common/pico_double/double_init_rom_rp2040.c.obj
                0x100025f8                __aeabi_double_init
 .text.double_table_shim_on_use_helper
                0x10002698       0x2c CMakeFiles/picow_blink_slow_clock.dir/Users/jiawei/.pico-sdk/sdk/2.0.0/src/rp2_common/pico_double/double_v1_rom_shim_rp2040.S.obj
                0x10002698                double_table_shim_on_use_helper
 .text.__aeabi_lmul
                0x100026c4       0x32 CMakeFiles/picow_blink_slow_clock.dir/Users/jiawei/.pico-sdk/sdk/2.0.0/src/rp2_common/pico_int64_ops/pico_int64_ops_aeabi.S.obj
                0x100026c4                __wrap___aeabi_lmul
 *fill*         0x100026f6        0x2 
 .text.missing_float_func_shim
                0x100026f8        0xc CMakeFiles/picow_blink_slow_clock.dir/Users/jiawei/.pico-sdk/sdk/2.0.0/src/rp2_common/pico_float/float_init_rom_rp2040.c.obj
 .text.__aeabi_float_init
                0x10002704       0x5c CMakeFiles/picow_blink_slow_clock.dir/Users/jiawei/.pico-sdk/sdk/2.0.0/src/rp2_common/pico_float/float_init_rom_rp2040.c.obj
                0x10002704                __aeabi_float_init
 .text          0x10002760       0x10 CMakeFiles/picow_blink_slow_clock.dir/Users/jiawei/.pico-sdk/sdk/2.0.0/src/rp2_common/pico_mem_ops/mem_ops_aeabi.S.obj
                0x10002760                __aeabi_mem_init
 .text.memset   0x10002770        0xc CMakeFiles/picow_blink_slow_clock.dir/Users/jiawei/.pico-sdk/sdk/2.0.0/src/rp2_common/pico_mem_ops/mem_ops_aeabi.S.obj
                0x10002770                __wrap_memset
 .text.memcpy   0x1000277c        0xc CMakeFiles/picow_blink_slow_clock.dir/Users/jiawei/.pico-sdk/sdk/2.0.0/src/rp2_common/pico_mem_ops/mem_ops_aeabi.S.obj
                0x1000277c                __wrap___aeabi_memcpy
                0x1000277c                __wrap_memcpy
 .text._out_null
                0x10002788        0x4 CMakeFiles/picow_blink_slow_clock.dir/Users/jiawei/.pico-sdk/sdk/2.0.0/src/rp2_common/pico_printf/printf.c.obj
 .text._out_rev
                0x1000278c       0xac CMakeFiles/picow_blink_slow_clock.dir/Users/jiawei/.pico-sdk/sdk/2.0.0/src/rp2_common/pico_printf/printf.c.obj
 .text._ntoa_format
                0x10002838      0x250 CMakeFiles/picow_blink_slow_clock.dir/Users/jiawei/.pico-sdk/sdk/2.0.0/src/rp2_common/pico_printf/printf.c.obj
 .text._out_char
                0x10002a88       0x10 CMakeFiles/picow_blink_slow_clock.dir/Users/jiawei/.pico-sdk/sdk/2.0.0/src/rp2_common/pico_printf/printf.c.obj
 .text._out_fct
                0x10002a98       0x10 CMakeFiles/picow_blink_slow_clock.dir/Users/jiawei/.pico-sdk/sdk/2.0.0/src/rp2_common/pico_printf/printf.c.obj
 .text._etoa    0x10002aa8      0x464 CMakeFiles/picow_blink_slow_clock.dir/Users/jiawei/.pico-sdk/sdk/2.0.0/src/rp2_common/pico_printf/printf.c.obj
 .text._ftoa    0x10002f0c      0x3c0 CMakeFiles/picow_blink_slow_clock.dir/Users/jiawei/.pico-sdk/sdk/2.0.0/src/rp2_common/pico_printf/printf.c.obj
 .text._vsnprintf
                0x100032cc      0xbc8 CMakeFiles/picow_blink_slow_clock.dir/Users/jiawei/.pico-sdk/sdk/2.0.0/src/rp2_common/pico_printf/printf.c.obj
 .text.vfctprintf
                0x10003e94       0x20 CMakeFiles/picow_blink_slow_clock.dir/Users/jiawei/.pico-sdk/sdk/2.0.0/src/rp2_common/pico_printf/printf.c.obj
                0x10003e94                vfctprintf
 .text.weak_raw_vprintf
                0x10003eb4       0x30 CMakeFiles/picow_blink_slow_clock.dir/Users/jiawei/.pico-sdk/sdk/2.0.0/src/rp2_common/pico_printf/printf.c.obj
                0x10003eb4                weak_raw_vprintf
 .text._exit    0x10003ee4        0x4 CMakeFiles/picow_blink_slow_clock.dir/Users/jiawei/.pico-sdk/sdk/2.0.0/src/rp2_common/pico_clib_interface/newlib_interface.c.obj
                0x10003ee4                _exit
 .text.exit     0x10003ee8        0x8 CMakeFiles/picow_blink_slow_clock.dir/Users/jiawei/.pico-sdk/sdk/2.0.0/src/rp2_common/pico_clib_interface/newlib_interface.c.obj
                0x10003ee8                exit
 .text.runtime_init
                0x10003ef0       0x2c CMakeFiles/picow_blink_slow_clock.dir/Users/jiawei/.pico-sdk/sdk/2.0.0/src/rp2_common/pico_clib_interface/newlib_interface.c.obj
                0x10003ef0                runtime_init
 .text.stdio_out_chars_no_crlf
                0x10003f1c       0x10 CMakeFiles/picow_blink_slow_clock.dir/Users/jiawei/.pico-sdk/sdk/2.0.0/src/rp2_common/pico_stdio/stdio.c.obj
 .text.stdio_out_chars_crlf
                0x10003f2c       0x94 CMakeFiles/picow_blink_slow_clock.dir/Users/jiawei/.pico-sdk/sdk/2.0.0/src/rp2_common/pico_stdio/stdio.c.obj
 .text.stdio_buffered_printer
                0x10003fc0       0x64 CMakeFiles/picow_blink_slow_clock.dir/Users/jiawei/.pico-sdk/sdk/2.0.0/src/rp2_common/pico_stdio/stdio.c.obj
 .text.stdio_put_string
                0x10004024      0x100 CMakeFiles/picow_blink_slow_clock.dir/Users/jiawei/.pico-sdk/sdk/2.0.0/src/rp2_common/pico_stdio/stdio.c.obj
                0x10004024                stdio_put_string
 .text.stdio_set_driver_enabled
                0x10004124       0x30 CMakeFiles/picow_blink_slow_clock.dir/Users/jiawei/.pico-sdk/sdk/2.0.0/src/rp2_common/pico_stdio/stdio.c.obj
                0x10004124                stdio_set_driver_enabled
 .text.stdio_init_all
                0x10004154        0xc CMakeFiles/picow_blink_slow_clock.dir/Users/jiawei/.pico-sdk/sdk/2.0.0/src/rp2_common/pico_stdio/stdio.c.obj
                0x10004154                stdio_init_all
 .text.__wrap_putchar
                0x10004160       0x98 CMakeFiles/picow_blink_slow_clock.dir/Users/jiawei/.pico-sdk/sdk/2.0.0/src/rp2_common/pico_stdio/stdio.c.obj
                0x10004160                stdio_putchar
                0x10004160                __wrap_putchar
 .text.__wrap_puts
                0x100041f8       0x3c CMakeFiles/picow_blink_slow_clock.dir/Users/jiawei/.pico-sdk/sdk/2.0.0/src/rp2_common/pico_stdio/stdio.c.obj
                0x100041f8                __wrap_puts
                0x100041f8                stdio_puts
 .text.__wrap_vprintf
                0x10004234       0xd4 CMakeFiles/picow_blink_slow_clock.dir/Users/jiawei/.pico-sdk/sdk/2.0.0/src/rp2_common/pico_stdio/stdio.c.obj
                0x10004234                __wrap_vprintf
                0x10004234                stdio_vprintf
 .text.__wrap_printf
                0x10004308       0x18 CMakeFiles/picow_blink_slow_clock.dir/Users/jiawei/.pico-sdk/sdk/2.0.0/src/rp2_common/pico_stdio/stdio.c.obj
                0x10004308                stdio_printf
                0x10004308                __wrap_printf
 .text.stdio_uart_out_chars
                0x10004320       0x4c CMakeFiles/picow_blink_slow_clock.dir/Users/jiawei/.pico-sdk/sdk/2.0.0/src/rp2_common/pico_stdio_uart/stdio_uart.c.obj
 .text.stdio_uart_in_chars
                0x1000436c       0x90 CMakeFiles/picow_blink_slow_clock.dir/Users/jiawei/.pico-sdk/sdk/2.0.0/src/rp2_common/pico_stdio_uart/stdio_uart.c.obj
                0x1000436c                stdio_uart_in_chars
 .text.on_uart_rx
                0x100043fc       0x28 CMakeFiles/picow_blink_slow_clock.dir/Users/jiawei/.pico-sdk/sdk/2.0.0/src/rp2_common/pico_stdio_uart/stdio_uart.c.obj
 .text.stdio_uart_out_flush
                0x10004424       0x10 CMakeFiles/picow_blink_slow_clock.dir/Users/jiawei/.pico-sdk/sdk/2.0.0/src/rp2_common/pico_stdio_uart/stdio_uart.c.obj
 .text.stdio_uart_set_chars_available_callback
                0x10004434       0x8c CMakeFiles/picow_blink_slow_clock.dir/Users/jiawei/.pico-sdk/sdk/2.0.0/src/rp2_common/pico_stdio_uart/stdio_uart.c.obj
 .text.stdio_uart_init
                0x100044c0       0x50 CMakeFiles/picow_blink_slow_clock.dir/Users/jiawei/.pico-sdk/sdk/2.0.0/src/rp2_common/pico_stdio_uart/stdio_uart.c.obj
                0x100044c0                stdio_uart_init
 .text.cyw43_arch_set_async_context
                0x10004510        0xc CMakeFiles/picow_blink_slow_clock.dir/Users/jiawei/.pico-sdk/sdk/2.0.0/src/rp2_common/pico_cyw43_arch/cyw43_arch.c.obj
                0x10004510                cyw43_arch_set_async_context
 .text.cyw43_arch_gpio_put
                0x1000451c       0x14 CMakeFiles/picow_blink_slow_clock.dir/Users/jiawei/.pico-sdk/sdk/2.0.0/src/rp2_common/pico_cyw43_arch/cyw43_arch.c.obj
                0x1000451c                cyw43_arch_gpio_put
 .text.cyw43_arch_async_context
                0x10004530        0xc CMakeFiles/picow_blink_slow_clock.dir/Users/jiawei/.pico-sdk/sdk/2.0.0/src/rp2_common/pico_cyw43_arch/cyw43_arch.c.obj
                0x10004530                cyw43_arch_async_context
 .text.cyw43_arch_init
                0x1000453c       0x64 CMakeFiles/picow_blink_slow_clock.dir/Users/jiawei/.pico-sdk/sdk/2.0.0/src/rp2_common/pico_cyw43_arch/cyw43_arch_threadsafe_background.c.obj
                0x1000453c                cyw43_arch_init
 .text.startup._retrieve_unique_id_on_boot
                0x100045a0       0x10 CMakeFiles/picow_blink_slow_clock.dir/Users/jiawei/.pico-sdk/sdk/2.0.0/src/rp2_common/pico_unique_id/unique_id.c.obj
 .text.pico_get_unique_board_id
                0x100045b0       0x10 CMakeFiles/picow_blink_slow_clock.dir/Users/jiawei/.pico-sdk/sdk/2.0.0/src/rp2_common/pico_unique_id/unique_id.c.obj
                0x100045b0                pico_get_unique_board_id
 .text.flash_get_unique_id
                0x100045c0       0x3c CMakeFiles/picow_blink_slow_clock.dir/Users/jiawei/.pico-sdk/sdk/2.0.0/src/rp2_common/hardware_flash/flash.c.obj
                0x100045c0                flash_get_unique_id
 .text.ns_delay.constprop.0
                0x100045fc       0x20 CMakeFiles/picow_blink_slow_clock.dir/Users/jiawei/.pico-sdk/sdk/2.0.0/src/rp2_common/pico_cyw43_driver/cyw43_bus_pio_spi.c.obj
 .text.cyw43_set_pio_clock_divisor
                0x1000461c       0x14 CMakeFiles/picow_blink_slow_clock.dir/Users/jiawei/.pico-sdk/sdk/2.0.0/src/rp2_common/pico_cyw43_driver/cyw43_bus_pio_spi.c.obj
                0x1000461c                cyw43_set_pio_clock_divisor
 .text.cyw43_spi_deinit
                0x10004630       0x7c CMakeFiles/picow_blink_slow_clock.dir/Users/jiawei/.pico-sdk/sdk/2.0.0/src/rp2_common/pico_cyw43_driver/cyw43_bus_pio_spi.c.obj
                0x10004630                cyw43_spi_deinit
 .text.cyw43_spi_init
                0x100046ac      0x150 CMakeFiles/picow_blink_slow_clock.dir/Users/jiawei/.pico-sdk/sdk/2.0.0/src/rp2_common/pico_cyw43_driver/cyw43_bus_pio_spi.c.obj
                0x100046ac                cyw43_spi_init
 .text.cyw43_spi_transfer
                0x100047fc      0x3f0 CMakeFiles/picow_blink_slow_clock.dir/Users/jiawei/.pico-sdk/sdk/2.0.0/src/rp2_common/pico_cyw43_driver/cyw43_bus_pio_spi.c.obj
                0x100047fc                cyw43_spi_transfer
 .text.cyw43_spi_gpio_setup
                0x10004bec       0x3c CMakeFiles/picow_blink_slow_clock.dir/Users/jiawei/.pico-sdk/sdk/2.0.0/src/rp2_common/pico_cyw43_driver/cyw43_bus_pio_spi.c.obj
                0x10004bec                cyw43_spi_gpio_setup
 .text.cyw43_spi_reset
                0x10004c28       0x28 CMakeFiles/picow_blink_slow_clock.dir/Users/jiawei/.pico-sdk/sdk/2.0.0/src/rp2_common/pico_cyw43_driver/cyw43_bus_pio_spi.c.obj
                0x10004c28                cyw43_spi_reset
 .text.read_reg_u32_swap
                0x10004c50       0x3c CMakeFiles/picow_blink_slow_clock.dir/Users/jiawei/.pico-sdk/sdk/2.0.0/src/rp2_common/pico_cyw43_driver/cyw43_bus_pio_spi.c.obj
                0x10004c50                read_reg_u32_swap
 .text.cyw43_read_reg_u32
                0x10004c8c       0x50 CMakeFiles/picow_blink_slow_clock.dir/Users/jiawei/.pico-sdk/sdk/2.0.0/src/rp2_common/pico_cyw43_driver/cyw43_bus_pio_spi.c.obj
                0x10004c8c                cyw43_read_reg_u32
 .text.cyw43_read_reg_u16
                0x10004cdc       0x50 CMakeFiles/picow_blink_slow_clock.dir/Users/jiawei/.pico-sdk/sdk/2.0.0/src/rp2_common/pico_cyw43_driver/cyw43_bus_pio_spi.c.obj
                0x10004cdc                cyw43_read_reg_u16
 .text.cyw43_read_reg_u8
                0x10004d2c       0x50 CMakeFiles/picow_blink_slow_clock.dir/Users/jiawei/.pico-sdk/sdk/2.0.0/src/rp2_common/pico_cyw43_driver/cyw43_bus_pio_spi.c.obj
                0x10004d2c                cyw43_read_reg_u8
 .text.write_reg_u32_swap
                0x10004d7c      0x1e8 CMakeFiles/picow_blink_slow_clock.dir/Users/jiawei/.pico-sdk/sdk/2.0.0/src/rp2_common/pico_cyw43_driver/cyw43_bus_pio_spi.c.obj
                0x10004d7c                write_reg_u32_swap
 .text.cyw43_write_reg_u32
                0x10004f64      0x208 CMakeFiles/picow_blink_slow_clock.dir/Users/jiawei/.pico-sdk/sdk/2.0.0/src/rp2_common/pico_cyw43_driver/cyw43_bus_pio_spi.c.obj
                0x10004f64                cyw43_write_reg_u32
 .text.cyw43_write_reg_u16
                0x1000516c      0x208 CMakeFiles/picow_blink_slow_clock.dir/Users/jiawei/.pico-sdk/sdk/2.0.0/src/rp2_common/pico_cyw43_driver/cyw43_bus_pio_spi.c.obj
                0x1000516c                cyw43_write_reg_u16
 .text.cyw43_write_reg_u8
                0x10005374      0x208 CMakeFiles/picow_blink_slow_clock.dir/Users/jiawei/.pico-sdk/sdk/2.0.0/src/rp2_common/pico_cyw43_driver/cyw43_bus_pio_spi.c.obj
                0x10005374                cyw43_write_reg_u8
 .text.cyw43_read_bytes
                0x1000557c       0x78 CMakeFiles/picow_blink_slow_clock.dir/Users/jiawei/.pico-sdk/sdk/2.0.0/src/rp2_common/pico_cyw43_driver/cyw43_bus_pio_spi.c.obj
                0x1000557c                cyw43_read_bytes
 .text.cyw43_write_bytes
                0x100055f4       0xc0 CMakeFiles/picow_blink_slow_clock.dir/Users/jiawei/.pico-sdk/sdk/2.0.0/src/rp2_common/pico_cyw43_driver/cyw43_bus_pio_spi.c.obj
                0x100055f4                cyw43_write_bytes
 .text.cyw43_set_backplane_window
                0x100056b4       0x68 CMakeFiles/picow_blink_slow_clock.dir/Users/jiawei/.pico-sdk/sdk/2.0.0/lib/cyw43-driver/src/cyw43_ll.c.obj
 .text.cyw43_ll_parse_async_event
                0x1000571c      0x134 CMakeFiles/picow_blink_slow_clock.dir/Users/jiawei/.pico-sdk/sdk/2.0.0/lib/cyw43-driver/src/cyw43_ll.c.obj
 .text.cyw43_kso_set
                0x10005850       0x80 CMakeFiles/picow_blink_slow_clock.dir/Users/jiawei/.pico-sdk/sdk/2.0.0/lib/cyw43-driver/src/cyw43_ll.c.obj
 .text.cyw43_ll_sdpcm_poll_device
                0x100058d0      0x238 CMakeFiles/picow_blink_slow_clock.dir/Users/jiawei/.pico-sdk/sdk/2.0.0/lib/cyw43-driver/src/cyw43_ll.c.obj
 .text.cyw43_sdpcm_send_common
                0x10005b08       0xfc CMakeFiles/picow_blink_slow_clock.dir/Users/jiawei/.pico-sdk/sdk/2.0.0/lib/cyw43-driver/src/cyw43_ll.c.obj
 .text.cyw43_do_ioctl.part.0
                0x10005c04       0xc4 CMakeFiles/picow_blink_slow_clock.dir/Users/jiawei/.pico-sdk/sdk/2.0.0/lib/cyw43-driver/src/cyw43_ll.c.obj
 .text.cyw43_download_resource
                0x10005cc8       0xd0 CMakeFiles/picow_blink_slow_clock.dir/Users/jiawei/.pico-sdk/sdk/2.0.0/lib/cyw43-driver/src/cyw43_ll.c.obj
 .text.cyw43_write_iovar_u32.constprop.0
                0x10005d98       0x98 CMakeFiles/picow_blink_slow_clock.dir/Users/jiawei/.pico-sdk/sdk/2.0.0/lib/cyw43-driver/src/cyw43_ll.c.obj
 .text.cyw43_write_iovar_n
                0x10005e30       0x8c CMakeFiles/picow_blink_slow_clock.dir/Users/jiawei/.pico-sdk/sdk/2.0.0/lib/cyw43-driver/src/cyw43_ll.c.obj
 .text.cyw43_read_backplane.constprop.0
                0x10005ebc       0xe4 CMakeFiles/picow_blink_slow_clock.dir/Users/jiawei/.pico-sdk/sdk/2.0.0/lib/cyw43-driver/src/cyw43_ll.c.obj
 .text.cyw43_write_backplane
                0x10005fa0      0x10c CMakeFiles/picow_blink_slow_clock.dir/Users/jiawei/.pico-sdk/sdk/2.0.0/lib/cyw43-driver/src/cyw43_ll.c.obj
 .text.reset_device_core.constprop.0
                0x100060ac      0x410 CMakeFiles/picow_blink_slow_clock.dir/Users/jiawei/.pico-sdk/sdk/2.0.0/lib/cyw43-driver/src/cyw43_ll.c.obj
 .text.cyw43_ll_init
                0x100064bc       0x1c CMakeFiles/picow_blink_slow_clock.dir/Users/jiawei/.pico-sdk/sdk/2.0.0/lib/cyw43-driver/src/cyw43_ll.c.obj
                0x100064bc                cyw43_ll_init
 .text.cyw43_ll_deinit
                0x100064d8        0x8 CMakeFiles/picow_blink_slow_clock.dir/Users/jiawei/.pico-sdk/sdk/2.0.0/lib/cyw43-driver/src/cyw43_ll.c.obj
                0x100064d8                cyw43_ll_deinit
 .text.cyw43_ll_process_packets
                0x100064e0       0x54 CMakeFiles/picow_blink_slow_clock.dir/Users/jiawei/.pico-sdk/sdk/2.0.0/lib/cyw43-driver/src/cyw43_ll.c.obj
                0x100064e0                cyw43_ll_process_packets
 .text.cyw43_ll_ioctl
                0x10006534       0x80 CMakeFiles/picow_blink_slow_clock.dir/Users/jiawei/.pico-sdk/sdk/2.0.0/lib/cyw43-driver/src/cyw43_ll.c.obj
                0x10006534                cyw43_ll_ioctl
 .text.cyw43_ll_bus_sleep
                0x100065b4       0x34 CMakeFiles/picow_blink_slow_clock.dir/Users/jiawei/.pico-sdk/sdk/2.0.0/lib/cyw43-driver/src/cyw43_ll.c.obj
                0x100065b4                cyw43_ll_bus_sleep
 .text.cyw43_ll_wifi_get_mac
                0x100065e8       0x74 CMakeFiles/picow_blink_slow_clock.dir/Users/jiawei/.pico-sdk/sdk/2.0.0/lib/cyw43-driver/src/cyw43_ll.c.obj
                0x100065e8                cyw43_ll_wifi_get_mac
 .text.cyw43_ll_bus_init
                0x1000665c      0x920 CMakeFiles/picow_blink_slow_clock.dir/Users/jiawei/.pico-sdk/sdk/2.0.0/lib/cyw43-driver/src/cyw43_ll.c.obj
                0x1000665c                cyw43_ll_bus_init
 .text.cyw43_ll_wifi_set_wpa_auth
                0x10006f7c       0x4c CMakeFiles/picow_blink_slow_clock.dir/Users/jiawei/.pico-sdk/sdk/2.0.0/lib/cyw43-driver/src/cyw43_ll.c.obj
                0x10006f7c                cyw43_ll_wifi_set_wpa_auth
 .text.cyw43_ll_wifi_rejoin
                0x10006fc8       0x58 CMakeFiles/picow_blink_slow_clock.dir/Users/jiawei/.pico-sdk/sdk/2.0.0/lib/cyw43-driver/src/cyw43_ll.c.obj
                0x10006fc8                cyw43_ll_wifi_rejoin
 .text.cyw43_ll_gpio_set
                0x10007020       0x94 CMakeFiles/picow_blink_slow_clock.dir/Users/jiawei/.pico-sdk/sdk/2.0.0/lib/cyw43-driver/src/cyw43_ll.c.obj
                0x10007020                cyw43_ll_gpio_set
 .text.cyw43_ll_has_work
                0x100070b4       0x14 CMakeFiles/picow_blink_slow_clock.dir/Users/jiawei/.pico-sdk/sdk/2.0.0/lib/cyw43-driver/src/cyw43_ll.c.obj
                0x100070b4                cyw43_ll_has_work
 .text.cyw43_poll_func
                0x100070c8       0xc0 CMakeFiles/picow_blink_slow_clock.dir/Users/jiawei/.pico-sdk/sdk/2.0.0/lib/cyw43-driver/src/cyw43_ctrl.c.obj
 .text.cyw43_init
                0x10007188       0x6c CMakeFiles/picow_blink_slow_clock.dir/Users/jiawei/.pico-sdk/sdk/2.0.0/lib/cyw43-driver/src/cyw43_ctrl.c.obj
                0x10007188                cyw43_init
 .text.cyw43_deinit
                0x100071f4       0x90 CMakeFiles/picow_blink_slow_clock.dir/Users/jiawei/.pico-sdk/sdk/2.0.0/lib/cyw43-driver/src/cyw43_ctrl.c.obj
                0x100071f4                cyw43_deinit
 .text.cyw43_cb_read_host_interrupt_pin
                0x10007284        0xc CMakeFiles/picow_blink_slow_clock.dir/Users/jiawei/.pico-sdk/sdk/2.0.0/lib/cyw43-driver/src/cyw43_ctrl.c.obj
                0x10007284                cyw43_cb_read_host_interrupt_pin
 .text.cyw43_cb_ensure_awake
                0x10007290        0xc CMakeFiles/picow_blink_slow_clock.dir/Users/jiawei/.pico-sdk/sdk/2.0.0/lib/cyw43-driver/src/cyw43_ctrl.c.obj
                0x10007290                cyw43_cb_ensure_awake
 .text.cyw43_cb_process_async_event
                0x1000729c      0x214 CMakeFiles/picow_blink_slow_clock.dir/Users/jiawei/.pico-sdk/sdk/2.0.0/lib/cyw43-driver/src/cyw43_ctrl.c.obj
                0x1000729c                cyw43_cb_process_async_event
 .text.cyw43_gpio_set
                0x100074b0       0xa0 CMakeFiles/picow_blink_slow_clock.dir/Users/jiawei/.pico-sdk/sdk/2.0.0/lib/cyw43-driver/src/cyw43_ctrl.c.obj
                0x100074b0                cyw43_gpio_set
 .text.pio_sm_unclaim
                0x10007550       0x20 CMakeFiles/picow_blink_slow_clock.dir/Users/jiawei/.pico-sdk/sdk/2.0.0/src/rp2_common/hardware_pio/pio.c.obj
                0x10007550                pio_sm_unclaim
 .text.pio_claim_unused_sm
                0x10007570       0x38 CMakeFiles/picow_blink_slow_clock.dir/Users/jiawei/.pico-sdk/sdk/2.0.0/src/rp2_common/hardware_pio/pio.c.obj
                0x10007570                pio_claim_unused_sm
 .text.pio_can_add_program
                0x100075a8       0x90 CMakeFiles/picow_blink_slow_clock.dir/Users/jiawei/.pico-sdk/sdk/2.0.0/src/rp2_common/hardware_pio/pio.c.obj
                0x100075a8                pio_can_add_program
 .text.pio_add_program
                0x10007638      0x104 CMakeFiles/picow_blink_slow_clock.dir/Users/jiawei/.pico-sdk/sdk/2.0.0/src/rp2_common/hardware_pio/pio.c.obj
                0x10007638                pio_add_program
 .text.pio_remove_program
                0x1000773c       0x30 CMakeFiles/picow_blink_slow_clock.dir/Users/jiawei/.pico-sdk/sdk/2.0.0/src/rp2_common/hardware_pio/pio.c.obj
                0x1000773c                pio_remove_program
 .text.pio_sm_set_pindirs_with_mask
                0x1000776c       0xac CMakeFiles/picow_blink_slow_clock.dir/Users/jiawei/.pico-sdk/sdk/2.0.0/src/rp2_common/hardware_pio/pio.c.obj
                0x1000776c                pio_sm_set_pindirs_with_mask
 .text.pio_sm_set_consecutive_pindirs
                0x10007818       0xb4 CMakeFiles/picow_blink_slow_clock.dir/Users/jiawei/.pico-sdk/sdk/2.0.0/src/rp2_common/hardware_pio/pio.c.obj
                0x10007818                pio_sm_set_consecutive_pindirs
 .text.dma_channel_unclaim
                0x100078cc       0x14 CMakeFiles/picow_blink_slow_clock.dir/Users/jiawei/.pico-sdk/sdk/2.0.0/src/rp2_common/hardware_dma/dma.c.obj
                0x100078cc                dma_channel_unclaim
 .text.dma_claim_unused_channel
                0x100078e0       0x24 CMakeFiles/picow_blink_slow_clock.dir/Users/jiawei/.pico-sdk/sdk/2.0.0/src/rp2_common/hardware_dma/dma.c.obj
                0x100078e0                dma_claim_unused_channel
 .text.dma_channel_cleanup
                0x10007904       0x64 CMakeFiles/picow_blink_slow_clock.dir/Users/jiawei/.pico-sdk/sdk/2.0.0/src/rp2_common/hardware_dma/dma.c.obj
                0x10007904                dma_channel_cleanup
 .text.cyw43_sleep_timeout_reached
                0x10007968       0x10 CMakeFiles/picow_blink_slow_clock.dir/Users/jiawei/.pico-sdk/sdk/2.0.0/src/rp2_common/pico_cyw43_driver/cyw43_driver.c.obj
 .text.cyw43_irq_init
                0x10007978       0x28 CMakeFiles/picow_blink_slow_clock.dir/Users/jiawei/.pico-sdk/sdk/2.0.0/src/rp2_common/pico_cyw43_driver/cyw43_driver.c.obj
                0x10007978                cyw43_irq_init
 .text.cyw43_irq_deinit
                0x100079a0       0x20 CMakeFiles/picow_blink_slow_clock.dir/Users/jiawei/.pico-sdk/sdk/2.0.0/src/rp2_common/pico_cyw43_driver/cyw43_driver.c.obj
                0x100079a0                cyw43_irq_deinit
 .text.cyw43_gpio_irq_handler
                0x100079c0       0x44 CMakeFiles/picow_blink_slow_clock.dir/Users/jiawei/.pico-sdk/sdk/2.0.0/src/rp2_common/pico_cyw43_driver/cyw43_driver.c.obj
 .text.cyw43_do_poll
                0x10007a04       0x70 CMakeFiles/picow_blink_slow_clock.dir/Users/jiawei/.pico-sdk/sdk/2.0.0/src/rp2_common/pico_cyw43_driver/cyw43_driver.c.obj
 .text.cyw43_post_poll_hook
                0x10007a74       0x10 CMakeFiles/picow_blink_slow_clock.dir/Users/jiawei/.pico-sdk/sdk/2.0.0/src/rp2_common/pico_cyw43_driver/cyw43_driver.c.obj
                0x10007a74                cyw43_post_poll_hook
 .text.cyw43_schedule_internal_poll_dispatch
                0x10007a84       0x18 CMakeFiles/picow_blink_slow_clock.dir/Users/jiawei/.pico-sdk/sdk/2.0.0/src/rp2_common/pico_cyw43_driver/cyw43_driver.c.obj
                0x10007a84                cyw43_schedule_internal_poll_dispatch
 .text.cyw43_driver_init
                0x10007a9c       0x38 CMakeFiles/picow_blink_slow_clock.dir/Users/jiawei/.pico-sdk/sdk/2.0.0/src/rp2_common/pico_cyw43_driver/cyw43_driver.c.obj
                0x10007a9c                cyw43_driver_init
 .text.cyw43_driver_deinit
                0x10007ad4       0x44 CMakeFiles/picow_blink_slow_clock.dir/Users/jiawei/.pico-sdk/sdk/2.0.0/src/rp2_common/pico_cyw43_driver/cyw43_driver.c.obj
                0x10007ad4                cyw43_driver_deinit
 .text.cyw43_hal_generate_laa_mac
                0x10007b18       0x28 CMakeFiles/picow_blink_slow_clock.dir/Users/jiawei/.pico-sdk/sdk/2.0.0/src/rp2_common/pico_cyw43_driver/cyw43_driver.c.obj
                0x10007b18                cyw43_hal_generate_laa_mac
 .text.cyw43_thread_enter
                0x10007b40       0x14 CMakeFiles/picow_blink_slow_clock.dir/Users/jiawei/.pico-sdk/sdk/2.0.0/src/rp2_common/pico_cyw43_driver/cyw43_driver.c.obj
                0x10007b40                cyw43_thread_enter
 .text.cyw43_thread_exit
                0x10007b54       0x14 CMakeFiles/picow_blink_slow_clock.dir/Users/jiawei/.pico-sdk/sdk/2.0.0/src/rp2_common/pico_cyw43_driver/cyw43_driver.c.obj
                0x10007b54                cyw43_thread_exit
 .text.cyw43_await_background_or_timeout_us
                0x10007b68       0x64 CMakeFiles/picow_blink_slow_clock.dir/Users/jiawei/.pico-sdk/sdk/2.0.0/src/rp2_common/pico_cyw43_driver/cyw43_driver.c.obj
                0x10007b68                cyw43_await_background_or_timeout_us
 .text.cyw43_delay_ms
                0x10007bcc       0x48 CMakeFiles/picow_blink_slow_clock.dir/Users/jiawei/.pico-sdk/sdk/2.0.0/src/rp2_common/pico_cyw43_driver/cyw43_driver.c.obj
                0x10007bcc                cyw43_delay_ms
 .text.cyw43_cb_tcpip_deinit
                0x10007c14        0x4 CMakeFiles/picow_blink_slow_clock.dir/Users/jiawei/.pico-sdk/sdk/2.0.0/src/rp2_common/pico_cyw43_driver/cyw43_driver.c.obj
                0x10007c14                cyw43_cb_tcpip_deinit
 .text.cyw43_cb_tcpip_set_link_up
                0x10007c18        0xc CMakeFiles/picow_blink_slow_clock.dir/Users/jiawei/.pico-sdk/sdk/2.0.0/src/rp2_common/pico_cyw43_driver/cyw43_driver.c.obj
                0x10007c18                cyw43_cb_tcpip_set_link_up
 .text.cyw43_cb_tcpip_set_link_down
                0x10007c24        0xc CMakeFiles/picow_blink_slow_clock.dir/Users/jiawei/.pico-sdk/sdk/2.0.0/src/rp2_common/pico_cyw43_driver/cyw43_driver.c.obj
                0x10007c24                cyw43_cb_tcpip_set_link_down
 .text.cyw43_cb_process_ethernet
                0x10007c30        0xc CMakeFiles/picow_blink_slow_clock.dir/Users/jiawei/.pico-sdk/sdk/2.0.0/src/rp2_common/pico_cyw43_driver/cyw43_driver.c.obj
                0x10007c30                cyw43_cb_process_ethernet
 .text.async_context_threadsafe_background_acquire_lock_blocking
                0x10007c3c        0xc CMakeFiles/picow_blink_slow_clock.dir/Users/jiawei/.pico-sdk/sdk/2.0.0/src/rp2_common/pico_async_context/async_context_threadsafe_background.c.obj
 .text.alarm_handler
                0x10007c48       0x20 CMakeFiles/picow_blink_slow_clock.dir/Users/jiawei/.pico-sdk/sdk/2.0.0/src/rp2_common/pico_async_context/async_context_threadsafe_background.c.obj
 .text.async_context_threadsafe_background_set_work_pending
                0x10007c68       0x1c CMakeFiles/picow_blink_slow_clock.dir/Users/jiawei/.pico-sdk/sdk/2.0.0/src/rp2_common/pico_async_context/async_context_threadsafe_background.c.obj
 .text.process_under_lock
                0x10007c84       0xcc CMakeFiles/picow_blink_slow_clock.dir/Users/jiawei/.pico-sdk/sdk/2.0.0/src/rp2_common/pico_async_context/async_context_threadsafe_background.c.obj
 .text.async_context_threadsafe_background_execute_sync
                0x10007d50       0x30 CMakeFiles/picow_blink_slow_clock.dir/Users/jiawei/.pico-sdk/sdk/2.0.0/src/rp2_common/pico_async_context/async_context_threadsafe_background.c.obj
                0x10007d50                async_context_threadsafe_background_execute_sync
 .text.async_context_threadsafe_background_deinit
                0x10007d80       0x54 CMakeFiles/picow_blink_slow_clock.dir/Users/jiawei/.pico-sdk/sdk/2.0.0/src/rp2_common/pico_async_context/async_context_threadsafe_background.c.obj
 .text.low_priority_irq_handler
                0x10007dd4       0x3c CMakeFiles/picow_blink_slow_clock.dir/Users/jiawei/.pico-sdk/sdk/2.0.0/src/rp2_common/pico_async_context/async_context_threadsafe_background.c.obj
 .text.async_context_threadsafe_background_wait_for_work_until
                0x10007e10        0xc CMakeFiles/picow_blink_slow_clock.dir/Users/jiawei/.pico-sdk/sdk/2.0.0/src/rp2_common/pico_async_context/async_context_threadsafe_background.c.obj
 .text.async_context_threadsafe_background_wait_until
                0x10007e1c       0x1c CMakeFiles/picow_blink_slow_clock.dir/Users/jiawei/.pico-sdk/sdk/2.0.0/src/rp2_common/pico_async_context/async_context_threadsafe_background.c.obj
 .text.async_context_threadsafe_background_lock_check
                0x10007e38       0x28 CMakeFiles/picow_blink_slow_clock.dir/Users/jiawei/.pico-sdk/sdk/2.0.0/src/rp2_common/pico_async_context/async_context_threadsafe_background.c.obj
 .text.async_context_threadsafe_background_release_lock
                0x10007e60       0x1c CMakeFiles/picow_blink_slow_clock.dir/Users/jiawei/.pico-sdk/sdk/2.0.0/src/rp2_common/pico_async_context/async_context_threadsafe_background.c.obj
 .text.async_context_threadsafe_background_add_at_time_worker
                0x10007e7c       0x34 CMakeFiles/picow_blink_slow_clock.dir/Users/jiawei/.pico-sdk/sdk/2.0.0/src/rp2_common/pico_async_context/async_context_threadsafe_background.c.obj
 .text.async_context_threadsafe_background_remove_at_time_worker
                0x10007eb0       0x34 CMakeFiles/picow_blink_slow_clock.dir/Users/jiawei/.pico-sdk/sdk/2.0.0/src/rp2_common/pico_async_context/async_context_threadsafe_background.c.obj
 .text.async_context_threadsafe_background_add_when_pending_worker
                0x10007ee4       0x34 CMakeFiles/picow_blink_slow_clock.dir/Users/jiawei/.pico-sdk/sdk/2.0.0/src/rp2_common/pico_async_context/async_context_threadsafe_background.c.obj
 .text.async_context_threadsafe_background_when_pending_worker
                0x10007f18       0x34 CMakeFiles/picow_blink_slow_clock.dir/Users/jiawei/.pico-sdk/sdk/2.0.0/src/rp2_common/pico_async_context/async_context_threadsafe_background.c.obj
 .text.async_context_threadsafe_background_default_config
                0x10007f4c        0xc CMakeFiles/picow_blink_slow_clock.dir/Users/jiawei/.pico-sdk/sdk/2.0.0/src/rp2_common/pico_async_context/async_context_threadsafe_background.c.obj
                0x10007f4c                async_context_threadsafe_background_default_config
 .text.async_context_threadsafe_background_init
                0x10007f58       0x8c CMakeFiles/picow_blink_slow_clock.dir/Users/jiawei/.pico-sdk/sdk/2.0.0/src/rp2_common/pico_async_context/async_context_threadsafe_background.c.obj
                0x10007f58                async_context_threadsafe_background_init
 .text.async_context_base_add_at_time_worker
                0x10007fe4       0x24 CMakeFiles/picow_blink_slow_clock.dir/Users/jiawei/.pico-sdk/sdk/2.0.0/src/rp2_common/pico_async_context/async_context_base.c.obj
                0x10007fe4                async_context_base_add_at_time_worker
 .text.async_context_base_remove_at_time_worker
                0x10008008       0x28 CMakeFiles/picow_blink_slow_clock.dir/Users/jiawei/.pico-sdk/sdk/2.0.0/src/rp2_common/pico_async_context/async_context_base.c.obj
                0x10008008                async_context_base_remove_at_time_worker
 .text.async_context_base_add_when_pending_worker
                0x10008030       0x24 CMakeFiles/picow_blink_slow_clock.dir/Users/jiawei/.pico-sdk/sdk/2.0.0/src/rp2_common/pico_async_context/async_context_base.c.obj
                0x10008030                async_context_base_add_when_pending_worker
 .text.async_context_base_remove_when_pending_worker
                0x10008054       0x28 CMakeFiles/picow_blink_slow_clock.dir/Users/jiawei/.pico-sdk/sdk/2.0.0/src/rp2_common/pico_async_context/async_context_base.c.obj
                0x10008054                async_context_base_remove_when_pending_worker
 .text.async_context_base_execute_once
                0x1000807c      0x108 CMakeFiles/picow_blink_slow_clock.dir/Users/jiawei/.pico-sdk/sdk/2.0.0/src/rp2_common/pico_async_context/async_context_base.c.obj
                0x1000807c                async_context_base_execute_once
 .text.memmove  0x10008184       0xb0 /Users/jiawei/.pico-sdk/toolchain/13_2_Rel1/bin/../lib/gcc/arm-none-eabi/13.2.1/../../../../arm-none-eabi/lib/thumb/v6-m/nofp/libg.a(libc_a-memmove.o)
                0x10008184                memmove
 .text.strncmp  0x10008234       0x74 /Users/jiawei/.pico-sdk/toolchain/13_2_Rel1/bin/../lib/gcc/arm-none-eabi/13.2.1/../../../../arm-none-eabi/lib/thumb/v6-m/nofp/libg.a(libc_a-strncmp.o)
                0x10008234                strncmp
 .text.strlen   0x100082a8       0x5c /Users/jiawei/.pico-sdk/toolchain/13_2_Rel1/bin/../lib/gcc/arm-none-eabi/13.2.1/../../../../arm-none-eabi/lib/thumb/v6-m/nofp/libg.a(libc_a-strlen-stub.o)
                0x100082a8                strlen
 *(.fini)
 .fini          0x10008304        0x4 /Users/jiawei/.pico-sdk/toolchain/13_2_Rel1/bin/../lib/gcc/arm-none-eabi/13.2.1/thumb/v6-m/nofp/crti.o
                0x10008304                _fini
 .fini.__stub   0x10008308       0xa0 linker stubs
 *crtbegin.o(.ctors)
 *crtbegin?.o(.ctors)
 *(EXCLUDE_FILE(*crtend.o *crtend?.o) .ctors)
 *(SORT_BY_NAME(.ctors.*))
 *(.ctors)
 *crtbegin.o(.dtors)
 *crtbegin?.o(.dtors)
 *(EXCLUDE_FILE(*crtend.o *crtend?.o) .dtors)
 *(SORT_BY_NAME(.dtors.*))
 *(.dtors)
                0x100083a8                        . = ALIGN (0x4)
                0x100083a8                        PROVIDE (__preinit_array_start = .)
 *(SORT_BY_NAME(.preinit_array.*))
 .preinit_array.00100
                0x100083a8        0x4 CMakeFiles/picow_blink_slow_clock.dir/Users/jiawei/.pico-sdk/sdk/2.0.0/src/rp2_common/pico_runtime_init/runtime_init.c.obj
                0x100083a8                __pre_init_runtime_init_early_resets
 .preinit_array.00101
                0x100083ac        0x4 CMakeFiles/picow_blink_slow_clock.dir/Users/jiawei/.pico-sdk/sdk/2.0.0/src/rp2_common/pico_runtime_init/runtime_init.c.obj
                0x100083ac                __pre_init_runtime_init_usb_power_down
 .preinit_array.00275
                0x100083b0        0x4 CMakeFiles/picow_blink_slow_clock.dir/Users/jiawei/.pico-sdk/sdk/2.0.0/src/rp2_common/pico_bit_ops/bit_ops_aeabi.S.obj
 .preinit_array.00300
                0x100083b4        0x4 CMakeFiles/picow_blink_slow_clock.dir/Users/jiawei/.pico-sdk/sdk/2.0.0/src/rp2_common/pico_mem_ops/mem_ops_aeabi.S.obj
 .preinit_array.00350
                0x100083b8        0x4 CMakeFiles/picow_blink_slow_clock.dir/Users/jiawei/.pico-sdk/sdk/2.0.0/src/rp2_common/pico_double/double_aeabi_rp2040.S.obj
 .preinit_array.00350
                0x100083bc        0x4 CMakeFiles/picow_blink_slow_clock.dir/Users/jiawei/.pico-sdk/sdk/2.0.0/src/rp2_common/pico_float/float_aeabi_rp2040.S.obj
 .preinit_array.00500
                0x100083c0        0x4 CMakeFiles/picow_blink_slow_clock.dir/Users/jiawei/.pico-sdk/sdk/2.0.0/src/rp2_common/pico_runtime_init/runtime_init.c.obj
                0x100083c0                __pre_init_runtime_init_clocks
 .preinit_array.00600
                0x100083c4        0x4 CMakeFiles/picow_blink_slow_clock.dir/Users/jiawei/.pico-sdk/sdk/2.0.0/src/rp2_common/pico_runtime_init/runtime_init.c.obj
                0x100083c4                __pre_init_runtime_init_post_clock_resets
 .preinit_array.00700
                0x100083c8        0x4 CMakeFiles/picow_blink_slow_clock.dir/Users/jiawei/.pico-sdk/sdk/2.0.0/src/rp2_common/pico_runtime_init/runtime_init.c.obj
                0x100083c8                __pre_init_runtime_init_rp2040_gpio_ie_disable
 .preinit_array.01000
                0x100083cc        0x4 CMakeFiles/picow_blink_slow_clock.dir/Users/jiawei/.pico-sdk/sdk/2.0.0/src/rp2_common/pico_runtime_init/runtime_init.c.obj
                0x100083cc                __pre_init_runtime_init_spin_locks_reset
 .preinit_array.01100
                0x100083d0        0x4 CMakeFiles/picow_blink_slow_clock.dir/Users/jiawei/.pico-sdk/sdk/2.0.0/src/common/pico_sync/mutex.c.obj
                0x100083d0                __pre_init_runtime_init_mutex
 .preinit_array.10080
                0x100083d4        0x4 CMakeFiles/picow_blink_slow_clock.dir/Users/jiawei/.pico-sdk/sdk/2.0.0/src/rp2_common/pico_runtime_init/runtime_init.c.obj
                0x100083d4                __pre_init_runtime_init_install_ram_vector_table
 .preinit_array.11000
                0x100083d8        0x4 CMakeFiles/picow_blink_slow_clock.dir/Users/jiawei/.pico-sdk/sdk/2.0.0/src/common/pico_time/time.c.obj
                0x100083d8                __pre_init_runtime_init_default_alarm_pool
 .preinit_array.YYYYY
                0x100083dc        0x4 CMakeFiles/picow_blink_slow_clock.dir/Users/jiawei/.pico-sdk/sdk/2.0.0/src/rp2_common/pico_runtime/runtime.c.obj
                0x100083dc                __pre_init_first_per_core_initializer
 .preinit_array.ZZZZZ.01200
                0x100083e0        0x4 CMakeFiles/picow_blink_slow_clock.dir/Users/jiawei/.pico-sdk/sdk/2.0.0/src/rp2_common/hardware_irq/irq.c.obj
                0x100083e0                __pre_init_runtime_init_per_core_irq_priorities
 *(.preinit_array)
                0x100083e4                        PROVIDE (__preinit_array_end = .)
                0x100083e4                        . = ALIGN (0x4)
                0x100083e4                        PROVIDE (__init_array_start = .)
 *(SORT_BY_NAME(.init_array.*))
 *(.init_array)
 .init_array    0x100083e4        0x4 /Users/jiawei/.pico-sdk/toolchain/13_2_Rel1/bin/../lib/gcc/arm-none-eabi/13.2.1/thumb/v6-m/nofp/crtbegin.o
 .init_array    0x100083e8        0x4 CMakeFiles/picow_blink_slow_clock.dir/Users/jiawei/.pico-sdk/sdk/2.0.0/src/rp2_common/pico_unique_id/unique_id.c.obj
                0x100083ec                        PROVIDE (__init_array_end = .)
                0x100083ec                        . = ALIGN (0x4)
                [!provide]                        PROVIDE (__fini_array_start = .)
 *(SORT_BY_NAME(.fini_array.*))
 *(.fini_array)
                [!provide]                        PROVIDE (__fini_array_end = .)
 *(.eh_frame*)
 .eh_frame      0x100083ec        0x0 /Users/jiawei/.pico-sdk/toolchain/13_2_Rel1/bin/../lib/gcc/arm-none-eabi/13.2.1/thumb/v6-m/nofp/crtbegin.o
                0x100083ec                        . = ALIGN (0x4)

.glue_7         0x100083ec        0x0
 .glue_7        0x100083ec        0x0 linker stubs

.glue_7t        0x100083ec        0x0
 .glue_7t       0x100083ec        0x0 linker stubs

.vfp11_veneer   0x100083ec        0x0
 .vfp11_veneer  0x100083ec        0x0 linker stubs

.v4_bx          0x100083ec        0x0
 .v4_bx         0x100083ec        0x0 linker stubs

.iplt           0x100083ec        0x0
 .iplt          0x100083ec        0x0 /Users/jiawei/.pico-sdk/toolchain/13_2_Rel1/bin/../lib/gcc/arm-none-eabi/13.2.1/thumb/v6-m/nofp/crtbegin.o

.rodata         0x100083f0    0x37d00
 *(EXCLUDE_FILE(*libm.a: *libc.a:*lib_a-mem*.o *libgcc.a:) .rodata*)
 .rodata.main.str1.4
                0x100083f0      0x4fc CMakeFiles/picow_blink_slow_clock.dir/picow_blink_slow_clock.c.obj
                                 0x46 (size before relaxing)
 .rodata.panic.str1.4
                0x100088ec       0x12 CMakeFiles/picow_blink_slow_clock.dir/Users/jiawei/.pico-sdk/sdk/2.0.0/src/rp2_common/pico_platform_panic/panic.c.obj
 .rodata.user_irq_claim_unused.str1.4
                0x100088ec       0x1b CMakeFiles/picow_blink_slow_clock.dir/Users/jiawei/.pico-sdk/sdk/2.0.0/src/rp2_common/hardware_irq/irq.c.obj
 *fill*         0x100088ec        0x4 
 .rodata.at_the_end_of_time
                0x100088f0        0x8 CMakeFiles/picow_blink_slow_clock.dir/Users/jiawei/.pico-sdk/sdk/2.0.0/src/common/pico_time/time.c.obj
                0x100088f0                at_the_end_of_time
 .rodata.timer_hardware_alarm_claim.str1.4
                0x100088f8       0x22 CMakeFiles/picow_blink_slow_clock.dir/Users/jiawei/.pico-sdk/sdk/2.0.0/src/rp2_common/hardware_timer/timer.c.obj
 .rodata.hard_assertion_failure.str1.4
                0x100088f8        0xc CMakeFiles/picow_blink_slow_clock.dir/Users/jiawei/.pico-sdk/sdk/2.0.0/src/rp2_common/pico_runtime/runtime.c.obj
 .rodata.missing_double_func_shim.str1.4
                0x100088f8       0x18 CMakeFiles/picow_blink_slow_clock.dir/Users/jiawei/.pico-sdk/sdk/2.0.0/src/rp2_common/pico_double/double_init_rom_rp2040.c.obj
 .rodata.missing_float_func_shim.str1.4
                0x100088f8        0x1 CMakeFiles/picow_blink_slow_clock.dir/Users/jiawei/.pico-sdk/sdk/2.0.0/src/rp2_common/pico_float/float_init_rom_rp2040.c.obj
 .rodata.str1.4
                0x100088f8       0x3c CMakeFiles/picow_blink_slow_clock.dir/Users/jiawei/.pico-sdk/sdk/2.0.0/src/rp2_common/pico_standard_binary_info/standard_binary_info.c.obj
 .rodata.__bi_84
                0x100088f8        0xc CMakeFiles/picow_blink_slow_clock.dir/Users/jiawei/.pico-sdk/sdk/2.0.0/src/rp2_common/pico_standard_binary_info/standard_binary_info.c.obj
 .rodata.__bi_54
                0x10008904        0xc CMakeFiles/picow_blink_slow_clock.dir/Users/jiawei/.pico-sdk/sdk/2.0.0/src/rp2_common/pico_standard_binary_info/standard_binary_info.c.obj
 .rodata.__bi_48
                0x10008910        0xc CMakeFiles/picow_blink_slow_clock.dir/Users/jiawei/.pico-sdk/sdk/2.0.0/src/rp2_common/pico_standard_binary_info/standard_binary_info.c.obj
 .rodata.__bi_42
                0x1000891c        0xc CMakeFiles/picow_blink_slow_clock.dir/Users/jiawei/.pico-sdk/sdk/2.0.0/src/rp2_common/pico_standard_binary_info/standard_binary_info.c.obj
 .rodata.__bi_34
                0x10008928        0xc CMakeFiles/picow_blink_slow_clock.dir/Users/jiawei/.pico-sdk/sdk/2.0.0/src/rp2_common/pico_standard_binary_info/standard_binary_info.c.obj
 .rodata.__bi_26
                0x10008934        0xc CMakeFiles/picow_blink_slow_clock.dir/Users/jiawei/.pico-sdk/sdk/2.0.0/src/rp2_common/pico_standard_binary_info/standard_binary_info.c.obj
 .rodata._ftoa.str1.4
                0x10008940       0x15 CMakeFiles/picow_blink_slow_clock.dir/Users/jiawei/.pico-sdk/sdk/2.0.0/src/rp2_common/pico_printf/printf.c.obj
 .rodata._vsnprintf
                0x10008940      0x19c CMakeFiles/picow_blink_slow_clock.dir/Users/jiawei/.pico-sdk/sdk/2.0.0/src/rp2_common/pico_printf/printf.c.obj
 *fill*         0x10008adc        0x4 
 .rodata.pow10.0
                0x10008ae0       0x50 CMakeFiles/picow_blink_slow_clock.dir/Users/jiawei/.pico-sdk/sdk/2.0.0/src/rp2_common/pico_printf/printf.c.obj
 .rodata.crlf_str.0
                0x10008b30        0x2 CMakeFiles/picow_blink_slow_clock.dir/Users/jiawei/.pico-sdk/sdk/2.0.0/src/rp2_common/pico_stdio/stdio.c.obj
 .rodata.str1.4
                0x10008b32       0x2c CMakeFiles/picow_blink_slow_clock.dir/Users/jiawei/.pico-sdk/sdk/2.0.0/src/rp2_common/pico_stdio_uart/stdio_uart.c.obj
 *fill*         0x10008b32        0x2 
 .rodata.__bi_45.4
                0x10008b34        0xc CMakeFiles/picow_blink_slow_clock.dir/Users/jiawei/.pico-sdk/sdk/2.0.0/src/rp2_common/pico_stdio_uart/stdio_uart.c.obj
 .rodata.__bi_49.5
                0x10008b40        0x8 CMakeFiles/picow_blink_slow_clock.dir/Users/jiawei/.pico-sdk/sdk/2.0.0/src/rp2_common/pico_stdio_uart/stdio_uart.c.obj
 .rodata.__bi_50.6
                0x10008b48        0x8 CMakeFiles/picow_blink_slow_clock.dir/Users/jiawei/.pico-sdk/sdk/2.0.0/src/rp2_common/pico_stdio_uart/stdio_uart.c.obj
 .rodata.cyw43_read_bytes.str1.4
                0x10008b50       0x1a CMakeFiles/picow_blink_slow_clock.dir/Users/jiawei/.pico-sdk/sdk/2.0.0/src/rp2_common/pico_cyw43_driver/cyw43_bus_pio_spi.c.obj
 .rodata.cyw43_write_bytes.str1.4
                0x10008b50        0xd CMakeFiles/picow_blink_slow_clock.dir/Users/jiawei/.pico-sdk/sdk/2.0.0/src/rp2_common/pico_cyw43_driver/cyw43_bus_pio_spi.c.obj
 .rodata.spi_gap01_sample0_program
                0x10008b50        0x8 CMakeFiles/picow_blink_slow_clock.dir/Users/jiawei/.pico-sdk/sdk/2.0.0/src/rp2_common/pico_cyw43_driver/cyw43_bus_pio_spi.c.obj
 .rodata.spi_gap01_sample0_program_instructions
                0x10008b58        0xc CMakeFiles/picow_blink_slow_clock.dir/Users/jiawei/.pico-sdk/sdk/2.0.0/src/rp2_common/pico_cyw43_driver/cyw43_bus_pio_spi.c.obj
 .rodata.cyw43_kso_set.str1.4
                0x10008b64       0x23 CMakeFiles/picow_blink_slow_clock.dir/Users/jiawei/.pico-sdk/sdk/2.0.0/lib/cyw43-driver/src/cyw43_ll.c.obj
 .rodata.cyw43_ll_sdpcm_poll_device.str1.4
                0x10008b64       0x55 CMakeFiles/picow_blink_slow_clock.dir/Users/jiawei/.pico-sdk/sdk/2.0.0/lib/cyw43-driver/src/cyw43_ll.c.obj
 .rodata.cyw43_sdpcm_send_common.str1.4
                0x10008b64       0x22 CMakeFiles/picow_blink_slow_clock.dir/Users/jiawei/.pico-sdk/sdk/2.0.0/lib/cyw43-driver/src/cyw43_ll.c.obj
 .rodata.cyw43_do_ioctl.part.0.str1.4
                0x10008b64       0x53 CMakeFiles/picow_blink_slow_clock.dir/Users/jiawei/.pico-sdk/sdk/2.0.0/lib/cyw43-driver/src/cyw43_ll.c.obj
 .rodata.reset_device_core.constprop.0.str1.4
                0x10008b64       0x1a CMakeFiles/picow_blink_slow_clock.dir/Users/jiawei/.pico-sdk/sdk/2.0.0/lib/cyw43-driver/src/cyw43_ll.c.obj
 .rodata.cyw43_ll_wifi_on.str1.4
                0x10008b64       0x52 CMakeFiles/picow_blink_slow_clock.dir/Users/jiawei/.pico-sdk/sdk/2.0.0/lib/cyw43-driver/src/cyw43_ll.c.obj
 .rodata.cyw43_ll_bus_init.str1.4
                0x10008b64       0xea CMakeFiles/picow_blink_slow_clock.dir/Users/jiawei/.pico-sdk/sdk/2.0.0/lib/cyw43-driver/src/cyw43_ll.c.obj
 .rodata.cyw43_ll_gpio_set.str1.4
                0x10008b64        0x8 CMakeFiles/picow_blink_slow_clock.dir/Users/jiawei/.pico-sdk/sdk/2.0.0/lib/cyw43-driver/src/cyw43_ll.c.obj
 .rodata.w43439A0_7_95_49_00_combined
                0x10008b64    0x36fd8 CMakeFiles/picow_blink_slow_clock.dir/Users/jiawei/.pico-sdk/sdk/2.0.0/lib/cyw43-driver/src/cyw43_ll.c.obj
 .rodata.wifi_nvram_4343
                0x1003fb3c      0x2e7 CMakeFiles/picow_blink_slow_clock.dir/Users/jiawei/.pico-sdk/sdk/2.0.0/lib/cyw43-driver/src/cyw43_ll.c.obj
 *fill*         0x1003fe23        0x1 
 .rodata        0x1003fe24       0x72 CMakeFiles/picow_blink_slow_clock.dir/Users/jiawei/.pico-sdk/sdk/2.0.0/lib/cyw43-driver/src/cyw43_ll.c.obj
 .rodata.cyw43_cb_process_async_event.str1.4
                0x1003fe96       0x28 CMakeFiles/picow_blink_slow_clock.dir/Users/jiawei/.pico-sdk/sdk/2.0.0/lib/cyw43-driver/src/cyw43_ctrl.c.obj
 *fill*         0x1003fe96        0x2 
 .rodata.cyw43_cb_process_async_event
                0x1003fe98       0xbc CMakeFiles/picow_blink_slow_clock.dir/Users/jiawei/.pico-sdk/sdk/2.0.0/lib/cyw43-driver/src/cyw43_ctrl.c.obj
 .rodata.str1.4
                0x1003ff54       0x9e CMakeFiles/picow_blink_slow_clock.dir/Users/jiawei/.pico-sdk/sdk/2.0.0/lib/cyw43-driver/src/cyw43_ctrl.c.obj
 .rodata.cyw43_async_event_name_table
                0x1003ff54      0x164 CMakeFiles/picow_blink_slow_clock.dir/Users/jiawei/.pico-sdk/sdk/2.0.0/lib/cyw43-driver/src/cyw43_ctrl.c.obj
 .rodata.pio_claim_unused_sm.str1.4
                0x100400b8       0x24 CMakeFiles/picow_blink_slow_clock.dir/Users/jiawei/.pico-sdk/sdk/2.0.0/src/rp2_common/hardware_pio/pio.c.obj
 .rodata.dma_claim_unused_channel.str1.4
                0x100400b8       0x1e CMakeFiles/picow_blink_slow_clock.dir/Users/jiawei/.pico-sdk/sdk/2.0.0/src/rp2_common/hardware_dma/dma.c.obj
 .rodata.cyw43_cb_tcpip_set_link_up.str1.4
                0x100400b8       0x20 CMakeFiles/picow_blink_slow_clock.dir/Users/jiawei/.pico-sdk/sdk/2.0.0/src/rp2_common/pico_cyw43_driver/cyw43_driver.c.obj
 .rodata.async_context_threadsafe_background_lock_check.str1.4
                0x100400b8       0x20 CMakeFiles/picow_blink_slow_clock.dir/Users/jiawei/.pico-sdk/sdk/2.0.0/src/rp2_common/pico_async_context/async_context_threadsafe_background.c.obj
 .rodata.template
                0x100400b8       0x38 CMakeFiles/picow_blink_slow_clock.dir/Users/jiawei/.pico-sdk/sdk/2.0.0/src/rp2_common/pico_async_context/async_context_threadsafe_background.c.obj
                0x100400f0                        . = ALIGN (0x4)
 *(SORT_BY_ALIGNMENT(SORT_BY_NAME(.flashdata*)))
                0x100400f0                        . = ALIGN (0x4)

.ARM.extab
 *(.ARM.extab* .gnu.linkonce.armextab.*)
                0x100400f0                        __exidx_start = .

.ARM.exidx
 *(.ARM.exidx* .gnu.linkonce.armexidx.*)
                0x100400f0                        __exidx_end = .
                0x100400f0                        . = ALIGN (0x4)
                0x100400f0                        __binary_info_start = .

.binary_info    0x100400f0       0x24
 *(.binary_info.keep.*)
 .binary_info.keep.__bi_ptr84
                0x100400f0        0x4 CMakeFiles/picow_blink_slow_clock.dir/Users/jiawei/.pico-sdk/sdk/2.0.0/src/rp2_common/pico_standard_binary_info/standard_binary_info.c.obj
 .binary_info.keep.__bi_ptr54
                0x100400f4        0x4 CMakeFiles/picow_blink_slow_clock.dir/Users/jiawei/.pico-sdk/sdk/2.0.0/src/rp2_common/pico_standard_binary_info/standard_binary_info.c.obj
 .binary_info.keep.__bi_ptr48
                0x100400f8        0x4 CMakeFiles/picow_blink_slow_clock.dir/Users/jiawei/.pico-sdk/sdk/2.0.0/src/rp2_common/pico_standard_binary_info/standard_binary_info.c.obj
 .binary_info.keep.__bi_ptr42
                0x100400fc        0x4 CMakeFiles/picow_blink_slow_clock.dir/Users/jiawei/.pico-sdk/sdk/2.0.0/src/rp2_common/pico_standard_binary_info/standard_binary_info.c.obj
 .binary_info.keep.__bi_ptr34
                0x10040100        0x4 CMakeFiles/picow_blink_slow_clock.dir/Users/jiawei/.pico-sdk/sdk/2.0.0/src/rp2_common/pico_standard_binary_info/standard_binary_info.c.obj
 .binary_info.keep.__bi_ptr26
                0x10040104        0x4 CMakeFiles/picow_blink_slow_clock.dir/Users/jiawei/.pico-sdk/sdk/2.0.0/src/rp2_common/pico_standard_binary_info/standard_binary_info.c.obj
 *(.binary_info.*)
 .binary_info.__bi_ptr50
                0x10040108        0x4 CMakeFiles/picow_blink_slow_clock.dir/Users/jiawei/.pico-sdk/sdk/2.0.0/src/rp2_common/pico_stdio_uart/stdio_uart.c.obj
 .binary_info.__bi_ptr49
                0x1004010c        0x4 CMakeFiles/picow_blink_slow_clock.dir/Users/jiawei/.pico-sdk/sdk/2.0.0/src/rp2_common/pico_stdio_uart/stdio_uart.c.obj
 .binary_info.__bi_ptr45
                0x10040110        0x4 CMakeFiles/picow_blink_slow_clock.dir/Users/jiawei/.pico-sdk/sdk/2.0.0/src/rp2_common/pico_stdio_uart/stdio_uart.c.obj
                0x10040114                        __binary_info_end = .

.rel.dyn        0x10040114        0x0
 .rel.iplt      0x10040114        0x0 /Users/jiawei/.pico-sdk/toolchain/13_2_Rel1/bin/../lib/gcc/arm-none-eabi/13.2.1/thumb/v6-m/nofp/crtbegin.o
                0x10040114                        . = ALIGN (0x4)

.ram_vector_table
                0x20000000       0xc0
 *(.ram_vector_table)
 .ram_vector_table
                0x20000000       0xc0 CMakeFiles/picow_blink_slow_clock.dir/Users/jiawei/.pico-sdk/sdk/2.0.0/src/rp2_common/pico_runtime_init/runtime_init.c.obj
                0x20000000                ram_vector_table

.uninitialized_data
                0x200000c0        0x0
                0x200000c0                        . = ALIGN (0x4)
 *(.uninitialized_data*)

.data           0x200000c0      0x480 load address 0x10040114
                0x200000c0                        __data_start__ = .
 *(vtable)
 *(.time_critical*)
 .time_critical.sem_acquire_block_until
                0x200000c0       0x68 CMakeFiles/picow_blink_slow_clock.dir/Users/jiawei/.pico-sdk/sdk/2.0.0/src/common/pico_sync/sem.c.obj
                0x200000c0                sem_acquire_block_until
 .time_critical.sem_release
                0x20000128       0x4c CMakeFiles/picow_blink_slow_clock.dir/Users/jiawei/.pico-sdk/sdk/2.0.0/src/common/pico_sync/sem.c.obj
                0x20000128                sem_release
 .time_critical.recursive_mutex_enter_blocking
                0x20000174       0x50 CMakeFiles/picow_blink_slow_clock.dir/Users/jiawei/.pico-sdk/sdk/2.0.0/src/common/pico_sync/mutex.c.obj
                0x20000174                recursive_mutex_enter_blocking
 .time_critical.mutex_try_enter_block_until
                0x200001c4       0x9c CMakeFiles/picow_blink_slow_clock.dir/Users/jiawei/.pico-sdk/sdk/2.0.0/src/common/pico_sync/mutex.c.obj
                0x200001c4                mutex_try_enter_block_until
 .time_critical.recursive_mutex_try_enter
                0x20000260       0x50 CMakeFiles/picow_blink_slow_clock.dir/Users/jiawei/.pico-sdk/sdk/2.0.0/src/common/pico_sync/mutex.c.obj
                0x20000260                recursive_mutex_try_enter
 .time_critical.mutex_exit
                0x200002b0       0x28 CMakeFiles/picow_blink_slow_clock.dir/Users/jiawei/.pico-sdk/sdk/2.0.0/src/common/pico_sync/mutex.c.obj
                0x200002b0                mutex_exit
 .time_critical.recursive_mutex_exit
                0x200002d8       0x44 CMakeFiles/picow_blink_slow_clock.dir/Users/jiawei/.pico-sdk/sdk/2.0.0/src/common/pico_sync/mutex.c.obj
                0x200002d8                recursive_mutex_exit
 .time_critical.flash_init_boot2_copyout
                0x2000031c       0x30 CMakeFiles/picow_blink_slow_clock.dir/Users/jiawei/.pico-sdk/sdk/2.0.0/src/rp2_common/hardware_flash/flash.c.obj
 .time_critical.flash_enable_xip_via_boot2
                0x2000034c        0xc CMakeFiles/picow_blink_slow_clock.dir/Users/jiawei/.pico-sdk/sdk/2.0.0/src/rp2_common/hardware_flash/flash.c.obj
 .time_critical.flash_cs_force
                0x20000358       0x38 CMakeFiles/picow_blink_slow_clock.dir/Users/jiawei/.pico-sdk/sdk/2.0.0/src/rp2_common/hardware_flash/flash.c.obj
 .time_critical.flash_do_cmd
                0x20000390       0xc0 CMakeFiles/picow_blink_slow_clock.dir/Users/jiawei/.pico-sdk/sdk/2.0.0/src/rp2_common/hardware_flash/flash.c.obj
                0x20000390                flash_do_cmd
 *(.text*)
 .text          0x20000450        0x4 /Users/jiawei/.pico-sdk/toolchain/13_2_Rel1/bin/../lib/gcc/arm-none-eabi/13.2.1/thumb/v6-m/nofp/libgcc.a(_dvmd_tls.o)
                0x20000450                __aeabi_ldiv0
                0x20000450                __aeabi_idiv0
 *fill*         0x20000454        0x4 
 .text.__stub   0x20000458       0x10 linker stubs
                0x20000468                        . = ALIGN (0x4)
 *(.rodata*)
                0x20000468                        . = ALIGN (0x4)
 *(.data*)
 .data.striped_spin_lock_num
                0x20000468        0x1 CMakeFiles/picow_blink_slow_clock.dir/Users/jiawei/.pico-sdk/sdk/2.0.0/src/rp2_common/hardware_sync/sync.c.obj
 *fill*         0x20000469        0x3 
 .data          0x2000046c       0x48 CMakeFiles/picow_blink_slow_clock.dir/Users/jiawei/.pico-sdk/sdk/2.0.0/src/rp2_common/hardware_irq/irq_handler_chain.S.obj
                0x2000046c                irq_handler_chain_slots
                0x2000049c                irq_handler_chain_first_slot
                0x200004a6                irq_handler_chain_remove_tail
 .data.default_alarm_pool
                0x200004b4       0x18 CMakeFiles/picow_blink_slow_clock.dir/Users/jiawei/.pico-sdk/sdk/2.0.0/src/common/pico_time/time.c.obj
 *fill*         0x200004cc        0x4 
 .data.aeabi_bits_funcs
                0x200004d0       0x10 CMakeFiles/picow_blink_slow_clock.dir/Users/jiawei/.pico-sdk/sdk/2.0.0/src/rp2_common/pico_bit_ops/bit_ops_aeabi.S.obj
                0x200004d0                aeabi_bits_funcs
                0x200004e0                aeabi_bits_funcs_end
 .data.aeabi_mem_funcs
                0x200004e0       0x10 CMakeFiles/picow_blink_slow_clock.dir/Users/jiawei/.pico-sdk/sdk/2.0.0/src/rp2_common/pico_mem_ops/mem_ops_aeabi.S.obj
                0x200004e0                aeabi_mem_funcs
                0x200004f0                aeabi_mem_funcs_end
 .data.stdio_uart
                0x200004f0       0x18 CMakeFiles/picow_blink_slow_clock.dir/Users/jiawei/.pico-sdk/sdk/2.0.0/src/rp2_common/pico_stdio_uart/stdio_uart.c.obj
                0x200004f0                stdio_uart
 .data.cyw43_pio_clock_div_int
                0x20000508        0x2 CMakeFiles/picow_blink_slow_clock.dir/Users/jiawei/.pico-sdk/sdk/2.0.0/src/rp2_common/pico_cyw43_driver/cyw43_bus_pio_spi.c.obj
 *fill*         0x2000050a        0x2 
 .data.cyw43_poll_worker
                0x2000050c       0x10 CMakeFiles/picow_blink_slow_clock.dir/Users/jiawei/.pico-sdk/sdk/2.0.0/src/rp2_common/pico_cyw43_driver/cyw43_driver.c.obj
 *fill*         0x2000051c        0x4 
 .data.sleep_timeout_worker
                0x20000520       0x18 CMakeFiles/picow_blink_slow_clock.dir/Users/jiawei/.pico-sdk/sdk/2.0.0/src/rp2_common/pico_cyw43_driver/cyw43_driver.c.obj
                0x20000538                        . = ALIGN (0x4)
 *(.after_data.*)
                0x20000538                        . = ALIGN (0x4)
                0x20000538                        PROVIDE (__mutex_array_start = .)
 *(SORT_BY_NAME(.mutex_array.*))
 *(.mutex_array)
 .mutex_array   0x20000538        0x8 CMakeFiles/picow_blink_slow_clock.dir/Users/jiawei/.pico-sdk/sdk/2.0.0/src/rp2_common/pico_stdio/stdio.c.obj
                0x20000540                        PROVIDE (__mutex_array_end = .)
                0x20000540                        . = ALIGN (0x4)
 *(.jcr)
                0x20000540                        . = ALIGN (0x4)

.tm_clone_table
                0x20000540        0x0 load address 0x10040594
 .tm_clone_table
                0x20000540        0x0 /Users/jiawei/.pico-sdk/toolchain/13_2_Rel1/bin/../lib/gcc/arm-none-eabi/13.2.1/thumb/v6-m/nofp/crtbegin.o
 .tm_clone_table
                0x20000540        0x0 /Users/jiawei/.pico-sdk/toolchain/13_2_Rel1/bin/../lib/gcc/arm-none-eabi/13.2.1/thumb/v6-m/nofp/crtend.o

.igot.plt       0x20000540        0x0 load address 0x10040594
 .igot.plt      0x20000540        0x0 /Users/jiawei/.pico-sdk/toolchain/13_2_Rel1/bin/../lib/gcc/arm-none-eabi/13.2.1/thumb/v6-m/nofp/crtbegin.o

.tdata          0x20000540        0x0 load address 0x10040594
                0x20000540                        . = ALIGN (0x4)
 *(.tdata .tdata.* .gnu.linkonce.td.*)
                0x20000540                        __tdata_end = .
                0x20000540                        PROVIDE (__data_end__ = .)
                0x10040114                        __etext = LOADADDR (.data)

.tbss           0x20000540        0x0 load address 0x10040594
                0x20000540                        . = ALIGN (0x4)
                0x20000540                        __bss_start__ = .
                0x20000540                        __tls_base = .
 *(.tbss .tbss.* .gnu.linkonce.tb.*)
 *(.tcommon)
                0x20000540                        __tls_end = .

.bss            0x20000540      0xe84 load address 0x10040594
                0x20000540                        . = ALIGN (0x4)
                0x20000540                        __tbss_end = .
 *(SORT_BY_ALIGNMENT(SORT_BY_NAME(.bss*)))
 .bss.cyw43_async_context_threadsafe_background
                0x20000540       0x48 CMakeFiles/picow_blink_slow_clock.dir/Users/jiawei/.pico-sdk/sdk/2.0.0/src/rp2_common/pico_cyw43_arch/cyw43_arch_threadsafe_background.c.obj
 .bss.default_alarm_pool_entries
                0x20000588      0x180 CMakeFiles/picow_blink_slow_clock.dir/Users/jiawei/.pico-sdk/sdk/2.0.0/src/common/pico_time/time.c.obj
 .bss.sd_table  0x20000708      0x100 CMakeFiles/picow_blink_slow_clock.dir/Users/jiawei/.pico-sdk/sdk/2.0.0/src/rp2_common/pico_double/double_init_rom_rp2040.c.obj
                0x20000708                sd_table
 .bss._used_instruction_space
                0x20000808        0x8 CMakeFiles/picow_blink_slow_clock.dir/Users/jiawei/.pico-sdk/sdk/2.0.0/src/rp2_common/hardware_pio/pio.c.obj
 .bss.async_context
                0x20000810        0x4 CMakeFiles/picow_blink_slow_clock.dir/Users/jiawei/.pico-sdk/sdk/2.0.0/src/rp2_common/pico_cyw43_arch/cyw43_arch.c.obj
 .bss.async_contexts_by_user_irq
                0x20000814       0x18 CMakeFiles/picow_blink_slow_clock.dir/Users/jiawei/.pico-sdk/sdk/2.0.0/src/rp2_common/pico_async_context/async_context_threadsafe_background.c.obj
 .bss.boot2_copyout
                0x2000082c      0x100 CMakeFiles/picow_blink_slow_clock.dir/Users/jiawei/.pico-sdk/sdk/2.0.0/src/rp2_common/hardware_flash/flash.c.obj
 .bss.bus_data_instance
                0x2000092c        0xc CMakeFiles/picow_blink_slow_clock.dir/Users/jiawei/.pico-sdk/sdk/2.0.0/src/rp2_common/pico_cyw43_driver/cyw43_bus_pio_spi.c.obj
 .bss.chars_available_callback
                0x20000938        0x4 CMakeFiles/picow_blink_slow_clock.dir/Users/jiawei/.pico-sdk/sdk/2.0.0/src/rp2_common/pico_stdio_uart/stdio_uart.c.obj
 .bss.chars_available_param
                0x2000093c        0x4 CMakeFiles/picow_blink_slow_clock.dir/Users/jiawei/.pico-sdk/sdk/2.0.0/src/rp2_common/pico_stdio_uart/stdio_uart.c.obj
 .bss.claimed   0x20000940        0x1 CMakeFiles/picow_blink_slow_clock.dir/Users/jiawei/.pico-sdk/sdk/2.0.0/src/rp2_common/hardware_timer/timer.c.obj
 *fill*         0x20000941        0x3 
 .bss.claimed   0x20000944        0x1 CMakeFiles/picow_blink_slow_clock.dir/Users/jiawei/.pico-sdk/sdk/2.0.0/src/rp2_common/hardware_pio/pio.c.obj
 *fill*         0x20000945        0x3 
 .bss.configured_freq
                0x20000948       0x28 CMakeFiles/picow_blink_slow_clock.dir/Users/jiawei/.pico-sdk/sdk/2.0.0/src/rp2_common/hardware_clocks/clocks.c.obj
 .bss.cyw43_async_context
                0x20000970        0x4 CMakeFiles/picow_blink_slow_clock.dir/Users/jiawei/.pico-sdk/sdk/2.0.0/src/rp2_common/pico_cyw43_driver/cyw43_driver.c.obj
 .bss.cyw43_poll
                0x20000974        0x4 CMakeFiles/picow_blink_slow_clock.dir/Users/jiawei/.pico-sdk/sdk/2.0.0/lib/cyw43-driver/src/cyw43_ctrl.c.obj
                0x20000974                cyw43_poll
 .bss.cyw43_sleep
                0x20000978        0x4 CMakeFiles/picow_blink_slow_clock.dir/Users/jiawei/.pico-sdk/sdk/2.0.0/lib/cyw43-driver/src/cyw43_ctrl.c.obj
                0x20000978                cyw43_sleep
 .bss.cyw43_state
                0x2000097c      0x8ec CMakeFiles/picow_blink_slow_clock.dir/Users/jiawei/.pico-sdk/sdk/2.0.0/lib/cyw43-driver/src/cyw43_ctrl.c.obj
                0x2000097c                cyw43_state
 .bss.drivers   0x20001268        0x4 CMakeFiles/picow_blink_slow_clock.dir/Users/jiawei/.pico-sdk/sdk/2.0.0/src/rp2_common/pico_stdio/stdio.c.obj
 .bss.filter    0x2000126c        0x4 CMakeFiles/picow_blink_slow_clock.dir/Users/jiawei/.pico-sdk/sdk/2.0.0/src/rp2_common/pico_stdio/stdio.c.obj
 .bss.lazy_vsnprintf
                0x20001270        0x4 CMakeFiles/picow_blink_slow_clock.dir/Users/jiawei/.pico-sdk/sdk/2.0.0/src/rp2_common/pico_printf/printf.c.obj
 .bss.object.0  0x20001274       0x18 /Users/jiawei/.pico-sdk/toolchain/13_2_Rel1/bin/../lib/gcc/arm-none-eabi/13.2.1/thumb/v6-m/nofp/crtbegin.o
 .bss.pools     0x2000128c       0x10 CMakeFiles/picow_blink_slow_clock.dir/Users/jiawei/.pico-sdk/sdk/2.0.0/src/common/pico_time/time.c.obj
 .bss.raw_irq_mask
                0x2000129c        0x8 CMakeFiles/picow_blink_slow_clock.dir/Users/jiawei/.pico-sdk/sdk/2.0.0/src/rp2_common/hardware_gpio/gpio.c.obj
 .bss.retrieved_id
                0x200012a4        0x8 CMakeFiles/picow_blink_slow_clock.dir/Users/jiawei/.pico-sdk/sdk/2.0.0/src/rp2_common/pico_unique_id/unique_id.c.obj
 .bss.sf_clz_func
                0x200012ac        0x4 CMakeFiles/picow_blink_slow_clock.dir/Users/jiawei/.pico-sdk/sdk/2.0.0/src/rp2_common/pico_double/double_init_rom_rp2040.c.obj
                0x200012ac                sf_clz_func
 .bss.sf_table  0x200012b0      0x100 CMakeFiles/picow_blink_slow_clock.dir/Users/jiawei/.pico-sdk/sdk/2.0.0/src/rp2_common/pico_float/float_init_rom_rp2040.c.obj
                0x200012b0                sf_table
 .bss.sleep_notifier
                0x200013b0        0x4 CMakeFiles/picow_blink_slow_clock.dir/Users/jiawei/.pico-sdk/sdk/2.0.0/src/common/pico_time/time.c.obj
 .bss.uart_char_to_line_feed
                0x200013b4        0x4 CMakeFiles/picow_blink_slow_clock.dir/Users/jiawei/.pico-sdk/sdk/2.0.0/src/rp2_common/hardware_uart/uart.c.obj
                0x200013b4                uart_char_to_line_feed
 .bss.uart_instance
                0x200013b8        0x4 CMakeFiles/picow_blink_slow_clock.dir/Users/jiawei/.pico-sdk/sdk/2.0.0/src/rp2_common/pico_stdio_uart/stdio_uart.c.obj
 .bss._claimed  0x200013bc        0x2 CMakeFiles/picow_blink_slow_clock.dir/Users/jiawei/.pico-sdk/sdk/2.0.0/src/rp2_common/hardware_dma/dma.c.obj
 .bss.last_spi_int.0
                0x200013be        0x2 CMakeFiles/picow_blink_slow_clock.dir/Users/jiawei/.pico-sdk/sdk/2.0.0/lib/cyw43-driver/src/cyw43_ll.c.obj
 .bss.boot2_copyout_valid
                0x200013c0        0x1 CMakeFiles/picow_blink_slow_clock.dir/Users/jiawei/.pico-sdk/sdk/2.0.0/src/rp2_common/hardware_flash/flash.c.obj
 .bss.cyw43_pio_clock_div_frac
                0x200013c1        0x1 CMakeFiles/picow_blink_slow_clock.dir/Users/jiawei/.pico-sdk/sdk/2.0.0/src/rp2_common/pico_cyw43_driver/cyw43_bus_pio_spi.c.obj
 .bss.irq_handler_chain_free_slot_head
                0x200013c2        0x1 CMakeFiles/picow_blink_slow_clock.dir/Users/jiawei/.pico-sdk/sdk/2.0.0/src/rp2_common/hardware_irq/irq.c.obj
 .bss.user_irq_claimed
                0x200013c3        0x1 CMakeFiles/picow_blink_slow_clock.dir/Users/jiawei/.pico-sdk/sdk/2.0.0/src/rp2_common/hardware_irq/irq.c.obj
 *(COMMON)
                0x200013c4                        . = ALIGN (0x4)
                0x200013c4                        __bss_end__ = .

.heap           0x200013c4    0x3ec3c load address 0x10040594
                0x200013c4                        __end__ = .
                0x200013c4                        end = __end__
 *(.heap*)
 .heap          0x200013c4      0x800 CMakeFiles/picow_blink_slow_clock.dir/Users/jiawei/.pico-sdk/sdk/2.0.0/src/rp2_common/pico_crt0/crt0.S.obj
                0x20040000                        . = (ORIGIN (RAM) + LENGTH (RAM))
 *fill*         0x20001bc4    0x3e43c 
                0x20040000                        __HeapLimit = .

.scratch_x      0x20040000        0x0 load address 0x10040594
                0x20040000                        __scratch_x_start__ = .
 *(.scratch_x.*)
                0x20040000                        . = ALIGN (0x4)
                0x20040000                        __scratch_x_end__ = .
                0x10040594                        __scratch_x_source__ = LOADADDR (.scratch_x)

.scratch_y      0x20041000        0x0 load address 0x10040594
                0x20041000                        __scratch_y_start__ = .
 *(.scratch_y.*)
                0x20041000                        . = ALIGN (0x4)
                0x20041000                        __scratch_y_end__ = .
                0x10040594                        __scratch_y_source__ = LOADADDR (.scratch_y)

.stack1_dummy
 *(.stack1*)

.stack_dummy    0x20041000      0x800
 *(.stack*)
 .stack         0x20041000      0x800 CMakeFiles/picow_blink_slow_clock.dir/Users/jiawei/.pico-sdk/sdk/2.0.0/src/rp2_common/pico_crt0/crt0.S.obj

.flash_end      0x10040594        0x0
 *(.embedded_end_block*)
                0x10040594                        PROVIDE (__flash_binary_end = .)
                0x20040000                        __StackLimit = (ORIGIN (RAM) + LENGTH (RAM))
                0x20041000                        __StackOneTop = (ORIGIN (SCRATCH_X) + LENGTH (SCRATCH_X))
                0x20042000                        __StackTop = (ORIGIN (SCRATCH_Y) + LENGTH (SCRATCH_Y))
                0x20041000                        __StackOneBottom = (__StackOneTop - SIZEOF (.stack1_dummy))
                0x20041800                        __StackBottom = (__StackTop - SIZEOF (.stack_dummy))
                0x20042000                        PROVIDE (__stack = __StackTop)
                [!provide]                        PROVIDE (__heap_start = __end__)
                [!provide]                        PROVIDE (__heap_end = __HeapLimit)