Archive member included to satisfy reference by file (symbol)

libwheel_encoder.a(wheel_encoder.c.obj)
                              CMakeFiles/main_wheel_encoder.dir/main_wheel_encoder.c.obj (init_wheel_encoder)
/Users/jiawei/.pico-sdk/toolchain/13_2_Rel1/bin/../lib/gcc/arm-none-eabi/13.2.1/thumb/v6-m/nofp/libgcc.a(_dvmd_tls.o)
                              CMakeFiles/main_wheel_encoder.dir/Users/jiawei/.pico-sdk/sdk/2.0.0/src/rp2_common/pico_divider/divider_hardware.S.obj (__aeabi_idiv0)
/Users/jiawei/.pico-sdk/toolchain/13_2_Rel1/bin/../lib/gcc/arm-none-eabi/13.2.1/../../../../arm-none-eabi/lib/thumb/v6-m/nofp/libg.a(libc_a-calloc.o)
                              CMakeFiles/main_wheel_encoder.dir/Users/jiawei/.pico-sdk/sdk/2.0.0/src/rp2_common/pico_malloc/malloc.c.obj (calloc)
/Users/jiawei/.pico-sdk/toolchain/13_2_Rel1/bin/../lib/gcc/arm-none-eabi/13.2.1/../../../../arm-none-eabi/lib/thumb/v6-m/nofp/libg.a(libc_a-callocr.o)
                              /Users/jiawei/.pico-sdk/toolchain/13_2_Rel1/bin/../lib/gcc/arm-none-eabi/13.2.1/../../../../arm-none-eabi/lib/thumb/v6-m/nofp/libg.a(libc_a-calloc.o) (_calloc_r)
/Users/jiawei/.pico-sdk/toolchain/13_2_Rel1/bin/../lib/gcc/arm-none-eabi/13.2.1/../../../../arm-none-eabi/lib/thumb/v6-m/nofp/libg.a(libc_a-malloc.o)
                              CMakeFiles/main_wheel_encoder.dir/Users/jiawei/.pico-sdk/sdk/2.0.0/src/rp2_common/pico_malloc/malloc.c.obj (malloc)
/Users/jiawei/.pico-sdk/toolchain/13_2_Rel1/bin/../lib/gcc/arm-none-eabi/13.2.1/../../../../arm-none-eabi/lib/thumb/v6-m/nofp/libg.a(libc_a-mallocr.o)
                              /Users/jiawei/.pico-sdk/toolchain/13_2_Rel1/bin/../lib/gcc/arm-none-eabi/13.2.1/../../../../arm-none-eabi/lib/thumb/v6-m/nofp/libg.a(libc_a-callocr.o) (_malloc_r)
/Users/jiawei/.pico-sdk/toolchain/13_2_Rel1/bin/../lib/gcc/arm-none-eabi/13.2.1/../../../../arm-none-eabi/lib/thumb/v6-m/nofp/libg.a(libc_a-mlock.o)
                              /Users/jiawei/.pico-sdk/toolchain/13_2_Rel1/bin/../lib/gcc/arm-none-eabi/13.2.1/../../../../arm-none-eabi/lib/thumb/v6-m/nofp/libg.a(libc_a-mallocr.o) (__malloc_lock)
/Users/jiawei/.pico-sdk/toolchain/13_2_Rel1/bin/../lib/gcc/arm-none-eabi/13.2.1/../../../../arm-none-eabi/lib/thumb/v6-m/nofp/libg.a(libc_a-realloc.o)
                              CMakeFiles/main_wheel_encoder.dir/Users/jiawei/.pico-sdk/sdk/2.0.0/src/rp2_common/pico_malloc/malloc.c.obj (realloc)
/Users/jiawei/.pico-sdk/toolchain/13_2_Rel1/bin/../lib/gcc/arm-none-eabi/13.2.1/../../../../arm-none-eabi/lib/thumb/v6-m/nofp/libg.a(libc_a-reallocr.o)
                              /Users/jiawei/.pico-sdk/toolchain/13_2_Rel1/bin/../lib/gcc/arm-none-eabi/13.2.1/../../../../arm-none-eabi/lib/thumb/v6-m/nofp/libg.a(libc_a-realloc.o) (_realloc_r)
/Users/jiawei/.pico-sdk/toolchain/13_2_Rel1/bin/../lib/gcc/arm-none-eabi/13.2.1/../../../../arm-none-eabi/lib/thumb/v6-m/nofp/libg.a(libc_a-memcmp.o)
                              CMakeFiles/main_wheel_encoder.dir/Users/jiawei/.pico-sdk/sdk/2.0.0/src/rp2_common/pico_atomic/atomic.c.obj (memcmp)
/Users/jiawei/.pico-sdk/toolchain/13_2_Rel1/bin/../lib/gcc/arm-none-eabi/13.2.1/../../../../arm-none-eabi/lib/thumb/v6-m/nofp/libg.a(libc_a-memmove.o)
                              /Users/jiawei/.pico-sdk/toolchain/13_2_Rel1/bin/../lib/gcc/arm-none-eabi/13.2.1/../../../../arm-none-eabi/lib/thumb/v6-m/nofp/libg.a(libc_a-reallocr.o) (memmove)
/Users/jiawei/.pico-sdk/toolchain/13_2_Rel1/bin/../lib/gcc/arm-none-eabi/13.2.1/../../../../arm-none-eabi/lib/thumb/v6-m/nofp/libg.a(libc_a-lcltime_r.o)
                              CMakeFiles/main_wheel_encoder.dir/Users/jiawei/.pico-sdk/sdk/2.0.0/src/common/pico_util/datetime.c.obj (localtime_r)
/Users/jiawei/.pico-sdk/toolchain/13_2_Rel1/bin/../lib/gcc/arm-none-eabi/13.2.1/../../../../arm-none-eabi/lib/thumb/v6-m/nofp/libg.a(libc_a-mktime.o)
                              CMakeFiles/main_wheel_encoder.dir/Users/jiawei/.pico-sdk/sdk/2.0.0/src/common/pico_util/datetime.c.obj (mktime)
/Users/jiawei/.pico-sdk/toolchain/13_2_Rel1/bin/../lib/gcc/arm-none-eabi/13.2.1/../../../../arm-none-eabi/lib/thumb/v6-m/nofp/libg.a(libc_a-month_lengths.o)
                              /Users/jiawei/.pico-sdk/toolchain/13_2_Rel1/bin/../lib/gcc/arm-none-eabi/13.2.1/../../../../arm-none-eabi/lib/thumb/v6-m/nofp/libg.a(libc_a-lcltime_r.o) (__month_lengths)
/Users/jiawei/.pico-sdk/toolchain/13_2_Rel1/bin/../lib/gcc/arm-none-eabi/13.2.1/../../../../arm-none-eabi/lib/thumb/v6-m/nofp/libg.a(libc_a-tzcalc_limits.o)
                              /Users/jiawei/.pico-sdk/toolchain/13_2_Rel1/bin/../lib/gcc/arm-none-eabi/13.2.1/../../../../arm-none-eabi/lib/thumb/v6-m/nofp/libg.a(libc_a-lcltime_r.o) (__tzcalc_limits)
/Users/jiawei/.pico-sdk/toolchain/13_2_Rel1/bin/../lib/gcc/arm-none-eabi/13.2.1/../../../../arm-none-eabi/lib/thumb/v6-m/nofp/libg.a(libc_a-tzlock.o)
[...]
Memory Configuration

Name             Origin             Length             Attributes
FLASH            0x10000000         0x00200000         xr
RAM              0x20000000         0x00040000         xrw
SCRATCH_X        0x20040000         0x00001000         xrw
SCRATCH_Y        0x20041000         0x00001000         xrw
*default*        0x00000000         0xffffffff

Linker script and memory map

LOAD /Users/jiawei/.pico-sdk/toolchain/13_2_Rel1/bin/../lib/gcc/arm-none-eabi/13.2.1/thumb/v6-m/nofp/crti.o
LOAD /Users/jiawei/.pico-sdk/toolchain/13_2_Rel1/bin/../lib/gcc/arm-none-eabi/13.2.1/thumb/v6-m/nofp/crtbegin.o
LOAD /Users/jiawei/.pico-sdk/toolchain/13_2_Rel1/bin/../lib/gcc/arm-none-eabi/13.2.1/../../../../arm-none-eabi/lib/thumb/v6-m/nofp/crt0.o

.flash_begin    0x10000000        0x0
                0x10000000                        __flash_binary_start = .

.boot2          0x10000000      0x100
                0x10000000                        __boot2_start__ = .
 *(.boot2)
 .boot2         0x10000000      0x100 /var/folders/_3/zj5l69n975z2y1jcy4tcpk9c0000gn/T//ccvtD0Rs.o
                0x10000100                        __boot2_end__ = .
                0x00000001                        ASSERT (((__boot2_end__ - __boot2_start__) == 0x100), ERROR: Pico second stage bootloader must be 256 bytes in size)

.text           0x10000100     0x6c3c
                0x10000100                        __logical_binary_start = .
 *(.vectors)
 .vectors       0x10000100       0xd4 CMakeFiles/main_wheel_encoder.dir/Users/jiawei/.pico-sdk/sdk/2.0.0/src/rp2_common/pico_crt0/crt0.S.obj
                0x10000100                __VECTOR_TABLE
                0x10000100                __vectors
                0x100001c0                __default_isrs_start
                0x100001c0                isr_invalid
                0x100001c2                isr_nmi
                0x100001c4                isr_hardfault
                0x100001c6                isr_svcall
                0x100001c8                isr_pendsv
                0x100001ca                isr_systick
                0x100001cc                isr_irq28
                0x100001cc                isr_irq19
                0x100001cc                isr_irq0
                0x100001cc                isr_irq6
                0x100001cc                isr_irq22
                0x100001cc                isr_irq17
                0x100001cc                isr_irq14
                0x100001cc                isr_irq2
                0x100001cc                isr_irq10
                0x100001cc                isr_irq8
                0x100001cc                isr_irq24
                0x100001cc                isr_irq1
                0x100001cc                isr_irq7
                0x100001cc                isr_irq21
                0x100001cc                isr_irq20
                0x100001cc                isr_irq15
                0x100001cc                isr_irq25
                0x100001cc                isr_irq4
                0x100001cc                isr_irq16
                0x100001cc                isr_irq29
                0x100001cc                isr_irq26
                0x100001cc                __default_isrs_end
                0x100001cc                isr_irq3
                0x100001cc                isr_irq9
                0x100001cc                __unhandled_user_irq
                0x100001cc                isr_irq13
                0x100001cc                isr_irq27
                0x100001cc                isr_irq31
                0x100001cc                isr_irq5
                0x100001cc                isr_irq11
                0x100001cc                isr_irq23
                0x100001cc                isr_irq18
                0x100001cc                isr_irq30
                0x100001cc                isr_irq12
                0x100001d2                unhandled_user_irq_num_in_r0
 *(.binary_info_header)
 .binary_info_header
                0x100001d4       0x14 CMakeFiles/main_wheel_encoder.dir/Users/jiawei/.pico-sdk/sdk/2.0.0/src/rp2_common/pico_crt0/crt0.S.obj
                0x100001e8                        __binary_info_header_end = .
 *(.embedded_block)
                0x100001e8                        __embedded_block_end = .
 *(.reset)
 .reset         0x100001e8       0x9c CMakeFiles/main_wheel_encoder.dir/Users/jiawei/.pico-sdk/sdk/2.0.0/src/rp2_common/pico_crt0/crt0.S.obj
                0x100001e8                _entry_point
 *(.init)
 .init          0x10000284        0x4 /Users/jiawei/.pico-sdk/toolchain/13_2_Rel1/bin/../lib/gcc/arm-none-eabi/13.2.1/thumb/v6-m/nofp/crti.o
                0x10000284                _init
 *(EXCLUDE_FILE(*libm.a: *libc.a:*lib_a-mem*.o *libgcc.a:) .text*)
 .text.register_tm_clones
                0x10000288       0x28 /Users/jiawei/.pico-sdk/toolchain/13_2_Rel1/bin/../lib/gcc/arm-none-eabi/13.2.1/thumb/v6-m/nofp/crtbegin.o
 .text.frame_dummy
                0x100002b0       0x24 /Users/jiawei/.pico-sdk/toolchain/13_2_Rel1/bin/../lib/gcc/arm-none-eabi/13.2.1/thumb/v6-m/nofp/crtbegin.o
 .text.startup.main
                0x100002d4       0x50 CMakeFiles/main_wheel_encoder.dir/main_wheel_encoder.c.obj
                0x100002d4                main
 .text.gpio_default_irq_handler
                0x10000324      0x274 CMakeFiles/main_wheel_encoder.dir/Users/jiawei/.pico-sdk/sdk/2.0.0/src/rp2_common/hardware_gpio/gpio.c.obj
 .text.gpio_set_function
                0x10000598       0x34 CMakeFiles/main_wheel_encoder.dir/Users/jiawei/.pico-sdk/sdk/2.0.0/src/rp2_common/hardware_gpio/gpio.c.obj
                0x10000598                gpio_set_function
 .text.gpio_set_pulls
                0x100005cc       0x28 CMakeFiles/main_wheel_encoder.dir/Users/jiawei/.pico-sdk/sdk/2.0.0/src/rp2_common/hardware_gpio/gpio.c.obj
                0x100005cc                gpio_set_pulls
 .text.gpio_set_irq_enabled_with_callback
                0x100005f4       0xd0 CMakeFiles/main_wheel_encoder.dir/Users/jiawei/.pico-sdk/sdk/2.0.0/src/rp2_common/hardware_gpio/gpio.c.obj
                0x100005f4                gpio_set_irq_enabled_with_callback
 .text.gpio_init
                0x100006c4       0x40 CMakeFiles/main_wheel_encoder.dir/Users/jiawei/.pico-sdk/sdk/2.0.0/src/rp2_common/hardware_gpio/gpio.c.obj
                0x100006c4                gpio_init
 .text.rp2040_chip_version
                0x10000704        0xc CMakeFiles/main_wheel_encoder.dir/Users/jiawei/.pico-sdk/sdk/2.0.0/src/rp2040/pico_platform/platform.c.obj
                0x10000704                rp2040_chip_version
 .text.panic    0x10000710       0x30 CMakeFiles/main_wheel_encoder.dir/Users/jiawei/.pico-sdk/sdk/2.0.0/src/rp2_common/pico_platform_panic/panic.c.obj
                0x10000710                panic
 .text.hw_claim_or_assert
                0x10000740       0x44 CMakeFiles/main_wheel_encoder.dir/Users/jiawei/.pico-sdk/sdk/2.0.0/src/common/hardware_claim/claim.c.obj
                0x10000740                hw_claim_or_assert
 .text.hw_claim_unused_from_range
                0x10000784       0x9c CMakeFiles/main_wheel_encoder.dir/Users/jiawei/.pico-sdk/sdk/2.0.0/src/common/hardware_claim/claim.c.obj
                0x10000784                hw_claim_unused_from_range
 .text.next_striped_spin_lock_num
                0x10000820       0x18 CMakeFiles/main_wheel_encoder.dir/Users/jiawei/.pico-sdk/sdk/2.0.0/src/rp2_common/hardware_sync/sync.c.obj
                0x10000820                next_striped_spin_lock_num
 .text.spin_lock_claim_unused
                0x10000838       0x24 CMakeFiles/main_wheel_encoder.dir/Users/jiawei/.pico-sdk/sdk/2.0.0/src/rp2_common/hardware_sync/sync.c.obj
                0x10000838                spin_lock_claim_unused
 .text.spin_locks_reset
                0x1000085c       0x1c CMakeFiles/main_wheel_encoder.dir/Users/jiawei/.pico-sdk/sdk/2.0.0/src/rp2_common/hardware_sync_spin_lock/sync_spin_lock.c.obj
                0x1000085c                spin_locks_reset
 .text.runtime_init_per_core_irq_priorities
                0x10000878       0x24 CMakeFiles/main_wheel_encoder.dir/Users/jiawei/.pico-sdk/sdk/2.0.0/src/rp2_common/hardware_irq/irq.c.obj
                0x10000878                runtime_init_per_core_irq_priorities
 .text.irq_set_enabled
                0x1000089c       0x24 CMakeFiles/main_wheel_encoder.dir/Users/jiawei/.pico-sdk/sdk/2.0.0/src/rp2_common/hardware_irq/irq.c.obj
                0x1000089c                irq_set_enabled
 .text.irq_is_enabled
                0x100008c0       0x18 CMakeFiles/main_wheel_encoder.dir/Users/jiawei/.pico-sdk/sdk/2.0.0/src/rp2_common/hardware_irq/irq.c.obj
                0x100008c0                irq_is_enabled
 .text.irq_set_pending
                0x100008d8       0x10 CMakeFiles/main_wheel_encoder.dir/Users/jiawei/.pico-sdk/sdk/2.0.0/src/rp2_common/hardware_irq/irq.c.obj
                0x100008d8                irq_set_pending
 .text.irq_has_shared_handler
                0x100008e8       0x2c CMakeFiles/main_wheel_encoder.dir/Users/jiawei/.pico-sdk/sdk/2.0.0/src/rp2_common/hardware_irq/irq.c.obj
                0x100008e8                irq_has_shared_handler
 .text.irq_set_exclusive_handler
                0x10000914       0x54 CMakeFiles/main_wheel_encoder.dir/Users/jiawei/.pico-sdk/sdk/2.0.0/src/rp2_common/hardware_irq/irq.c.obj
                0x10000914                irq_set_exclusive_handler
 .text.irq_add_shared_handler
                0x10000968      0x1f4 CMakeFiles/main_wheel_encoder.dir/Users/jiawei/.pico-sdk/sdk/2.0.0/src/rp2_common/hardware_irq/irq.c.obj
                0x10000968                irq_add_shared_handler
 .text.irq_remove_handler
                0x10000b5c      0x1d4 CMakeFiles/main_wheel_encoder.dir/Users/jiawei/.pico-sdk/sdk/2.0.0/src/rp2_common/hardware_irq/irq.c.obj
                0x10000b5c                irq_remove_handler
 .text.irq_add_tail_to_free_list
                0x10000d30       0xb4 CMakeFiles/main_wheel_encoder.dir/Users/jiawei/.pico-sdk/sdk/2.0.0/src/rp2_common/hardware_irq/irq.c.obj
                0x10000d30                irq_add_tail_to_free_list
 .text.user_irq_claim_unused
                0x10000de4       0x2c CMakeFiles/main_wheel_encoder.dir/Users/jiawei/.pico-sdk/sdk/2.0.0/src/rp2_common/hardware_irq/irq.c.obj
                0x10000de4                user_irq_claim_unused
 .text.lock_init
                0x10000e10       0x10 CMakeFiles/main_wheel_encoder.dir/Users/jiawei/.pico-sdk/sdk/2.0.0/src/common/pico_sync/lock_core.c.obj
                0x10000e10                lock_init
 .text.runtime_init_mutex
                0x10000e20       0x50 CMakeFiles/main_wheel_encoder.dir/Users/jiawei/.pico-sdk/sdk/2.0.0/src/common/pico_sync/mutex.c.obj
                0x10000e20                runtime_init_mutex
 .text.mutex_init
                0x10000e70       0x1c CMakeFiles/main_wheel_encoder.dir/Users/jiawei/.pico-sdk/sdk/2.0.0/src/common/pico_sync/mutex.c.obj
                0x10000e70                mutex_init
 .text.critical_section_init
                0x10000e8c       0x1c CMakeFiles/main_wheel_encoder.dir/Users/jiawei/.pico-sdk/sdk/2.0.0/src/common/pico_sync/critical_section.c.obj
                0x10000e8c                critical_section_init
 .text.critical_section_init_with_lock_num
                0x10000ea8       0x14 CMakeFiles/main_wheel_encoder.dir/Users/jiawei/.pico-sdk/sdk/2.0.0/src/common/pico_sync/critical_section.c.obj
                0x10000ea8                critical_section_init_with_lock_num
 .text.sleep_until_callback
                0x10000ebc       0x30 CMakeFiles/main_wheel_encoder.dir/Users/jiawei/.pico-sdk/sdk/2.0.0/src/common/pico_time/time.c.obj
 .text.alarm_pool_irq_handler
                0x10000eec      0x2e4 CMakeFiles/main_wheel_encoder.dir/Users/jiawei/.pico-sdk/sdk/2.0.0/src/common/pico_time/time.c.obj
 .text.runtime_init_default_alarm_pool
                0x100011d0       0xdc CMakeFiles/main_wheel_encoder.dir/Users/jiawei/.pico-sdk/sdk/2.0.0/src/common/pico_time/time.c.obj
                0x100011d0                runtime_init_default_alarm_pool
 .text.alarm_pool_get_default
                0x100012ac        0x8 CMakeFiles/main_wheel_encoder.dir/Users/jiawei/.pico-sdk/sdk/2.0.0/src/common/pico_time/time.c.obj
                0x100012ac                alarm_pool_get_default
 .text.alarm_pool_add_alarm_at
                0x100012b4       0xd4 CMakeFiles/main_wheel_encoder.dir/Users/jiawei/.pico-sdk/sdk/2.0.0/src/common/pico_time/time.c.obj
                0x100012b4                alarm_pool_add_alarm_at
 .text.alarm_pool_add_alarm_at_force_in_context
                0x10001388       0xb0 CMakeFiles/main_wheel_encoder.dir/Users/jiawei/.pico-sdk/sdk/2.0.0/src/common/pico_time/time.c.obj
                0x10001388                alarm_pool_add_alarm_at_force_in_context
 .text.alarm_pool_cancel_alarm
                0x10001438       0x74 CMakeFiles/main_wheel_encoder.dir/Users/jiawei/.pico-sdk/sdk/2.0.0/src/common/pico_time/time.c.obj
                0x10001438                alarm_pool_cancel_alarm
 .text.alarm_pool_core_num
                0x100014ac        0x4 CMakeFiles/main_wheel_encoder.dir/Users/jiawei/.pico-sdk/sdk/2.0.0/src/common/pico_time/time.c.obj
                0x100014ac                alarm_pool_core_num
 .text.sleep_until
                0x100014b0       0xd8 CMakeFiles/main_wheel_encoder.dir/Users/jiawei/.pico-sdk/sdk/2.0.0/src/common/pico_time/time.c.obj
                0x100014b0                sleep_until
 .text.sleep_ms
                0x10001588       0x38 CMakeFiles/main_wheel_encoder.dir/Users/jiawei/.pico-sdk/sdk/2.0.0/src/common/pico_time/time.c.obj
                0x10001588                sleep_ms
 .text.best_effort_wfe_or_timeout
                0x100015c0      0x134 CMakeFiles/main_wheel_encoder.dir/Users/jiawei/.pico-sdk/sdk/2.0.0/src/common/pico_time/time.c.obj
                0x100015c0                best_effort_wfe_or_timeout
 .text.timer_hardware_alarm_claim
                0x100016f4       0x14 CMakeFiles/main_wheel_encoder.dir/Users/jiawei/.pico-sdk/sdk/2.0.0/src/rp2_common/hardware_timer/timer.c.obj
                0x100016f4                timer_hardware_alarm_claim
 .text.timer_time_us_64
                0x10001708       0x10 CMakeFiles/main_wheel_encoder.dir/Users/jiawei/.pico-sdk/sdk/2.0.0/src/rp2_common/hardware_timer/timer.c.obj
                0x10001708                timer_time_us_64
 .text.time_us_64
                0x10001718       0x14 CMakeFiles/main_wheel_encoder.dir/Users/jiawei/.pico-sdk/sdk/2.0.0/src/rp2_common/hardware_timer/timer.c.obj
                0x10001718                time_us_64
 .text.busy_wait_us
                0x1000172c       0x68 CMakeFiles/main_wheel_encoder.dir/Users/jiawei/.pico-sdk/sdk/2.0.0/src/rp2_common/hardware_timer/timer.c.obj
                0x1000172c                busy_wait_us
 .text.busy_wait_until
                0x10001794       0x20 CMakeFiles/main_wheel_encoder.dir/Users/jiawei/.pico-sdk/sdk/2.0.0/src/rp2_common/hardware_timer/timer.c.obj
                0x10001794                busy_wait_until
 .text.uart_init
                0x100017b4      0x120 CMakeFiles/main_wheel_encoder.dir/Users/jiawei/.pico-sdk/sdk/2.0.0/src/rp2_common/hardware_uart/uart.c.obj
                0x100017b4                uart_init
 .text.clock_configure_int_divider
                0x100018d4       0xf4 CMakeFiles/main_wheel_encoder.dir/Users/jiawei/.pico-sdk/sdk/2.0.0/src/rp2_common/hardware_clocks/clocks.c.obj
                0x100018d4                clock_configure_int_divider
 .text.clock_configure_undivided
                0x100019c8       0xe8 CMakeFiles/main_wheel_encoder.dir/Users/jiawei/.pico-sdk/sdk/2.0.0/src/rp2_common/hardware_clocks/clocks.c.obj
                0x100019c8                clock_configure_undivided
 .text.clock_get_hz
                0x10001ab0        0xc CMakeFiles/main_wheel_encoder.dir/Users/jiawei/.pico-sdk/sdk/2.0.0/src/rp2_common/hardware_clocks/clocks.c.obj
                0x10001ab0                clock_get_hz
 .text.pll_init
                0x10001abc       0xa4 CMakeFiles/main_wheel_encoder.dir/Users/jiawei/.pico-sdk/sdk/2.0.0/src/rp2_common/hardware_pll/pll.c.obj
                0x10001abc                pll_init
 .text.watchdog_reboot
                0x10001b60       0x9c CMakeFiles/main_wheel_encoder.dir/Users/jiawei/.pico-sdk/sdk/2.0.0/src/rp2_common/hardware_watchdog/watchdog.c.obj
                0x10001b60                watchdog_reboot
 .text.tick_start
                0x10001bfc       0x10 CMakeFiles/main_wheel_encoder.dir/Users/jiawei/.pico-sdk/sdk/2.0.0/src/rp2_common/hardware_ticks/ticks.c.obj
                0x10001bfc                tick_start
 .text.xosc_init
                0x10001c0c       0x28 CMakeFiles/main_wheel_encoder.dir/Users/jiawei/.pico-sdk/sdk/2.0.0/src/rp2_common/hardware_xosc/xosc.c.obj
                0x10001c0c                xosc_init
 .text.first_per_core_initializer
                0x10001c34        0x4 CMakeFiles/main_wheel_encoder.dir/Users/jiawei/.pico-sdk/sdk/2.0.0/src/rp2_common/pico_runtime/runtime.c.obj
 .text.hard_assertion_failure
                0x10001c38        0xc CMakeFiles/main_wheel_encoder.dir/Users/jiawei/.pico-sdk/sdk/2.0.0/src/rp2_common/pico_runtime/runtime.c.obj
                0x10001c38                hard_assertion_failure
 .text.runtime_run_initializers
                0x10001c44       0x28 CMakeFiles/main_wheel_encoder.dir/Users/jiawei/.pico-sdk/sdk/2.0.0/src/rp2_common/pico_runtime/runtime.c.obj
                0x10001c44                runtime_run_initializers
 .text.runtime_init_early_resets
                0x10001c6c       0x2c CMakeFiles/main_wheel_encoder.dir/Users/jiawei/.pico-sdk/sdk/2.0.0/src/rp2_common/pico_runtime_init/runtime_init.c.obj
                0x10001c6c                runtime_init_early_resets
 .text.runtime_init_usb_power_down
                0x10001c98       0x1c CMakeFiles/main_wheel_encoder.dir/Users/jiawei/.pico-sdk/sdk/2.0.0/src/rp2_common/pico_runtime_init/runtime_init.c.obj
                0x10001c98                runtime_init_usb_power_down
 .text.runtime_init_post_clock_resets
                0x10001cb4       0x20 CMakeFiles/main_wheel_encoder.dir/Users/jiawei/.pico-sdk/sdk/2.0.0/src/rp2_common/pico_runtime_init/runtime_init.c.obj
                0x10001cb4                runtime_init_post_clock_resets
 .text.runtime_init_rp2040_gpio_ie_disable
                0x10001cd4       0x14 CMakeFiles/main_wheel_encoder.dir/Users/jiawei/.pico-sdk/sdk/2.0.0/src/rp2_common/pico_runtime_init/runtime_init.c.obj
                0x10001cd4                runtime_init_rp2040_gpio_ie_disable
 .text.runtime_init_spin_locks_reset
                0x10001ce8        0x8 CMakeFiles/main_wheel_encoder.dir/Users/jiawei/.pico-sdk/sdk/2.0.0/src/rp2_common/pico_runtime_init/runtime_init.c.obj
                0x10001ce8                runtime_init_spin_locks_reset
 .text.runtime_init_install_ram_vector_table
                0x10001cf0       0x1c CMakeFiles/main_wheel_encoder.dir/Users/jiawei/.pico-sdk/sdk/2.0.0/src/rp2_common/pico_runtime_init/runtime_init.c.obj
                0x10001cf0                runtime_init_install_ram_vector_table
 .text.runtime_init_clocks
                0x10001d0c       0xd8 CMakeFiles/main_wheel_encoder.dir/Users/jiawei/.pico-sdk/sdk/2.0.0/src/rp2_common/pico_runtime_init/runtime_init_clocks.c.obj
                0x10001d0c                runtime_init_clocks
 .text          0x10001de4       0x10 CMakeFiles/main_wheel_encoder.dir/Users/jiawei/.pico-sdk/sdk/2.0.0/src/rp2_common/pico_bit_ops/bit_ops_aeabi.S.obj
 .text.rom_func_lookup
                0x10001df4       0x10 CMakeFiles/main_wheel_encoder.dir/Users/jiawei/.pico-sdk/sdk/2.0.0/src/rp2_common/pico_bootrom/bootrom.c.obj
                0x10001df4                rom_func_lookup
 .text.rom_data_lookup
                0x10001e04       0x10 CMakeFiles/main_wheel_encoder.dir/Users/jiawei/.pico-sdk/sdk/2.0.0/src/rp2_common/pico_bootrom/bootrom.c.obj
                0x10001e04                rom_data_lookup
 .text.rom_funcs_lookup
                0x10001e14       0x44 CMakeFiles/main_wheel_encoder.dir/Users/jiawei/.pico-sdk/sdk/2.0.0/src/rp2_common/pico_bootrom/bootrom.c.obj
                0x10001e14                rom_funcs_lookup
 .text.rom_reset_usb_boot
                0x10001e58       0x20 CMakeFiles/main_wheel_encoder.dir/Users/jiawei/.pico-sdk/sdk/2.0.0/src/rp2_common/pico_bootrom/bootrom.c.obj
                0x10001e58                rom_reset_usb_boot
 .text.__wrap___aeabi_idiv
                0x10001e78       0x50 CMakeFiles/main_wheel_encoder.dir/Users/jiawei/.pico-sdk/sdk/2.0.0/src/rp2_common/pico_divider/divider_hardware.S.obj
                0x10001e78                __wrap___aeabi_idivmod
                0x10001e78                divmod_s32s32
                0x10001e78                div_s32s32
                0x10001e78                __wrap___aeabi_idiv
                0x10001e80                divmod_s32s32_unsafe
                0x10001eac                divmod_s32s32_savestate
 .text.__wrap___aeabi_uidiv
                0x10001ec8       0x4c CMakeFiles/main_wheel_encoder.dir/Users/jiawei/.pico-sdk/sdk/2.0.0/src/rp2_common/pico_divider/divider_hardware.S.obj
                0x10001ec8                __wrap___aeabi_uidiv
                0x10001ec8                __wrap___aeabi_uidivmod
                0x10001ec8                div_u32u32
                0x10001ec8                divmod_u32u32
                0x10001ed0                divmod_u32u32_unsafe
                0x10001ef8                divmod_u32u32_savestate
 .text.__wrap___aeabi_ldiv
                0x10001f14      0x424 CMakeFiles/main_wheel_encoder.dir/Users/jiawei/.pico-sdk/sdk/2.0.0/src/rp2_common/pico_divider/divider_hardware.S.obj
                0x10001f14                __wrap___aeabi_ldivmod
                0x10001f14                div_s64s64
                0x10001f14                divmod_s64s64
                0x10001f44                divmod_u64u64
                0x10001f44                div_u64u64
                0x10001f44                __wrap___aeabi_uldivmod
                0x10001f54                divmod_u64u64_savestate
                0x10001f74                divmod_s64s64_unsafe
                0x10001ffc                divmod_u64u64_unsafe
 .text.__wrap___aeabi_darithmetic
                0x10002338       0x60 CMakeFiles/main_wheel_encoder.dir/Users/jiawei/.pico-sdk/sdk/2.0.0/src/rp2_common/pico_double/double_aeabi_rp2040.S.obj
                0x10002338                __wrap___aeabi_drsub
                0x1000233e                __wrap___aeabi_dsub
                0x10002348                __wrap___aeabi_dadd
                0x10002352                __wrap___aeabi_ddiv
                0x10002386                __wrap___aeabi_dmul
 .text.__wrap___aeabi_cdcmple
                0x10002398       0x6c CMakeFiles/main_wheel_encoder.dir/Users/jiawei/.pico-sdk/sdk/2.0.0/src/rp2_common/pico_double/double_aeabi_rp2040.S.obj
                0x10002398                __wrap___aeabi_cdrcmple
                0x100023a8                __wrap___aeabi_cdcmple
                0x100023a8                __wrap___aeabi_cdcmpeq
 .text.__wrap___aeabi_dcmplt
                0x10002404        0xc CMakeFiles/main_wheel_encoder.dir/Users/jiawei/.pico-sdk/sdk/2.0.0/src/rp2_common/pico_double/double_aeabi_rp2040.S.obj
                0x10002404                __wrap___aeabi_dcmplt
 .text.__wrap___aeabi_dcmpge
                0x10002410       0x10 CMakeFiles/main_wheel_encoder.dir/Users/jiawei/.pico-sdk/sdk/2.0.0/src/rp2_common/pico_double/double_aeabi_rp2040.S.obj
                0x10002410                __wrap___aeabi_dcmpge
 .text.__wrap___aeabi_dcmpgt
                0x10002420        0xa CMakeFiles/main_wheel_encoder.dir/Users/jiawei/.pico-sdk/sdk/2.0.0/src/rp2_common/pico_double/double_aeabi_rp2040.S.obj
                0x10002420                __wrap___aeabi_dcmpgt
 .text.__wrap___aeabi_dcmpun
                0x1000242a       0x18 CMakeFiles/main_wheel_encoder.dir/Users/jiawei/.pico-sdk/sdk/2.0.0/src/rp2_common/pico_double/double_aeabi_rp2040.S.obj
                0x1000242a                __wrap___aeabi_dcmpun
 *fill*         0x10002442        0x2 
 .text.__wrap___aeabi_i2d
                0x10002444       0x38 CMakeFiles/main_wheel_encoder.dir/Users/jiawei/.pico-sdk/sdk/2.0.0/src/rp2_common/pico_double/double_aeabi_rp2040.S.obj
                0x10002444                __wrap___aeabi_ui2d
                0x1000244c                __wrap___aeabi_i2d
 .text.__wrap___aeabi_d2iz
                0x1000247c       0x48 CMakeFiles/main_wheel_encoder.dir/Users/jiawei/.pico-sdk/sdk/2.0.0/src/rp2_common/pico_double/double_aeabi_rp2040.S.obj
                0x1000247c                __wrap___aeabi_d2iz
                0x1000247c                double2int_z
 .text.__wrap___aeabi_d2uiz
                0x100024c4       0x10 CMakeFiles/main_wheel_encoder.dir/Users/jiawei/.pico-sdk/sdk/2.0.0/src/rp2_common/pico_double/double_aeabi_rp2040.S.obj
                0x100024c4                double2uint
                0x100024c4                __wrap___aeabi_d2uiz
 .text.missing_double_func_shim
                0x100024d4        0xc CMakeFiles/main_wheel_encoder.dir/Users/jiawei/.pico-sdk/sdk/2.0.0/src/rp2_common/pico_double/double_init_rom_rp2040.c.obj
 .text.__aeabi_double_init
                0x100024e0       0xa0 CMakeFiles/main_wheel_encoder.dir/Users/jiawei/.pico-sdk/sdk/2.0.0/src/rp2_common/pico_double/double_init_rom_rp2040.c.obj
                0x100024e0                __aeabi_double_init
 .text.double_table_shim_on_use_helper
                0x10002580       0x2c CMakeFiles/main_wheel_encoder.dir/Users/jiawei/.pico-sdk/sdk/2.0.0/src/rp2_common/pico_double/double_v1_rom_shim_rp2040.S.obj
                0x10002580                double_table_shim_on_use_helper
 .text.__aeabi_lmul
                0x100025ac       0x32 CMakeFiles/main_wheel_encoder.dir/Users/jiawei/.pico-sdk/sdk/2.0.0/src/rp2_common/pico_int64_ops/pico_int64_ops_aeabi.S.obj
                0x100025ac                __wrap___aeabi_lmul
 *fill*         0x100025de        0x2 
 .text.__wrap___aeabi_farithmetic
                0x100025e0       0x48 CMakeFiles/main_wheel_encoder.dir/Users/jiawei/.pico-sdk/sdk/2.0.0/src/rp2_common/pico_float/float_aeabi_rp2040.S.obj
                0x100025e0                __wrap___aeabi_frsub
                0x100025e6                __wrap___aeabi_fsub
                0x100025ec                __wrap___aeabi_fadd
                0x100025f2                __wrap___aeabi_fdiv
                0x1000261a                __wrap___aeabi_fmul
 .text.__wrap___aeabi_cfcmple
                0x10002628       0x50 CMakeFiles/main_wheel_encoder.dir/Users/jiawei/.pico-sdk/sdk/2.0.0/src/rp2_common/pico_float/float_aeabi_rp2040.S.obj
                0x10002628                __wrap___aeabi_cfrcmple
                0x10002634                __wrap___aeabi_cfcmpeq
                0x10002634                __wrap___aeabi_cfcmple
 .text.__wrap___aeabi_fcmpgt
                0x10002678        0xa CMakeFiles/main_wheel_encoder.dir/Users/jiawei/.pico-sdk/sdk/2.0.0/src/rp2_common/pico_float/float_aeabi_rp2040.S.obj
                0x10002678                __wrap___aeabi_fcmpgt
 .text.__wrap___aeabi_ui2f
                0x10002682        0xa CMakeFiles/main_wheel_encoder.dir/Users/jiawei/.pico-sdk/sdk/2.0.0/src/rp2_common/pico_float/float_aeabi_rp2040.S.obj
                0x10002682                uint2float
                0x10002682                __wrap___aeabi_ui2f
 .text.__wrap___aeabi_i2f
                0x1000268c       0x44 CMakeFiles/main_wheel_encoder.dir/Users/jiawei/.pico-sdk/sdk/2.0.0/src/rp2_common/pico_float/float_aeabi_rp2040.S.obj
                0x1000268c                int2float
                0x1000268c                __wrap___aeabi_i2f
 .text.__wrap___aeabi_ul2f
                0x100026d0       0x18 CMakeFiles/main_wheel_encoder.dir/Users/jiawei/.pico-sdk/sdk/2.0.0/src/rp2_common/pico_float/float_aeabi_rp2040.S.obj
                0x100026d4                __wrap___aeabi_ul2f
                0x100026d4                uint642float
 .text.__wrap___aeabi_f2d
                0x100026e8        0xc CMakeFiles/main_wheel_encoder.dir/Users/jiawei/.pico-sdk/sdk/2.0.0/src/rp2_common/pico_float/float_aeabi_rp2040.S.obj
                0x100026e8                __wrap___aeabi_f2d
 .text.missing_float_func_shim
                0x100026f4        0xc CMakeFiles/main_wheel_encoder.dir/Users/jiawei/.pico-sdk/sdk/2.0.0/src/rp2_common/pico_float/float_init_rom_rp2040.c.obj
 .text.__aeabi_float_init
                0x10002700       0x5c CMakeFiles/main_wheel_encoder.dir/Users/jiawei/.pico-sdk/sdk/2.0.0/src/rp2_common/pico_float/float_init_rom_rp2040.c.obj
                0x10002700                __aeabi_float_init
 .text          0x1000275c       0x10 CMakeFiles/main_wheel_encoder.dir/Users/jiawei/.pico-sdk/sdk/2.0.0/src/rp2_common/pico_mem_ops/mem_ops_aeabi.S.obj
                0x1000275c                __aeabi_mem_init
 .text.memset   0x1000276c        0xc CMakeFiles/main_wheel_encoder.dir/Users/jiawei/.pico-sdk/sdk/2.0.0/src/rp2_common/pico_mem_ops/mem_ops_aeabi.S.obj
                0x1000276c                __wrap_memset
 .text.memcpy   0x10002778        0xc CMakeFiles/main_wheel_encoder.dir/Users/jiawei/.pico-sdk/sdk/2.0.0/src/rp2_common/pico_mem_ops/mem_ops_aeabi.S.obj
                0x10002778                __wrap___aeabi_memcpy
                0x10002778                __wrap_memcpy
 .text._out_null
                0x10002784        0x4 CMakeFiles/main_wheel_encoder.dir/Users/jiawei/.pico-sdk/sdk/2.0.0/src/rp2_common/pico_printf/printf.c.obj
 .text._out_rev
                0x10002788       0xac CMakeFiles/main_wheel_encoder.dir/Users/jiawei/.pico-sdk/sdk/2.0.0/src/rp2_common/pico_printf/printf.c.obj
 .text._ntoa_format
                0x10002834      0x250 CMakeFiles/main_wheel_encoder.dir/Users/jiawei/.pico-sdk/sdk/2.0.0/src/rp2_common/pico_printf/printf.c.obj
 .text._out_char
                0x10002a84       0x10 CMakeFiles/main_wheel_encoder.dir/Users/jiawei/.pico-sdk/sdk/2.0.0/src/rp2_common/pico_printf/printf.c.obj
 .text._out_fct
                0x10002a94       0x10 CMakeFiles/main_wheel_encoder.dir/Users/jiawei/.pico-sdk/sdk/2.0.0/src/rp2_common/pico_printf/printf.c.obj
 .text._etoa    0x10002aa4      0x464 CMakeFiles/main_wheel_encoder.dir/Users/jiawei/.pico-sdk/sdk/2.0.0/src/rp2_common/pico_printf/printf.c.obj
 .text._ftoa    0x10002f08      0x3c0 CMakeFiles/main_wheel_encoder.dir/Users/jiawei/.pico-sdk/sdk/2.0.0/src/rp2_common/pico_printf/printf.c.obj
 .text._vsnprintf
                0x100032c8      0xbc8 CMakeFiles/main_wheel_encoder.dir/Users/jiawei/.pico-sdk/sdk/2.0.0/src/rp2_common/pico_printf/printf.c.obj
 .text.vfctprintf
                0x10003e90       0x20 CMakeFiles/main_wheel_encoder.dir/Users/jiawei/.pico-sdk/sdk/2.0.0/src/rp2_common/pico_printf/printf.c.obj
                0x10003e90                vfctprintf
 .text.weak_raw_vprintf
                0x10003eb0       0x30 CMakeFiles/main_wheel_encoder.dir/Users/jiawei/.pico-sdk/sdk/2.0.0/src/rp2_common/pico_printf/printf.c.obj
                0x10003eb0                weak_raw_vprintf
 .text._exit    0x10003ee0        0x4 CMakeFiles/main_wheel_encoder.dir/Users/jiawei/.pico-sdk/sdk/2.0.0/src/rp2_common/pico_clib_interface/newlib_interface.c.obj
                0x10003ee0                _exit
 .text.exit     0x10003ee4        0x8 CMakeFiles/main_wheel_encoder.dir/Users/jiawei/.pico-sdk/sdk/2.0.0/src/rp2_common/pico_clib_interface/newlib_interface.c.obj
                0x10003ee4                exit
 .text.runtime_init
                0x10003eec       0x2c CMakeFiles/main_wheel_encoder.dir/Users/jiawei/.pico-sdk/sdk/2.0.0/src/rp2_common/pico_clib_interface/newlib_interface.c.obj
                0x10003eec                runtime_init
 .text.stdio_out_chars_no_crlf
                0x10003f18       0x10 CMakeFiles/main_wheel_encoder.dir/Users/jiawei/.pico-sdk/sdk/2.0.0/src/rp2_common/pico_stdio/stdio.c.obj
 .text.stdio_out_chars_crlf
                0x10003f28       0x94 CMakeFiles/main_wheel_encoder.dir/Users/jiawei/.pico-sdk/sdk/2.0.0/src/rp2_common/pico_stdio/stdio.c.obj
 .text.stdio_buffered_printer
                0x10003fbc       0x64 CMakeFiles/main_wheel_encoder.dir/Users/jiawei/.pico-sdk/sdk/2.0.0/src/rp2_common/pico_stdio/stdio.c.obj
 .text.stdio_put_string
                0x10004020      0x100 CMakeFiles/main_wheel_encoder.dir/Users/jiawei/.pico-sdk/sdk/2.0.0/src/rp2_common/pico_stdio/stdio.c.obj
                0x10004020                stdio_put_string
 .text.stdio_set_driver_enabled
                0x10004120       0x30 CMakeFiles/main_wheel_encoder.dir/Users/jiawei/.pico-sdk/sdk/2.0.0/src/rp2_common/pico_stdio/stdio.c.obj
                0x10004120                stdio_set_driver_enabled
 .text.stdio_init_all
                0x10004150       0x10 CMakeFiles/main_wheel_encoder.dir/Users/jiawei/.pico-sdk/sdk/2.0.0/src/rp2_common/pico_stdio/stdio.c.obj
                0x10004150                stdio_init_all
 .text.__wrap_putchar
                0x10004160       0x98 CMakeFiles/main_wheel_encoder.dir/Users/jiawei/.pico-sdk/sdk/2.0.0/src/rp2_common/pico_stdio/stdio.c.obj
                0x10004160                stdio_putchar
                0x10004160                __wrap_putchar
 .text.__wrap_puts
                0x100041f8       0x3c CMakeFiles/main_wheel_encoder.dir/Users/jiawei/.pico-sdk/sdk/2.0.0/src/rp2_common/pico_stdio/stdio.c.obj
                0x100041f8                __wrap_puts
                0x100041f8                stdio_puts
 .text.__wrap_vprintf
                0x10004234       0xd4 CMakeFiles/main_wheel_encoder.dir/Users/jiawei/.pico-sdk/sdk/2.0.0/src/rp2_common/pico_stdio/stdio.c.obj
                0x10004234                __wrap_vprintf
                0x10004234                stdio_vprintf
 .text.__wrap_printf
                0x10004308       0x18 CMakeFiles/main_wheel_encoder.dir/Users/jiawei/.pico-sdk/sdk/2.0.0/src/rp2_common/pico_stdio/stdio.c.obj
                0x10004308                stdio_printf
                0x10004308                __wrap_printf
 .text.stdio_uart_out_chars
                0x10004320       0x4c CMakeFiles/main_wheel_encoder.dir/Users/jiawei/.pico-sdk/sdk/2.0.0/src/rp2_common/pico_stdio_uart/stdio_uart.c.obj
 .text.stdio_uart_in_chars
                0x1000436c       0x90 CMakeFiles/main_wheel_encoder.dir/Users/jiawei/.pico-sdk/sdk/2.0.0/src/rp2_common/pico_stdio_uart/stdio_uart.c.obj
                0x1000436c                stdio_uart_in_chars
 .text.on_uart_rx
                0x100043fc       0x28 CMakeFiles/main_wheel_encoder.dir/Users/jiawei/.pico-sdk/sdk/2.0.0/src/rp2_common/pico_stdio_uart/stdio_uart.c.obj
 .text.stdio_uart_out_flush
                0x10004424       0x10 CMakeFiles/main_wheel_encoder.dir/Users/jiawei/.pico-sdk/sdk/2.0.0/src/rp2_common/pico_stdio_uart/stdio_uart.c.obj
 .text.stdio_uart_set_chars_available_callback
                0x10004434       0x8c CMakeFiles/main_wheel_encoder.dir/Users/jiawei/.pico-sdk/sdk/2.0.0/src/rp2_common/pico_stdio_uart/stdio_uart.c.obj
 .text.stdio_uart_init
                0x100044c0       0x50 CMakeFiles/main_wheel_encoder.dir/Users/jiawei/.pico-sdk/sdk/2.0.0/src/rp2_common/pico_stdio_uart/stdio_uart.c.obj
                0x100044c0                stdio_uart_init
 .text.resetd_init
                0x10004510        0x4 CMakeFiles/main_wheel_encoder.dir/Users/jiawei/.pico-sdk/sdk/2.0.0/src/rp2_common/pico_stdio_usb/reset_interface.c.obj
 .text.resetd_reset
                0x10004514        0xc CMakeFiles/main_wheel_encoder.dir/Users/jiawei/.pico-sdk/sdk/2.0.0/src/rp2_common/pico_stdio_usb/reset_interface.c.obj
 .text.resetd_open
                0x10004520       0x28 CMakeFiles/main_wheel_encoder.dir/Users/jiawei/.pico-sdk/sdk/2.0.0/src/rp2_common/pico_stdio_usb/reset_interface.c.obj
 .text.resetd_xfer_cb
                0x10004548        0x4 CMakeFiles/main_wheel_encoder.dir/Users/jiawei/.pico-sdk/sdk/2.0.0/src/rp2_common/pico_stdio_usb/reset_interface.c.obj
 .text.resetd_control_xfer_cb
                0x1000454c       0x54 CMakeFiles/main_wheel_encoder.dir/Users/jiawei/.pico-sdk/sdk/2.0.0/src/rp2_common/pico_stdio_usb/reset_interface.c.obj
 .text.tud_descriptor_bos_cb
                0x100045a0        0x8 CMakeFiles/main_wheel_encoder.dir/Users/jiawei/.pico-sdk/sdk/2.0.0/src/rp2_common/pico_stdio_usb/reset_interface.c.obj
                0x100045a0                tud_descriptor_bos_cb
 .text.tud_vendor_control_xfer_cb
                0x100045a8       0x34 CMakeFiles/main_wheel_encoder.dir/Users/jiawei/.pico-sdk/sdk/2.0.0/src/rp2_common/pico_stdio_usb/reset_interface.c.obj
                0x100045a8                tud_vendor_control_xfer_cb
 .text.usbd_app_driver_get_cb
                0x100045dc        0xc CMakeFiles/main_wheel_encoder.dir/Users/jiawei/.pico-sdk/sdk/2.0.0/src/rp2_common/pico_stdio_usb/reset_interface.c.obj
                0x100045dc                usbd_app_driver_get_cb
 .text.tud_cdc_line_coding_cb
                0x100045e8       0x28 CMakeFiles/main_wheel_encoder.dir/Users/jiawei/.pico-sdk/sdk/2.0.0/src/rp2_common/pico_stdio_usb/reset_interface.c.obj
                0x100045e8                tud_cdc_line_coding_cb
 .text.stdio_usb_set_chars_available_callback
                0x10004610       0x14 CMakeFiles/main_wheel_encoder.dir/Users/jiawei/.pico-sdk/sdk/2.0.0/src/rp2_common/pico_stdio_usb/stdio_usb.c.obj
                0x10004610                stdio_usb_set_chars_available_callback
 .text.usb_irq  0x10004624       0x10 CMakeFiles/main_wheel_encoder.dir/Users/jiawei/.pico-sdk/sdk/2.0.0/src/rp2_common/pico_stdio_usb/stdio_usb.c.obj
 .text.timer_task
                0x10004634       0x64 CMakeFiles/main_wheel_encoder.dir/Users/jiawei/.pico-sdk/sdk/2.0.0/src/rp2_common/pico_stdio_usb/stdio_usb.c.obj
 .text.stdio_usb_in_chars
                0x10004698       0x90 CMakeFiles/main_wheel_encoder.dir/Users/jiawei/.pico-sdk/sdk/2.0.0/src/rp2_common/pico_stdio_usb/stdio_usb.c.obj
                0x10004698                stdio_usb_in_chars
 .text.stdio_usb_out_flush
                0x10004728       0x50 CMakeFiles/main_wheel_encoder.dir/Users/jiawei/.pico-sdk/sdk/2.0.0/src/rp2_common/pico_stdio_usb/stdio_usb.c.obj
 .text.stdio_usb_out_chars
                0x10004778      0x104 CMakeFiles/main_wheel_encoder.dir/Users/jiawei/.pico-sdk/sdk/2.0.0/src/rp2_common/pico_stdio_usb/stdio_usb.c.obj
 .text.low_priority_worker_irq
                0x1000487c       0xcc CMakeFiles/main_wheel_encoder.dir/Users/jiawei/.pico-sdk/sdk/2.0.0/src/rp2_common/pico_stdio_usb/stdio_usb.c.obj
 .text.stdio_usb_init
                0x10004948       0xe8 CMakeFiles/main_wheel_encoder.dir/Users/jiawei/.pico-sdk/sdk/2.0.0/src/rp2_common/pico_stdio_usb/stdio_usb.c.obj
                0x10004948                stdio_usb_init
 .text.tud_descriptor_device_cb
                0x10004a30        0x8 CMakeFiles/main_wheel_encoder.dir/Users/jiawei/.pico-sdk/sdk/2.0.0/src/rp2_common/pico_stdio_usb/stdio_usb_descriptors.c.obj
                0x10004a30                tud_descriptor_device_cb
 .text.tud_descriptor_configuration_cb
                0x10004a38        0x8 CMakeFiles/main_wheel_encoder.dir/Users/jiawei/.pico-sdk/sdk/2.0.0/src/rp2_common/pico_stdio_usb/stdio_usb_descriptors.c.obj
                0x10004a38                tud_descriptor_configuration_cb
 .text.tud_descriptor_string_cb
                0x10004a40       0x78 CMakeFiles/main_wheel_encoder.dir/Users/jiawei/.pico-sdk/sdk/2.0.0/src/rp2_common/pico_stdio_usb/stdio_usb_descriptors.c.obj
                0x10004a40                tud_descriptor_string_cb
 .text.startup._retrieve_unique_id_on_boot
                0x10004ab8       0x10 CMakeFiles/main_wheel_encoder.dir/Users/jiawei/.pico-sdk/sdk/2.0.0/src/rp2_common/pico_unique_id/unique_id.c.obj
 .text.pico_get_unique_board_id_string
                0x10004ac8      0x1a8 CMakeFiles/main_wheel_encoder.dir/Users/jiawei/.pico-sdk/sdk/2.0.0/src/rp2_common/pico_unique_id/unique_id.c.obj
                0x10004ac8                pico_get_unique_board_id_string
 .text.flash_get_unique_id
                0x10004c70       0x3c CMakeFiles/main_wheel_encoder.dir/Users/jiawei/.pico-sdk/sdk/2.0.0/src/rp2_common/hardware_flash/flash.c.obj
                0x10004c70                flash_get_unique_id
 .text.dcd_init
                0x10004cac       0x8c CMakeFiles/main_wheel_encoder.dir/Users/jiawei/.pico-sdk/sdk/2.0.0/lib/tinyusb/src/portable/raspberrypi/rp2040/dcd_rp2040.c.obj
                0x10004cac                dcd_init
 .text.dcd_int_enable
                0x10004d38        0xc CMakeFiles/main_wheel_encoder.dir/Users/jiawei/.pico-sdk/sdk/2.0.0/lib/tinyusb/src/portable/raspberrypi/rp2040/dcd_rp2040.c.obj
                0x10004d38                dcd_int_enable
 .text.dcd_set_address
                0x10004d44       0x14 CMakeFiles/main_wheel_encoder.dir/Users/jiawei/.pico-sdk/sdk/2.0.0/lib/tinyusb/src/portable/raspberrypi/rp2040/dcd_rp2040.c.obj
                0x10004d44                dcd_set_address
 .text.dcd_sof_enable
                0x10004d58       0x1c CMakeFiles/main_wheel_encoder.dir/Users/jiawei/.pico-sdk/sdk/2.0.0/lib/tinyusb/src/portable/raspberrypi/rp2040/dcd_rp2040.c.obj
                0x10004d58                dcd_sof_enable
 .text.dcd_edpt0_status_complete
                0x10004d74       0x1c CMakeFiles/main_wheel_encoder.dir/Users/jiawei/.pico-sdk/sdk/2.0.0/lib/tinyusb/src/portable/raspberrypi/rp2040/dcd_rp2040.c.obj
                0x10004d74                dcd_edpt0_status_complete
 .text.dcd_edpt_open
                0x10004d90      0x108 CMakeFiles/main_wheel_encoder.dir/Users/jiawei/.pico-sdk/sdk/2.0.0/lib/tinyusb/src/portable/raspberrypi/rp2040/dcd_rp2040.c.obj
                0x10004d90                dcd_edpt_open
 .text.dcd_edpt_close_all
                0x10004e98        0x8 CMakeFiles/main_wheel_encoder.dir/Users/jiawei/.pico-sdk/sdk/2.0.0/lib/tinyusb/src/portable/raspberrypi/rp2040/dcd_rp2040.c.obj
                0x10004e98                dcd_edpt_close_all
 .text.dcd_edpt_xfer
                0x10004ea0       0x24 CMakeFiles/main_wheel_encoder.dir/Users/jiawei/.pico-sdk/sdk/2.0.0/lib/tinyusb/src/portable/raspberrypi/rp2040/dcd_rp2040.c.obj
                0x10004ea0                dcd_edpt_xfer
 .text.dcd_edpt_stall
                0x10004ec4       0x34 CMakeFiles/main_wheel_encoder.dir/Users/jiawei/.pico-sdk/sdk/2.0.0/lib/tinyusb/src/portable/raspberrypi/rp2040/dcd_rp2040.c.obj
                0x10004ec4                dcd_edpt_stall
 .text.dcd_edpt_clear_stall
                0x10004ef8       0x30 CMakeFiles/main_wheel_encoder.dir/Users/jiawei/.pico-sdk/sdk/2.0.0/lib/tinyusb/src/portable/raspberrypi/rp2040/dcd_rp2040.c.obj
                0x10004ef8                dcd_edpt_clear_stall
 .text.rp2040_usb_init
                0x10004f28       0x40 CMakeFiles/main_wheel_encoder.dir/Users/jiawei/.pico-sdk/sdk/2.0.0/lib/tinyusb/src/portable/raspberrypi/rp2040/rp2040_usb.c.obj
                0x10004f28                rp2040_usb_init
 .text.hw_endpoint_xfer_start
                0x10004f68       0x40 CMakeFiles/main_wheel_encoder.dir/Users/jiawei/.pico-sdk/sdk/2.0.0/lib/tinyusb/src/portable/raspberrypi/rp2040/rp2040_usb.c.obj
                0x10004f68                hw_endpoint_xfer_start
 .text.tud_event_hook_cb
                0x10004fa8        0x4 CMakeFiles/main_wheel_encoder.dir/Users/jiawei/.pico-sdk/sdk/2.0.0/lib/tinyusb/src/device/usbd.c.obj
                0x10004fa8                tud_event_hook_cb
 .text.tud_sof_cb
                0x10004fac        0x4 CMakeFiles/main_wheel_encoder.dir/Users/jiawei/.pico-sdk/sdk/2.0.0/lib/tinyusb/src/device/usbd.c.obj
                0x10004fac                tud_sof_cb
 .text.tud_descriptor_device_qualifier_cb
                0x10004fb0        0x4 CMakeFiles/main_wheel_encoder.dir/Users/jiawei/.pico-sdk/sdk/2.0.0/lib/tinyusb/src/device/usbd.c.obj
                0x10004fb0                tud_descriptor_device_qualifier_cb
 .text.tud_descriptor_other_speed_configuration_cb
                0x10004fb4        0x4 CMakeFiles/main_wheel_encoder.dir/Users/jiawei/.pico-sdk/sdk/2.0.0/lib/tinyusb/src/device/usbd.c.obj
                0x10004fb4                tud_descriptor_other_speed_configuration_cb
 .text.tud_mount_cb
                0x10004fb8        0x4 CMakeFiles/main_wheel_encoder.dir/Users/jiawei/.pico-sdk/sdk/2.0.0/lib/tinyusb/src/device/usbd.c.obj
                0x10004fb8                tud_mount_cb
 .text.tud_umount_cb
                0x10004fbc        0x4 CMakeFiles/main_wheel_encoder.dir/Users/jiawei/.pico-sdk/sdk/2.0.0/lib/tinyusb/src/device/usbd.c.obj
                0x10004fbc                tud_umount_cb
 .text.tud_suspend_cb
                0x10004fc0        0x4 CMakeFiles/main_wheel_encoder.dir/Users/jiawei/.pico-sdk/sdk/2.0.0/lib/tinyusb/src/device/usbd.c.obj
                0x10004fc0                tud_suspend_cb
 .text.tud_resume_cb
                0x10004fc4        0x4 CMakeFiles/main_wheel_encoder.dir/Users/jiawei/.pico-sdk/sdk/2.0.0/lib/tinyusb/src/device/usbd.c.obj
                0x10004fc4                tud_resume_cb
 .text.tud_mounted
                0x10004fc8       0x10 CMakeFiles/main_wheel_encoder.dir/Users/jiawei/.pico-sdk/sdk/2.0.0/lib/tinyusb/src/device/usbd.c.obj
                0x10004fc8                tud_mounted
 .text.tud_suspended
                0x10004fd8       0x10 CMakeFiles/main_wheel_encoder.dir/Users/jiawei/.pico-sdk/sdk/2.0.0/lib/tinyusb/src/device/usbd.c.obj
                0x10004fd8                tud_suspended
 .text.tud_init
                0x10004fe8       0xe4 CMakeFiles/main_wheel_encoder.dir/Users/jiawei/.pico-sdk/sdk/2.0.0/lib/tinyusb/src/device/usbd.c.obj
                0x10004fe8                tud_init
 .text.tud_task_ext
                0x100050cc      0x800 CMakeFiles/main_wheel_encoder.dir/Users/jiawei/.pico-sdk/sdk/2.0.0/lib/tinyusb/src/device/usbd.c.obj
                0x100050cc                tud_task_ext
 .text.usbd_open_edpt_pair
                0x100058cc       0x9c CMakeFiles/main_wheel_encoder.dir/Users/jiawei/.pico-sdk/sdk/2.0.0/lib/tinyusb/src/device/usbd.c.obj
                0x100058cc                usbd_open_edpt_pair
 .text.usbd_edpt_open
                0x10005968       0x34 CMakeFiles/main_wheel_encoder.dir/Users/jiawei/.pico-sdk/sdk/2.0.0/lib/tinyusb/src/device/usbd.c.obj
                0x10005968                usbd_edpt_open
 .text.usbd_edpt_claim
                0x1000599c       0x28 CMakeFiles/main_wheel_encoder.dir/Users/jiawei/.pico-sdk/sdk/2.0.0/lib/tinyusb/src/device/usbd.c.obj
                0x1000599c                usbd_edpt_claim
 .text.usbd_edpt_release
                0x100059c4       0x28 CMakeFiles/main_wheel_encoder.dir/Users/jiawei/.pico-sdk/sdk/2.0.0/lib/tinyusb/src/device/usbd.c.obj
                0x100059c4                usbd_edpt_release
 .text.usbd_edpt_xfer
                0x100059ec       0x4c CMakeFiles/main_wheel_encoder.dir/Users/jiawei/.pico-sdk/sdk/2.0.0/lib/tinyusb/src/device/usbd.c.obj
                0x100059ec                usbd_edpt_xfer
 .text.tud_control_status
                0x10005a38       0x2c CMakeFiles/main_wheel_encoder.dir/Users/jiawei/.pico-sdk/sdk/2.0.0/lib/tinyusb/src/device/usbd_control.c.obj
                0x10005a38                tud_control_status
 .text.tud_control_xfer
                0x10005a64       0xac CMakeFiles/main_wheel_encoder.dir/Users/jiawei/.pico-sdk/sdk/2.0.0/lib/tinyusb/src/device/usbd_control.c.obj
                0x10005a64                tud_control_xfer
 .text.usbd_control_reset
                0x10005b10       0x14 CMakeFiles/main_wheel_encoder.dir/Users/jiawei/.pico-sdk/sdk/2.0.0/lib/tinyusb/src/device/usbd_control.c.obj
                0x10005b10                usbd_control_reset
 .text.usbd_control_set_complete_callback
                0x10005b24        0xc CMakeFiles/main_wheel_encoder.dir/Users/jiawei/.pico-sdk/sdk/2.0.0/lib/tinyusb/src/device/usbd_control.c.obj
                0x10005b24                usbd_control_set_complete_callback
 .text.usbd_control_set_request
                0x10005b30       0x1c CMakeFiles/main_wheel_encoder.dir/Users/jiawei/.pico-sdk/sdk/2.0.0/lib/tinyusb/src/device/usbd_control.c.obj
                0x10005b30                usbd_control_set_request
 .text.usbd_control_xfer_cb
                0x10005b4c       0xec CMakeFiles/main_wheel_encoder.dir/Users/jiawei/.pico-sdk/sdk/2.0.0/lib/tinyusb/src/device/usbd_control.c.obj
                0x10005b4c                usbd_control_xfer_cb
 .text._prep_out_transaction.isra.0
                0x10005c38       0x5c CMakeFiles/main_wheel_encoder.dir/Users/jiawei/.pico-sdk/sdk/2.0.0/lib/tinyusb/src/class/cdc/cdc_device.c.obj
 .text.tud_cdc_n_connected
                0x10005c94       0x30 CMakeFiles/main_wheel_encoder.dir/Users/jiawei/.pico-sdk/sdk/2.0.0/lib/tinyusb/src/class/cdc/cdc_device.c.obj
                0x10005c94                tud_cdc_n_connected
 .text.tud_cdc_n_available
                0x10005cc4       0x18 CMakeFiles/main_wheel_encoder.dir/Users/jiawei/.pico-sdk/sdk/2.0.0/lib/tinyusb/src/class/cdc/cdc_device.c.obj
                0x10005cc4                tud_cdc_n_available
 .text.tud_cdc_n_read
                0x10005cdc       0x98 CMakeFiles/main_wheel_encoder.dir/Users/jiawei/.pico-sdk/sdk/2.0.0/lib/tinyusb/src/class/cdc/cdc_device.c.obj
                0x10005cdc                tud_cdc_n_read
 .text.tud_cdc_n_write_flush
                0x10005d74       0x78 CMakeFiles/main_wheel_encoder.dir/Users/jiawei/.pico-sdk/sdk/2.0.0/lib/tinyusb/src/class/cdc/cdc_device.c.obj
                0x10005d74                tud_cdc_n_write_flush
 .text.tud_cdc_n_write
                0x10005dec       0x40 CMakeFiles/main_wheel_encoder.dir/Users/jiawei/.pico-sdk/sdk/2.0.0/lib/tinyusb/src/class/cdc/cdc_device.c.obj
                0x10005dec                tud_cdc_n_write
 .text.tud_cdc_n_write_available
                0x10005e2c       0x18 CMakeFiles/main_wheel_encoder.dir/Users/jiawei/.pico-sdk/sdk/2.0.0/lib/tinyusb/src/class/cdc/cdc_device.c.obj
                0x10005e2c                tud_cdc_n_write_available
 .text.cdcd_init
                0x10005e44       0x7c CMakeFiles/main_wheel_encoder.dir/Users/jiawei/.pico-sdk/sdk/2.0.0/lib/tinyusb/src/class/cdc/cdc_device.c.obj
                0x10005e44                cdcd_init
 .text.cdcd_deinit
                0x10005ec0       0x34 CMakeFiles/main_wheel_encoder.dir/Users/jiawei/.pico-sdk/sdk/2.0.0/lib/tinyusb/src/class/cdc/cdc_device.c.obj
                0x10005ec0                cdcd_deinit
 .text.cdcd_reset
                0x10005ef4       0x4c CMakeFiles/main_wheel_encoder.dir/Users/jiawei/.pico-sdk/sdk/2.0.0/lib/tinyusb/src/class/cdc/cdc_device.c.obj
                0x10005ef4                cdcd_reset
 .text.cdcd_open
                0x10005f40       0xb0 CMakeFiles/main_wheel_encoder.dir/Users/jiawei/.pico-sdk/sdk/2.0.0/lib/tinyusb/src/class/cdc/cdc_device.c.obj
                0x10005f40                cdcd_open
 .text.cdcd_control_xfer_cb
                0x10005ff0       0xe4 CMakeFiles/main_wheel_encoder.dir/Users/jiawei/.pico-sdk/sdk/2.0.0/lib/tinyusb/src/class/cdc/cdc_device.c.obj
                0x10005ff0                cdcd_control_xfer_cb
 .text.cdcd_xfer_cb
                0x100060d4      0x100 CMakeFiles/main_wheel_encoder.dir/Users/jiawei/.pico-sdk/sdk/2.0.0/lib/tinyusb/src/class/cdc/cdc_device.c.obj
                0x100060d4                cdcd_xfer_cb
 .text.tud_vendor_n_write_flush
                0x100061d4       0x78 CMakeFiles/main_wheel_encoder.dir/Users/jiawei/.pico-sdk/sdk/2.0.0/lib/tinyusb/src/class/vendor/vendor_device.c.obj
                0x100061d4                tud_vendor_n_write_flush
 .text.vendord_init
                0x1000624c       0x64 CMakeFiles/main_wheel_encoder.dir/Users/jiawei/.pico-sdk/sdk/2.0.0/lib/tinyusb/src/class/vendor/vendor_device.c.obj
                0x1000624c                vendord_init
 .text.vendord_deinit
                0x100062b0       0x34 CMakeFiles/main_wheel_encoder.dir/Users/jiawei/.pico-sdk/sdk/2.0.0/lib/tinyusb/src/class/vendor/vendor_device.c.obj
                0x100062b0                vendord_deinit
 .text.vendord_reset
                0x100062e4       0x1c CMakeFiles/main_wheel_encoder.dir/Users/jiawei/.pico-sdk/sdk/2.0.0/lib/tinyusb/src/class/vendor/vendor_device.c.obj
                0x100062e4                vendord_reset
 .text.vendord_open
                0x10006300       0xd8 CMakeFiles/main_wheel_encoder.dir/Users/jiawei/.pico-sdk/sdk/2.0.0/lib/tinyusb/src/class/vendor/vendor_device.c.obj
                0x10006300                vendord_open
 .text.vendord_xfer_cb
                0x100063d8       0xc8 CMakeFiles/main_wheel_encoder.dir/Users/jiawei/.pico-sdk/sdk/2.0.0/lib/tinyusb/src/class/vendor/vendor_device.c.obj
                0x100063d8                vendord_xfer_cb
 .text.tusb_init
                0x100064a0        0xc CMakeFiles/main_wheel_encoder.dir/Users/jiawei/.pico-sdk/sdk/2.0.0/lib/tinyusb/src/tusb.c.obj
                0x100064a0                tusb_init
 .text.tu_edpt_claim
                0x100064ac       0x50 CMakeFiles/main_wheel_encoder.dir/Users/jiawei/.pico-sdk/sdk/2.0.0/lib/tinyusb/src/tusb.c.obj
                0x100064ac                tu_edpt_claim
 .text.tu_edpt_release
                0x100064fc       0x38 CMakeFiles/main_wheel_encoder.dir/Users/jiawei/.pico-sdk/sdk/2.0.0/lib/tinyusb/src/tusb.c.obj
                0x100064fc                tu_edpt_release
 .text.tu_edpt_validate
                0x10006534       0x7c CMakeFiles/main_wheel_encoder.dir/Users/jiawei/.pico-sdk/sdk/2.0.0/lib/tinyusb/src/tusb.c.obj
                0x10006534                tu_edpt_validate
 .text.tu_edpt_bind_driver
                0x100065b0       0x34 CMakeFiles/main_wheel_encoder.dir/Users/jiawei/.pico-sdk/sdk/2.0.0/lib/tinyusb/src/tusb.c.obj
                0x100065b0                tu_edpt_bind_driver
 .text.tu_fifo_config
                0x100065e4       0x6c CMakeFiles/main_wheel_encoder.dir/Users/jiawei/.pico-sdk/sdk/2.0.0/lib/tinyusb/src/common/tusb_fifo.c.obj
                0x100065e4                tu_fifo_config
 .text.tu_fifo_count
                0x10006650       0x2c CMakeFiles/main_wheel_encoder.dir/Users/jiawei/.pico-sdk/sdk/2.0.0/lib/tinyusb/src/common/tusb_fifo.c.obj
                0x10006650                tu_fifo_count
 .text.tu_fifo_empty
                0x1000667c       0x10 CMakeFiles/main_wheel_encoder.dir/Users/jiawei/.pico-sdk/sdk/2.0.0/lib/tinyusb/src/common/tusb_fifo.c.obj
                0x1000667c                tu_fifo_empty
 .text.tu_fifo_remaining
                0x1000668c       0x2c CMakeFiles/main_wheel_encoder.dir/Users/jiawei/.pico-sdk/sdk/2.0.0/lib/tinyusb/src/common/tusb_fifo.c.obj
                0x1000668c                tu_fifo_remaining
 .text.tu_fifo_read
                0x100066b8       0x9c CMakeFiles/main_wheel_encoder.dir/Users/jiawei/.pico-sdk/sdk/2.0.0/lib/tinyusb/src/common/tusb_fifo.c.obj
                0x100066b8                tu_fifo_read
 .text.tu_fifo_read_n
                0x10006754       0xe8 CMakeFiles/main_wheel_encoder.dir/Users/jiawei/.pico-sdk/sdk/2.0.0/lib/tinyusb/src/common/tusb_fifo.c.obj
                0x10006754                tu_fifo_read_n
 .text.tu_fifo_write
                0x1000683c       0xa8 CMakeFiles/main_wheel_encoder.dir/Users/jiawei/.pico-sdk/sdk/2.0.0/lib/tinyusb/src/common/tusb_fifo.c.obj
                0x1000683c                tu_fifo_write
 .text.tu_fifo_write_n
                0x100068e4      0x178 CMakeFiles/main_wheel_encoder.dir/Users/jiawei/.pico-sdk/sdk/2.0.0/lib/tinyusb/src/common/tusb_fifo.c.obj
                0x100068e4                tu_fifo_write_n
 .text.tu_fifo_clear
                0x10006a5c       0x40 CMakeFiles/main_wheel_encoder.dir/Users/jiawei/.pico-sdk/sdk/2.0.0/lib/tinyusb/src/common/tusb_fifo.c.obj
                0x10006a5c                tu_fifo_clear
 .text.tu_fifo_set_overwritable
                0x10006a9c       0x48 CMakeFiles/main_wheel_encoder.dir/Users/jiawei/.pico-sdk/sdk/2.0.0/lib/tinyusb/src/common/tusb_fifo.c.obj
                0x10006a9c                tu_fifo_set_overwritable
 .text.encoder_callback
                0x10006ae4       0x24 libwheel_encoder.a(wheel_encoder.c.obj)
                0x10006ae4                encoder_callback
 .text.init_wheel_encoder
                0x10006b08       0x2c libwheel_encoder.a(wheel_encoder.c.obj)
                0x10006b08                init_wheel_encoder
 .text.get_distance
                0x10006b34       0x20 libwheel_encoder.a(wheel_encoder.c.obj)
                0x10006b34                get_distance
 .text.get_speed
                0x10006b54       0x80 libwheel_encoder.a(wheel_encoder.c.obj)
                0x10006b54                get_speed
 .text.strlen   0x10006bd4       0x5c /Users/jiawei/.pico-sdk/toolchain/13_2_Rel1/bin/../lib/gcc/arm-none-eabi/13.2.1/../../../../arm-none-eabi/lib/thumb/v6-m/nofp/libg.a(libc_a-strlen-stub.o)
                0x10006bd4                strlen
 *(.fini)
 .fini          0x10006c30        0x4 /Users/jiawei/.pico-sdk/toolchain/13_2_Rel1/bin/../lib/gcc/arm-none-eabi/13.2.1/thumb/v6-m/nofp/crti.o
                0x10006c30                _fini
 *fill*         0x10006c34        0x4 
 .fini.__stub   0x10006c38       0xc0 linker stubs
 *crtbegin.o(.ctors)
 *crtbegin?.o(.ctors)
 *(EXCLUDE_FILE(*crtend.o *crtend?.o) .ctors)
 *(SORT_BY_NAME(.ctors.*))
 *(.ctors)
 *crtbegin.o(.dtors)
 *crtbegin?.o(.dtors)
 *(EXCLUDE_FILE(*crtend.o *crtend?.o) .dtors)
 *(SORT_BY_NAME(.dtors.*))
 *(.dtors)
                0x10006cf8                        . = ALIGN (0x4)
                0x10006cf8                        PROVIDE (__preinit_array_start = .)
 *(SORT_BY_NAME(.preinit_array.*))
 .preinit_array.00100
                0x10006cf8        0x4 CMakeFiles/main_wheel_encoder.dir/Users/jiawei/.pico-sdk/sdk/2.0.0/src/rp2_common/pico_runtime_init/runtime_init.c.obj
                0x10006cf8                __pre_init_runtime_init_early_resets
 .preinit_array.00101
                0x10006cfc        0x4 CMakeFiles/main_wheel_encoder.dir/Users/jiawei/.pico-sdk/sdk/2.0.0/src/rp2_common/pico_runtime_init/runtime_init.c.obj
                0x10006cfc                __pre_init_runtime_init_usb_power_down
 .preinit_array.00275
                0x10006d00        0x4 CMakeFiles/main_wheel_encoder.dir/Users/jiawei/.pico-sdk/sdk/2.0.0/src/rp2_common/pico_bit_ops/bit_ops_aeabi.S.obj
 .preinit_array.00300
                0x10006d04        0x4 CMakeFiles/main_wheel_encoder.dir/Users/jiawei/.pico-sdk/sdk/2.0.0/src/rp2_common/pico_mem_ops/mem_ops_aeabi.S.obj
 .preinit_array.00350
                0x10006d08        0x4 CMakeFiles/main_wheel_encoder.dir/Users/jiawei/.pico-sdk/sdk/2.0.0/src/rp2_common/pico_double/double_aeabi_rp2040.S.obj
 .preinit_array.00350
                0x10006d0c        0x4 CMakeFiles/main_wheel_encoder.dir/Users/jiawei/.pico-sdk/sdk/2.0.0/src/rp2_common/pico_float/float_aeabi_rp2040.S.obj
 .preinit_array.00500
                0x10006d10        0x4 CMakeFiles/main_wheel_encoder.dir/Users/jiawei/.pico-sdk/sdk/2.0.0/src/rp2_common/pico_runtime_init/runtime_init.c.obj
                0x10006d10                __pre_init_runtime_init_clocks
 .preinit_array.00600
                0x10006d14        0x4 CMakeFiles/main_wheel_encoder.dir/Users/jiawei/.pico-sdk/sdk/2.0.0/src/rp2_common/pico_runtime_init/runtime_init.c.obj
                0x10006d14                __pre_init_runtime_init_post_clock_resets
 .preinit_array.00700
                0x10006d18        0x4 CMakeFiles/main_wheel_encoder.dir/Users/jiawei/.pico-sdk/sdk/2.0.0/src/rp2_common/pico_runtime_init/runtime_init.c.obj
                0x10006d18                __pre_init_runtime_init_rp2040_gpio_ie_disable
 .preinit_array.01000
                0x10006d1c        0x4 CMakeFiles/main_wheel_encoder.dir/Users/jiawei/.pico-sdk/sdk/2.0.0/src/rp2_common/pico_runtime_init/runtime_init.c.obj
                0x10006d1c                __pre_init_runtime_init_spin_locks_reset
 .preinit_array.01100
                0x10006d20        0x4 CMakeFiles/main_wheel_encoder.dir/Users/jiawei/.pico-sdk/sdk/2.0.0/src/common/pico_sync/mutex.c.obj
                0x10006d20                __pre_init_runtime_init_mutex
 .preinit_array.10080
                0x10006d24        0x4 CMakeFiles/main_wheel_encoder.dir/Users/jiawei/.pico-sdk/sdk/2.0.0/src/rp2_common/pico_runtime_init/runtime_init.c.obj
                0x10006d24                __pre_init_runtime_init_install_ram_vector_table
 .preinit_array.11000
                0x10006d28        0x4 CMakeFiles/main_wheel_encoder.dir/Users/jiawei/.pico-sdk/sdk/2.0.0/src/common/pico_time/time.c.obj
                0x10006d28                __pre_init_runtime_init_default_alarm_pool
 .preinit_array.YYYYY
                0x10006d2c        0x4 CMakeFiles/main_wheel_encoder.dir/Users/jiawei/.pico-sdk/sdk/2.0.0/src/rp2_common/pico_runtime/runtime.c.obj
                0x10006d2c                __pre_init_first_per_core_initializer
 .preinit_array.ZZZZZ.01200
                0x10006d30        0x4 CMakeFiles/main_wheel_encoder.dir/Users/jiawei/.pico-sdk/sdk/2.0.0/src/rp2_common/hardware_irq/irq.c.obj
                0x10006d30                __pre_init_runtime_init_per_core_irq_priorities
 *(.preinit_array)
                0x10006d34                        PROVIDE (__preinit_array_end = .)
                0x10006d34                        . = ALIGN (0x4)
                0x10006d34                        PROVIDE (__init_array_start = .)
 *(SORT_BY_NAME(.init_array.*))
 *(.init_array)
 .init_array    0x10006d34        0x4 /Users/jiawei/.pico-sdk/toolchain/13_2_Rel1/bin/../lib/gcc/arm-none-eabi/13.2.1/thumb/v6-m/nofp/crtbegin.o
 .init_array    0x10006d38        0x4 CMakeFiles/main_wheel_encoder.dir/Users/jiawei/.pico-sdk/sdk/2.0.0/src/rp2_common/pico_unique_id/unique_id.c.obj
                0x10006d3c                        PROVIDE (__init_array_end = .)
                0x10006d3c                        . = ALIGN (0x4)
                [!provide]                        PROVIDE (__fini_array_start = .)
 *(SORT_BY_NAME(.fini_array.*))
 *(.fini_array)
                [!provide]                        PROVIDE (__fini_array_end = .)
 *(.eh_frame*)
 .eh_frame      0x10006d3c        0x0 /Users/jiawei/.pico-sdk/toolchain/13_2_Rel1/bin/../lib/gcc/arm-none-eabi/13.2.1/thumb/v6-m/nofp/crtbegin.o
                0x10006d3c                        . = ALIGN (0x4)

.glue_7         0x10006d3c        0x0
 .glue_7        0x10006d3c        0x0 linker stubs

.glue_7t        0x10006d3c        0x0
 .glue_7t       0x10006d3c        0x0 linker stubs

.vfp11_veneer   0x10006d3c        0x0
 .vfp11_veneer  0x10006d3c        0x0 linker stubs

.v4_bx          0x10006d3c        0x0
 .v4_bx         0x10006d3c        0x0 linker stubs

.iplt           0x10006d3c        0x0
 .iplt          0x10006d3c        0x0 /Users/jiawei/.pico-sdk/toolchain/13_2_Rel1/bin/../lib/gcc/arm-none-eabi/13.2.1/thumb/v6-m/nofp/crtbegin.o

.rodata         0x10006d40      0x6a0
 *(EXCLUDE_FILE(*libm.a: *libc.a:*lib_a-mem*.o *libgcc.a:) .rodata*)
 .rodata.main.str1.4
                0x10006d40      0x1e8 CMakeFiles/main_wheel_encoder.dir/main_wheel_encoder.c.obj
                                 0x39 (size before relaxing)
 .rodata.panic.str1.4
                0x10006f28       0x12 CMakeFiles/main_wheel_encoder.dir/Users/jiawei/.pico-sdk/sdk/2.0.0/src/rp2_common/pico_platform_panic/panic.c.obj
 .rodata.spin_lock_claim_unused.str1.4
                0x10006f28       0x1b CMakeFiles/main_wheel_encoder.dir/Users/jiawei/.pico-sdk/sdk/2.0.0/src/rp2_common/hardware_sync/sync.c.obj
 .rodata.user_irq_claim_unused.str1.4
                0x10006f28       0x1b CMakeFiles/main_wheel_encoder.dir/Users/jiawei/.pico-sdk/sdk/2.0.0/src/rp2_common/hardware_irq/irq.c.obj
 .rodata.timer_hardware_alarm_claim.str1.4
                0x10006f28       0x22 CMakeFiles/main_wheel_encoder.dir/Users/jiawei/.pico-sdk/sdk/2.0.0/src/rp2_common/hardware_timer/timer.c.obj
 .rodata.hard_assertion_failure.str1.4
                0x10006f28        0xc CMakeFiles/main_wheel_encoder.dir/Users/jiawei/.pico-sdk/sdk/2.0.0/src/rp2_common/pico_runtime/runtime.c.obj
 .rodata.missing_double_func_shim.str1.4
                0x10006f28       0x18 CMakeFiles/main_wheel_encoder.dir/Users/jiawei/.pico-sdk/sdk/2.0.0/src/rp2_common/pico_double/double_init_rom_rp2040.c.obj
 .rodata.missing_float_func_shim.str1.4
                0x10006f28        0x1 CMakeFiles/main_wheel_encoder.dir/Users/jiawei/.pico-sdk/sdk/2.0.0/src/rp2_common/pico_float/float_init_rom_rp2040.c.obj
 .rodata.str1.4
                0x10006f28       0x38 CMakeFiles/main_wheel_encoder.dir/Users/jiawei/.pico-sdk/sdk/2.0.0/src/rp2_common/pico_standard_binary_info/standard_binary_info.c.obj
 .rodata.__bi_84
                0x10006f28        0xc CMakeFiles/main_wheel_encoder.dir/Users/jiawei/.pico-sdk/sdk/2.0.0/src/rp2_common/pico_standard_binary_info/standard_binary_info.c.obj
 .rodata.__bi_54
                0x10006f34        0xc CMakeFiles/main_wheel_encoder.dir/Users/jiawei/.pico-sdk/sdk/2.0.0/src/rp2_common/pico_standard_binary_info/standard_binary_info.c.obj
 .rodata.__bi_48
                0x10006f40        0xc CMakeFiles/main_wheel_encoder.dir/Users/jiawei/.pico-sdk/sdk/2.0.0/src/rp2_common/pico_standard_binary_info/standard_binary_info.c.obj
 .rodata.__bi_42
                0x10006f4c        0xc CMakeFiles/main_wheel_encoder.dir/Users/jiawei/.pico-sdk/sdk/2.0.0/src/rp2_common/pico_standard_binary_info/standard_binary_info.c.obj
 .rodata.__bi_34
                0x10006f58        0xc CMakeFiles/main_wheel_encoder.dir/Users/jiawei/.pico-sdk/sdk/2.0.0/src/rp2_common/pico_standard_binary_info/standard_binary_info.c.obj
 .rodata.__bi_26
                0x10006f64        0xc CMakeFiles/main_wheel_encoder.dir/Users/jiawei/.pico-sdk/sdk/2.0.0/src/rp2_common/pico_standard_binary_info/standard_binary_info.c.obj
 .rodata._ftoa.str1.4
                0x10006f70       0x15 CMakeFiles/main_wheel_encoder.dir/Users/jiawei/.pico-sdk/sdk/2.0.0/src/rp2_common/pico_printf/printf.c.obj
 .rodata._vsnprintf
                0x10006f70      0x19c CMakeFiles/main_wheel_encoder.dir/Users/jiawei/.pico-sdk/sdk/2.0.0/src/rp2_common/pico_printf/printf.c.obj
 *fill*         0x1000710c        0x4 
 .rodata.pow10.0
                0x10007110       0x50 CMakeFiles/main_wheel_encoder.dir/Users/jiawei/.pico-sdk/sdk/2.0.0/src/rp2_common/pico_printf/printf.c.obj
 .rodata.crlf_str.0
                0x10007160        0x2 CMakeFiles/main_wheel_encoder.dir/Users/jiawei/.pico-sdk/sdk/2.0.0/src/rp2_common/pico_stdio/stdio.c.obj
 .rodata.str1.4
                0x10007162       0x2c CMakeFiles/main_wheel_encoder.dir/Users/jiawei/.pico-sdk/sdk/2.0.0/src/rp2_common/pico_stdio_uart/stdio_uart.c.obj
 *fill*         0x10007162        0x2 
 .rodata.__bi_45.4
                0x10007164        0xc CMakeFiles/main_wheel_encoder.dir/Users/jiawei/.pico-sdk/sdk/2.0.0/src/rp2_common/pico_stdio_uart/stdio_uart.c.obj
 .rodata.__bi_49.5
                0x10007170        0x8 CMakeFiles/main_wheel_encoder.dir/Users/jiawei/.pico-sdk/sdk/2.0.0/src/rp2_common/pico_stdio_uart/stdio_uart.c.obj
 .rodata.__bi_50.6
                0x10007178        0x8 CMakeFiles/main_wheel_encoder.dir/Users/jiawei/.pico-sdk/sdk/2.0.0/src/rp2_common/pico_stdio_uart/stdio_uart.c.obj
 .rodata._resetd_driver
                0x10007180       0x20 CMakeFiles/main_wheel_encoder.dir/Users/jiawei/.pico-sdk/sdk/2.0.0/src/rp2_common/pico_stdio_usb/reset_interface.c.obj
 .rodata.desc_ms_os_20
                0x100071a0       0xa6 CMakeFiles/main_wheel_encoder.dir/Users/jiawei/.pico-sdk/sdk/2.0.0/src/rp2_common/pico_stdio_usb/reset_interface.c.obj
 *fill*         0x10007246        0x2 
 .rodata.desc_bos
                0x10007248       0x21 CMakeFiles/main_wheel_encoder.dir/Users/jiawei/.pico-sdk/sdk/2.0.0/src/rp2_common/pico_stdio_usb/reset_interface.c.obj
                0x10007248                desc_bos
 .rodata.str1.4
                0x10007269       0x13 CMakeFiles/main_wheel_encoder.dir/Users/jiawei/.pico-sdk/sdk/2.0.0/src/rp2_common/pico_stdio_usb/stdio_usb.c.obj
 *fill*         0x10007269        0x3 
 .rodata.__bi_197.0
                0x1000726c        0xc CMakeFiles/main_wheel_encoder.dir/Users/jiawei/.pico-sdk/sdk/2.0.0/src/rp2_common/pico_stdio_usb/stdio_usb.c.obj
 .rodata.str1.4
                0x10007278       0x2a CMakeFiles/main_wheel_encoder.dir/Users/jiawei/.pico-sdk/sdk/2.0.0/src/rp2_common/pico_stdio_usb/stdio_usb_descriptors.c.obj
 .rodata.usbd_desc_str
                0x10007278       0x18 CMakeFiles/main_wheel_encoder.dir/Users/jiawei/.pico-sdk/sdk/2.0.0/src/rp2_common/pico_stdio_usb/stdio_usb_descriptors.c.obj
 .rodata.usbd_desc_cfg
                0x10007290       0x54 CMakeFiles/main_wheel_encoder.dir/Users/jiawei/.pico-sdk/sdk/2.0.0/src/rp2_common/pico_stdio_usb/stdio_usb_descriptors.c.obj
 .rodata.usbd_desc_device
                0x100072e4       0x12 CMakeFiles/main_wheel_encoder.dir/Users/jiawei/.pico-sdk/sdk/2.0.0/src/rp2_common/pico_stdio_usb/stdio_usb_descriptors.c.obj
 .rodata.str1.4
                0x100072f6       0x14 CMakeFiles/main_wheel_encoder.dir/Users/jiawei/.pico-sdk/sdk/2.0.0/lib/tinyusb/src/portable/raspberrypi/rp2040/dcd_rp2040.c.obj
 .rodata.str1.4
                0x100072f6       0x48 CMakeFiles/main_wheel_encoder.dir/Users/jiawei/.pico-sdk/sdk/2.0.0/lib/tinyusb/src/portable/raspberrypi/rp2040/rp2040_usb.c.obj
 *fill*         0x100072f6        0x2 
 .rodata.tud_task_ext
                0x100072f8       0x8c CMakeFiles/main_wheel_encoder.dir/Users/jiawei/.pico-sdk/sdk/2.0.0/lib/tinyusb/src/device/usbd.c.obj
 .rodata        0x10007384       0x1c CMakeFiles/main_wheel_encoder.dir/Users/jiawei/.pico-sdk/sdk/2.0.0/lib/tinyusb/src/device/usbd.c.obj
 .rodata._usbd_driver
                0x100073a0       0x40 CMakeFiles/main_wheel_encoder.dir/Users/jiawei/.pico-sdk/sdk/2.0.0/lib/tinyusb/src/device/usbd.c.obj
                0x100073e0                        . = ALIGN (0x4)
 *(SORT_BY_ALIGNMENT(SORT_BY_NAME(.flashdata*)))
                0x100073e0                        . = ALIGN (0x4)

.ARM.extab
 *(.ARM.extab* .gnu.linkonce.armextab.*)
                0x100073e0                        __exidx_start = .

.ARM.exidx
 *(.ARM.exidx* .gnu.linkonce.armexidx.*)
                0x100073e0                        __exidx_end = .
                0x100073e0                        . = ALIGN (0x4)
                0x100073e0                        __binary_info_start = .

.binary_info    0x100073e0       0x28
 *(.binary_info.keep.*)
 .binary_info.keep.__bi_ptr84
                0x100073e0        0x4 CMakeFiles/main_wheel_encoder.dir/Users/jiawei/.pico-sdk/sdk/2.0.0/src/rp2_common/pico_standard_binary_info/standard_binary_info.c.obj
 .binary_info.keep.__bi_ptr54
                0x100073e4        0x4 CMakeFiles/main_wheel_encoder.dir/Users/jiawei/.pico-sdk/sdk/2.0.0/src/rp2_common/pico_standard_binary_info/standard_binary_info.c.obj
 .binary_info.keep.__bi_ptr48
                0x100073e8        0x4 CMakeFiles/main_wheel_encoder.dir/Users/jiawei/.pico-sdk/sdk/2.0.0/src/rp2_common/pico_standard_binary_info/standard_binary_info.c.obj
 .binary_info.keep.__bi_ptr42
                0x100073ec        0x4 CMakeFiles/main_wheel_encoder.dir/Users/jiawei/.pico-sdk/sdk/2.0.0/src/rp2_common/pico_standard_binary_info/standard_binary_info.c.obj
 .binary_info.keep.__bi_ptr34
                0x100073f0        0x4 CMakeFiles/main_wheel_encoder.dir/Users/jiawei/.pico-sdk/sdk/2.0.0/src/rp2_common/pico_standard_binary_info/standard_binary_info.c.obj
 .binary_info.keep.__bi_ptr26
                0x100073f4        0x4 CMakeFiles/main_wheel_encoder.dir/Users/jiawei/.pico-sdk/sdk/2.0.0/src/rp2_common/pico_standard_binary_info/standard_binary_info.c.obj
 *(.binary_info.*)
 .binary_info.__bi_ptr50
                0x100073f8        0x4 CMakeFiles/main_wheel_encoder.dir/Users/jiawei/.pico-sdk/sdk/2.0.0/src/rp2_common/pico_stdio_uart/stdio_uart.c.obj
 .binary_info.__bi_ptr49
                0x100073fc        0x4 CMakeFiles/main_wheel_encoder.dir/Users/jiawei/.pico-sdk/sdk/2.0.0/src/rp2_common/pico_stdio_uart/stdio_uart.c.obj
 .binary_info.__bi_ptr45
                0x10007400        0x4 CMakeFiles/main_wheel_encoder.dir/Users/jiawei/.pico-sdk/sdk/2.0.0/src/rp2_common/pico_stdio_uart/stdio_uart.c.obj
 .binary_info.__bi_ptr197
                0x10007404        0x4 CMakeFiles/main_wheel_encoder.dir/Users/jiawei/.pico-sdk/sdk/2.0.0/src/rp2_common/pico_stdio_usb/stdio_usb.c.obj
                0x10007408                        __binary_info_end = .

.rel.dyn        0x10007408        0x0
 .rel.iplt      0x10007408        0x0 /Users/jiawei/.pico-sdk/toolchain/13_2_Rel1/bin/../lib/gcc/arm-none-eabi/13.2.1/thumb/v6-m/nofp/crtbegin.o
                0x10007408                        . = ALIGN (0x4)

.ram_vector_table
                0x20000000       0xc0
 *(.ram_vector_table)
 .ram_vector_table
                0x20000000       0xc0 CMakeFiles/main_wheel_encoder.dir/Users/jiawei/.pico-sdk/sdk/2.0.0/src/rp2_common/pico_runtime_init/runtime_init.c.obj
                0x20000000                ram_vector_table

.uninitialized_data
                0x200000c0        0x0
                0x200000c0                        . = ALIGN (0x4)
 *(.uninitialized_data*)

.data           0x200000c0      0xfb8 load address 0x10007408
                0x200000c0                        __data_start__ = .
 *(vtable)
 *(.time_critical*)
 .time_critical.mutex_try_enter
                0x200000c0       0x40 CMakeFiles/main_wheel_encoder.dir/Users/jiawei/.pico-sdk/sdk/2.0.0/src/common/pico_sync/mutex.c.obj
                0x200000c0                mutex_try_enter
 .time_critical.mutex_try_enter_block_until
                0x20000100       0x9c CMakeFiles/main_wheel_encoder.dir/Users/jiawei/.pico-sdk/sdk/2.0.0/src/common/pico_sync/mutex.c.obj
                0x20000100                mutex_try_enter_block_until
 .time_critical.mutex_enter_timeout_ms
                0x2000019c       0x90 CMakeFiles/main_wheel_encoder.dir/Users/jiawei/.pico-sdk/sdk/2.0.0/src/common/pico_sync/mutex.c.obj
                0x2000019c                mutex_enter_timeout_ms
 .time_critical.mutex_exit
                0x2000022c       0x28 CMakeFiles/main_wheel_encoder.dir/Users/jiawei/.pico-sdk/sdk/2.0.0/src/common/pico_sync/mutex.c.obj
                0x2000022c                mutex_exit
 .time_critical.flash_init_boot2_copyout
                0x20000254       0x30 CMakeFiles/main_wheel_encoder.dir/Users/jiawei/.pico-sdk/sdk/2.0.0/src/rp2_common/hardware_flash/flash.c.obj
 .time_critical.flash_enable_xip_via_boot2
                0x20000284        0xc CMakeFiles/main_wheel_encoder.dir/Users/jiawei/.pico-sdk/sdk/2.0.0/src/rp2_common/hardware_flash/flash.c.obj
 .time_critical.flash_cs_force
                0x20000290       0x38 CMakeFiles/main_wheel_encoder.dir/Users/jiawei/.pico-sdk/sdk/2.0.0/src/rp2_common/hardware_flash/flash.c.obj
 .time_critical.flash_do_cmd
                0x200002c8       0xc0 CMakeFiles/main_wheel_encoder.dir/Users/jiawei/.pico-sdk/sdk/2.0.0/src/rp2_common/hardware_flash/flash.c.obj
                0x200002c8                flash_do_cmd
 .time_critical.reset_non_control_endpoints
                0x20000388       0x68 CMakeFiles/main_wheel_encoder.dir/Users/jiawei/.pico-sdk/sdk/2.0.0/lib/tinyusb/src/portable/raspberrypi/rp2040/dcd_rp2040.c.obj
 .time_critical.hw_handle_buff_status
                0x200003f0       0xb0 CMakeFiles/main_wheel_encoder.dir/Users/jiawei/.pico-sdk/sdk/2.0.0/lib/tinyusb/src/portable/raspberrypi/rp2040/dcd_rp2040.c.obj
 .time_critical.dcd_rp2040_irq
                0x200004a0      0x578 CMakeFiles/main_wheel_encoder.dir/Users/jiawei/.pico-sdk/sdk/2.0.0/lib/tinyusb/src/portable/raspberrypi/rp2040/dcd_rp2040.c.obj
 .time_critical.prepare_ep_buffer
                0x20000a18       0xe0 CMakeFiles/main_wheel_encoder.dir/Users/jiawei/.pico-sdk/sdk/2.0.0/lib/tinyusb/src/portable/raspberrypi/rp2040/rp2040_usb.c.obj
 .time_critical.sync_ep_buffer
                0x20000af8       0xa8 CMakeFiles/main_wheel_encoder.dir/Users/jiawei/.pico-sdk/sdk/2.0.0/lib/tinyusb/src/portable/raspberrypi/rp2040/rp2040_usb.c.obj
 .time_critical._hw_endpoint_xfer_sync
                0x20000ba0       0x28 CMakeFiles/main_wheel_encoder.dir/Users/jiawei/.pico-sdk/sdk/2.0.0/lib/tinyusb/src/portable/raspberrypi/rp2040/rp2040_usb.c.obj
 .time_critical.e15_is_bulkin_ep
                0x20000bc8       0x28 CMakeFiles/main_wheel_encoder.dir/Users/jiawei/.pico-sdk/sdk/2.0.0/lib/tinyusb/src/portable/raspberrypi/rp2040/rp2040_usb.c.obj
 .time_critical.e15_is_critical_frame_period
                0x20000bf0       0x34 CMakeFiles/main_wheel_encoder.dir/Users/jiawei/.pico-sdk/sdk/2.0.0/lib/tinyusb/src/portable/raspberrypi/rp2040/rp2040_usb.c.obj
 .time_critical.hw_endpoint_reset_transfer
                0x20000c24        0xc CMakeFiles/main_wheel_encoder.dir/Users/jiawei/.pico-sdk/sdk/2.0.0/lib/tinyusb/src/portable/raspberrypi/rp2040/rp2040_usb.c.obj
                0x20000c24                hw_endpoint_reset_transfer
 .time_critical._hw_endpoint_buffer_control_update32
                0x20000c30       0x50 CMakeFiles/main_wheel_encoder.dir/Users/jiawei/.pico-sdk/sdk/2.0.0/lib/tinyusb/src/portable/raspberrypi/rp2040/rp2040_usb.c.obj
                0x20000c30                _hw_endpoint_buffer_control_update32
 .time_critical.hw_endpoint_start_next_buffer
                0x20000c80       0x6c CMakeFiles/main_wheel_encoder.dir/Users/jiawei/.pico-sdk/sdk/2.0.0/lib/tinyusb/src/portable/raspberrypi/rp2040/rp2040_usb.c.obj
                0x20000c80                hw_endpoint_start_next_buffer
 .time_critical.hw_endpoint_xfer_continue
                0x20000cec       0x40 CMakeFiles/main_wheel_encoder.dir/Users/jiawei/.pico-sdk/sdk/2.0.0/lib/tinyusb/src/portable/raspberrypi/rp2040/rp2040_usb.c.obj
                0x20000cec                hw_endpoint_xfer_continue
 .time_critical.tinyusb
                0x20000d2c      0x1e4 CMakeFiles/main_wheel_encoder.dir/Users/jiawei/.pico-sdk/sdk/2.0.0/lib/tinyusb/src/device/usbd.c.obj
                0x20000d2c                dcd_event_handler
 *(.text*)
 .text          0x20000f10        0x4 /Users/jiawei/.pico-sdk/toolchain/13_2_Rel1/bin/../lib/gcc/arm-none-eabi/13.2.1/thumb/v6-m/nofp/libgcc.a(_dvmd_tls.o)
                0x20000f10                __aeabi_ldiv0
                0x20000f10                __aeabi_idiv0
 *fill*         0x20000f14        0x4 
 .text.__stub   0x20000f18       0x80 linker stubs
                0x20000f98                        . = ALIGN (0x4)
 *(.rodata*)
                0x20000f98                        . = ALIGN (0x4)
 *(.data*)
 .data.striped_spin_lock_num
                0x20000f98        0x1 CMakeFiles/main_wheel_encoder.dir/Users/jiawei/.pico-sdk/sdk/2.0.0/src/rp2_common/hardware_sync/sync.c.obj
 *fill*         0x20000f99        0x3 
 .data          0x20000f9c       0x48 CMakeFiles/main_wheel_encoder.dir/Users/jiawei/.pico-sdk/sdk/2.0.0/src/rp2_common/hardware_irq/irq_handler_chain.S.obj
                0x20000f9c                irq_handler_chain_slots
                0x20000fcc                irq_handler_chain_first_slot
                0x20000fd6                irq_handler_chain_remove_tail
 .data.default_alarm_pool
                0x20000fe4       0x18 CMakeFiles/main_wheel_encoder.dir/Users/jiawei/.pico-sdk/sdk/2.0.0/src/common/pico_time/time.c.obj
 *fill*         0x20000ffc        0x4 
 .data.aeabi_bits_funcs
                0x20001000       0x10 CMakeFiles/main_wheel_encoder.dir/Users/jiawei/.pico-sdk/sdk/2.0.0/src/rp2_common/pico_bit_ops/bit_ops_aeabi.S.obj
                0x20001000                aeabi_bits_funcs
                0x20001010                aeabi_bits_funcs_end
 .data.aeabi_mem_funcs
                0x20001010       0x10 CMakeFiles/main_wheel_encoder.dir/Users/jiawei/.pico-sdk/sdk/2.0.0/src/rp2_common/pico_mem_ops/mem_ops_aeabi.S.obj
                0x20001010                aeabi_mem_funcs
                0x20001020                aeabi_mem_funcs_end
 .data.stdio_uart
                0x20001020       0x18 CMakeFiles/main_wheel_encoder.dir/Users/jiawei/.pico-sdk/sdk/2.0.0/src/rp2_common/pico_stdio_uart/stdio_uart.c.obj
                0x20001020                stdio_uart
 .data.stdio_usb
                0x20001038       0x18 CMakeFiles/main_wheel_encoder.dir/Users/jiawei/.pico-sdk/sdk/2.0.0/src/rp2_common/pico_stdio_usb/stdio_usb.c.obj
                0x20001038                stdio_usb
 .data._usbd_qdef
                0x20001050       0x1c CMakeFiles/main_wheel_encoder.dir/Users/jiawei/.pico-sdk/sdk/2.0.0/lib/tinyusb/src/device/usbd.c.obj
                0x20001050                _usbd_qdef
 .data._usbd_rhport
                0x2000106c        0x1 CMakeFiles/main_wheel_encoder.dir/Users/jiawei/.pico-sdk/sdk/2.0.0/lib/tinyusb/src/device/usbd.c.obj
                0x20001070                        . = ALIGN (0x4)
 *fill*         0x2000106d        0x3 
 *(.after_data.*)
                0x20001070                        . = ALIGN (0x4)
                0x20001070                        PROVIDE (__mutex_array_start = .)
 *(SORT_BY_NAME(.mutex_array.*))
 *(.mutex_array)
 .mutex_array   0x20001070        0x8 CMakeFiles/main_wheel_encoder.dir/Users/jiawei/.pico-sdk/sdk/2.0.0/src/rp2_common/pico_stdio/stdio.c.obj
                0x20001078                        PROVIDE (__mutex_array_end = .)
                0x20001078                        . = ALIGN (0x4)
 *(.jcr)
                0x20001078                        . = ALIGN (0x4)

.tm_clone_table
                0x20001078        0x0 load address 0x100083c0
 .tm_clone_table
                0x20001078        0x0 /Users/jiawei/.pico-sdk/toolchain/13_2_Rel1/bin/../lib/gcc/arm-none-eabi/13.2.1/thumb/v6-m/nofp/crtbegin.o
 .tm_clone_table
                0x20001078        0x0 /Users/jiawei/.pico-sdk/toolchain/13_2_Rel1/bin/../lib/gcc/arm-none-eabi/13.2.1/thumb/v6-m/nofp/crtend.o

.igot.plt       0x20001078        0x0 load address 0x100083c0
 .igot.plt      0x20001078        0x0 /Users/jiawei/.pico-sdk/toolchain/13_2_Rel1/bin/../lib/gcc/arm-none-eabi/13.2.1/thumb/v6-m/nofp/crtbegin.o

.tdata          0x20001078        0x0 load address 0x100083c0
                0x20001078                        . = ALIGN (0x4)
 *(.tdata .tdata.* .gnu.linkonce.td.*)
                0x20001078                        __tdata_end = .
                0x20001078                        PROVIDE (__data_end__ = .)
                0x10007408                        __etext = LOADADDR (.data)

.tbss           0x20001078        0x0 load address 0x100083c0
                0x20001078                        . = ALIGN (0x4)
                0x20001078                        __bss_start__ = .
                0x20001078                        __tls_base = .
 *(.tbss .tbss.* .gnu.linkonce.tb.*)
 *(.tcommon)
                0x20001078                        __tls_end = .

.bss            0x20001078     0x10a4 load address 0x100083c0
                0x20001078                        . = ALIGN (0x4)
                0x20001078                        __tbss_end = .
 *(SORT_BY_ALIGNMENT(SORT_BY_NAME(.bss*)))
 .bss._vendord_itf
                0x20001078      0x2bc CMakeFiles/main_wheel_encoder.dir/Users/jiawei/.pico-sdk/sdk/2.0.0/lib/tinyusb/src/class/vendor/vendor_device.c.obj
 *fill*         0x20001334        0x4 
 .bss.default_alarm_pool_entries
                0x20001338      0x180 CMakeFiles/main_wheel_encoder.dir/Users/jiawei/.pico-sdk/sdk/2.0.0/src/common/pico_time/time.c.obj
 .bss.last_avail_time.1
                0x200014b8        0x8 CMakeFiles/main_wheel_encoder.dir/Users/jiawei/.pico-sdk/sdk/2.0.0/src/rp2_common/pico_stdio_usb/stdio_usb.c.obj
 .bss.last_pulse_time
                0x200014c0        0x8 libwheel_encoder.a(wheel_encoder.c.obj)
                0x200014c0                last_pulse_time
 .bss.last_time.1
                0x200014c8        0x8 libwheel_encoder.a(wheel_encoder.c.obj)
 .bss.sd_table  0x200014d0      0x100 CMakeFiles/main_wheel_encoder.dir/Users/jiawei/.pico-sdk/sdk/2.0.0/src/rp2_common/pico_double/double_init_rom_rp2040.c.obj
                0x200014d0                sd_table
 .bss._app_driver
                0x200015d0        0x4 CMakeFiles/main_wheel_encoder.dir/Users/jiawei/.pico-sdk/sdk/2.0.0/lib/tinyusb/src/device/usbd.c.obj
 .bss._cdcd_fifo_cfg
                0x200015d4        0x1 CMakeFiles/main_wheel_encoder.dir/Users/jiawei/.pico-sdk/sdk/2.0.0/lib/tinyusb/src/class/cdc/cdc_device.c.obj
 *fill*         0x200015d5        0x3 
 .bss._cdcd_itf
                0x200015d8      0x2c8 CMakeFiles/main_wheel_encoder.dir/Users/jiawei/.pico-sdk/sdk/2.0.0/lib/tinyusb/src/class/cdc/cdc_device.c.obj
 .bss._ctrl_xfer
                0x200018a0       0x14 CMakeFiles/main_wheel_encoder.dir/Users/jiawei/.pico-sdk/sdk/2.0.0/lib/tinyusb/src/device/usbd_control.c.obj
 .bss._ubsd_mutexdef
                0x200018b4        0x8 CMakeFiles/main_wheel_encoder.dir/Users/jiawei/.pico-sdk/sdk/2.0.0/lib/tinyusb/src/device/usbd.c.obj
 .bss._usbd_ctrl_buf
                0x200018bc       0x40 CMakeFiles/main_wheel_encoder.dir/Users/jiawei/.pico-sdk/sdk/2.0.0/lib/tinyusb/src/device/usbd_control.c.obj
 .bss._usbd_dev
                0x200018fc       0x54 CMakeFiles/main_wheel_encoder.dir/Users/jiawei/.pico-sdk/sdk/2.0.0/lib/tinyusb/src/device/usbd.c.obj
 .bss._usbd_mutex
                0x20001950        0x4 CMakeFiles/main_wheel_encoder.dir/Users/jiawei/.pico-sdk/sdk/2.0.0/lib/tinyusb/src/device/usbd.c.obj
 .bss._usbd_q   0x20001954        0x4 CMakeFiles/main_wheel_encoder.dir/Users/jiawei/.pico-sdk/sdk/2.0.0/lib/tinyusb/src/device/usbd.c.obj
 .bss._usbd_qdef_buf
                0x20001958       0xc0 CMakeFiles/main_wheel_encoder.dir/Users/jiawei/.pico-sdk/sdk/2.0.0/lib/tinyusb/src/device/usbd.c.obj
                0x20001958                _usbd_qdef_buf
 .bss.boot2_copyout
                0x20001a18      0x100 CMakeFiles/main_wheel_encoder.dir/Users/jiawei/.pico-sdk/sdk/2.0.0/src/rp2_common/hardware_flash/flash.c.obj
 .bss.callbacks
                0x20001b18        0x8 CMakeFiles/main_wheel_encoder.dir/Users/jiawei/.pico-sdk/sdk/2.0.0/src/rp2_common/hardware_gpio/gpio.c.obj
 .bss.chars_available_callback
                0x20001b20        0x4 CMakeFiles/main_wheel_encoder.dir/Users/jiawei/.pico-sdk/sdk/2.0.0/src/rp2_common/pico_stdio_uart/stdio_uart.c.obj
 .bss.chars_available_callback
                0x20001b24        0x4 CMakeFiles/main_wheel_encoder.dir/Users/jiawei/.pico-sdk/sdk/2.0.0/src/rp2_common/pico_stdio_usb/stdio_usb.c.obj
 .bss.chars_available_param
                0x20001b28        0x4 CMakeFiles/main_wheel_encoder.dir/Users/jiawei/.pico-sdk/sdk/2.0.0/src/rp2_common/pico_stdio_uart/stdio_uart.c.obj
 .bss.chars_available_param
                0x20001b2c        0x4 CMakeFiles/main_wheel_encoder.dir/Users/jiawei/.pico-sdk/sdk/2.0.0/src/rp2_common/pico_stdio_usb/stdio_usb.c.obj
 .bss.claimed   0x20001b30        0x4 CMakeFiles/main_wheel_encoder.dir/Users/jiawei/.pico-sdk/sdk/2.0.0/src/rp2_common/hardware_sync/sync.c.obj
 .bss.claimed   0x20001b34        0x1 CMakeFiles/main_wheel_encoder.dir/Users/jiawei/.pico-sdk/sdk/2.0.0/src/rp2_common/hardware_timer/timer.c.obj
 *fill*         0x20001b35        0x3 
 .bss.configured_freq
                0x20001b38       0x28 CMakeFiles/main_wheel_encoder.dir/Users/jiawei/.pico-sdk/sdk/2.0.0/src/rp2_common/hardware_clocks/clocks.c.obj
 .bss.desc_str.0
                0x20001b60       0x28 CMakeFiles/main_wheel_encoder.dir/Users/jiawei/.pico-sdk/sdk/2.0.0/src/rp2_common/pico_stdio_usb/stdio_usb_descriptors.c.obj
 .bss.drivers   0x20001b88        0x4 CMakeFiles/main_wheel_encoder.dir/Users/jiawei/.pico-sdk/sdk/2.0.0/src/rp2_common/pico_stdio/stdio.c.obj
 .bss.e15_last_sof
                0x20001b8c        0x4 CMakeFiles/main_wheel_encoder.dir/Users/jiawei/.pico-sdk/sdk/2.0.0/lib/tinyusb/src/portable/raspberrypi/rp2040/rp2040_usb.c.obj
                0x20001b8c                e15_last_sof
 .bss.filter    0x20001b90        0x4 CMakeFiles/main_wheel_encoder.dir/Users/jiawei/.pico-sdk/sdk/2.0.0/src/rp2_common/pico_stdio/stdio.c.obj
 .bss.hw_endpoints
                0x20001b94      0x400 CMakeFiles/main_wheel_encoder.dir/Users/jiawei/.pico-sdk/sdk/2.0.0/lib/tinyusb/src/portable/raspberrypi/rp2040/dcd_rp2040.c.obj
 .bss.last_count.0
                0x20001f94        0x4 libwheel_encoder.a(wheel_encoder.c.obj)
 .bss.lazy_vsnprintf
                0x20001f98        0x4 CMakeFiles/main_wheel_encoder.dir/Users/jiawei/.pico-sdk/sdk/2.0.0/src/rp2_common/pico_printf/printf.c.obj
 .bss.load_value
                0x20001f9c        0x4 CMakeFiles/main_wheel_encoder.dir/Users/jiawei/.pico-sdk/sdk/2.0.0/src/rp2_common/hardware_watchdog/watchdog.c.obj
 .bss.next_buffer_ptr
                0x20001fa0        0x4 CMakeFiles/main_wheel_encoder.dir/Users/jiawei/.pico-sdk/sdk/2.0.0/lib/tinyusb/src/portable/raspberrypi/rp2040/dcd_rp2040.c.obj
 .bss.object.0  0x20001fa4       0x18 /Users/jiawei/.pico-sdk/toolchain/13_2_Rel1/bin/../lib/gcc/arm-none-eabi/13.2.1/thumb/v6-m/nofp/crtbegin.o
 .bss.one_shot_timer_crit_sec
                0x20001fbc        0x8 CMakeFiles/main_wheel_encoder.dir/Users/jiawei/.pico-sdk/sdk/2.0.0/src/rp2_common/pico_stdio_usb/stdio_usb.c.obj
 .bss.pools     0x20001fc4       0x10 CMakeFiles/main_wheel_encoder.dir/Users/jiawei/.pico-sdk/sdk/2.0.0/src/common/pico_time/time.c.obj
 .bss.pulse_count
                0x20001fd4        0x4 libwheel_encoder.a(wheel_encoder.c.obj)
                0x20001fd4                pulse_count
 .bss.raw_irq_mask
                0x20001fd8        0x8 CMakeFiles/main_wheel_encoder.dir/Users/jiawei/.pico-sdk/sdk/2.0.0/src/rp2_common/hardware_gpio/gpio.c.obj
 .bss.retrieved_id
                0x20001fe0        0x8 CMakeFiles/main_wheel_encoder.dir/Users/jiawei/.pico-sdk/sdk/2.0.0/src/rp2_common/pico_unique_id/unique_id.c.obj
 .bss.sf_clz_func
                0x20001fe8        0x4 CMakeFiles/main_wheel_encoder.dir/Users/jiawei/.pico-sdk/sdk/2.0.0/src/rp2_common/pico_double/double_init_rom_rp2040.c.obj
                0x20001fe8                sf_clz_func
 .bss.sf_table  0x20001fec      0x100 CMakeFiles/main_wheel_encoder.dir/Users/jiawei/.pico-sdk/sdk/2.0.0/src/rp2_common/pico_float/float_init_rom_rp2040.c.obj
                0x20001fec                sf_table
 .bss.sleep_notifier
                0x200020ec        0x4 CMakeFiles/main_wheel_encoder.dir/Users/jiawei/.pico-sdk/sdk/2.0.0/src/common/pico_time/time.c.obj
 .bss.stdio_usb_mutex
                0x200020f0        0x8 CMakeFiles/main_wheel_encoder.dir/Users/jiawei/.pico-sdk/sdk/2.0.0/src/rp2_common/pico_stdio_usb/stdio_usb.c.obj
 .bss.uart_char_to_line_feed
                0x200020f8        0x4 CMakeFiles/main_wheel_encoder.dir/Users/jiawei/.pico-sdk/sdk/2.0.0/src/rp2_common/hardware_uart/uart.c.obj
                0x200020f8                uart_char_to_line_feed
 .bss.uart_instance
                0x200020fc        0x4 CMakeFiles/main_wheel_encoder.dir/Users/jiawei/.pico-sdk/sdk/2.0.0/src/rp2_common/pico_stdio_uart/stdio_uart.c.obj
 .bss.usbd_serial_str
                0x20002100       0x11 CMakeFiles/main_wheel_encoder.dir/Users/jiawei/.pico-sdk/sdk/2.0.0/src/rp2_common/pico_stdio_usb/stdio_usb_descriptors.c.obj
 .bss._app_driver_count
                0x20002111        0x1 CMakeFiles/main_wheel_encoder.dir/Users/jiawei/.pico-sdk/sdk/2.0.0/lib/tinyusb/src/device/usbd.c.obj
 .bss._sof_enable
                0x20002112        0x1 CMakeFiles/main_wheel_encoder.dir/Users/jiawei/.pico-sdk/sdk/2.0.0/lib/tinyusb/src/portable/raspberrypi/rp2040/dcd_rp2040.c.obj
 .bss._usbd_queued_setup
                0x20002113        0x1 CMakeFiles/main_wheel_encoder.dir/Users/jiawei/.pico-sdk/sdk/2.0.0/lib/tinyusb/src/device/usbd.c.obj
 .bss.boot2_copyout_valid
                0x20002114        0x1 CMakeFiles/main_wheel_encoder.dir/Users/jiawei/.pico-sdk/sdk/2.0.0/src/rp2_common/hardware_flash/flash.c.obj
 .bss.irq_handler_chain_free_slot_head
                0x20002115        0x1 CMakeFiles/main_wheel_encoder.dir/Users/jiawei/.pico-sdk/sdk/2.0.0/src/rp2_common/hardware_irq/irq.c.obj
 .bss.itf_num   0x20002116        0x1 CMakeFiles/main_wheel_encoder.dir/Users/jiawei/.pico-sdk/sdk/2.0.0/src/rp2_common/pico_stdio_usb/reset_interface.c.obj
 .bss.low_priority_irq_num
                0x20002117        0x1 CMakeFiles/main_wheel_encoder.dir/Users/jiawei/.pico-sdk/sdk/2.0.0/src/rp2_common/pico_stdio_usb/stdio_usb.c.obj
 .bss.one_shot_timer_pending
                0x20002118        0x1 CMakeFiles/main_wheel_encoder.dir/Users/jiawei/.pico-sdk/sdk/2.0.0/src/rp2_common/pico_stdio_usb/stdio_usb.c.obj
 .bss.user_irq_claimed
                0x20002119        0x1 CMakeFiles/main_wheel_encoder.dir/Users/jiawei/.pico-sdk/sdk/2.0.0/src/rp2_common/hardware_irq/irq.c.obj
 *(COMMON)
                0x2000211c                        . = ALIGN (0x4)
 *fill*         0x2000211a        0x2 
                0x2000211c                        __bss_end__ = .

.heap           0x2000211c    0x3dee4 load address 0x100083c0
                0x2000211c                        __end__ = .
                0x2000211c                        end = __end__
 *(.heap*)
 .heap          0x2000211c      0x800 CMakeFiles/main_wheel_encoder.dir/Users/jiawei/.pico-sdk/sdk/2.0.0/src/rp2_common/pico_crt0/crt0.S.obj
                0x20040000                        . = (ORIGIN (RAM) + LENGTH (RAM))
 *fill*         0x2000291c    0x3d6e4 
                0x20040000                        __HeapLimit = .

.scratch_x      0x20040000        0x0 load address 0x100083c0
                0x20040000                        __scratch_x_start__ = .
 *(.scratch_x.*)
                0x20040000                        . = ALIGN (0x4)
                0x20040000                        __scratch_x_end__ = .
                0x100083c0                        __scratch_x_source__ = LOADADDR (.scratch_x)

.scratch_y      0x20041000        0x0 load address 0x100083c0
                0x20041000                        __scratch_y_start__ = .
 *(.scratch_y.*)
                0x20041000                        . = ALIGN (0x4)
                0x20041000                        __scratch_y_end__ = .
                0x100083c0                        __scratch_y_source__ = LOADADDR (.scratch_y)

.stack1_dummy
 *(.stack1*)

.stack_dummy    0x20041000      0x800
 *(.stack*)
 .stack         0x20041000      0x800 CMakeFiles/main_wheel_encoder.dir/Users/jiawei/.pico-sdk/sdk/2.0.0/src/rp2_common/pico_crt0/crt0.S.obj

.flash_end      0x100083c0        0x0
 *(.embedded_end_block*)
                0x100083c0                        PROVIDE (__flash_binary_end = .)