Archive member included to satisfy reference by file (symbol)

/Users/jiawei/.pico-sdk/toolchain/13_2_Rel1/bin/../lib/gcc/arm-none-eabi/13.2.1/thumb/v6-m/nofp/libgcc.a(_dvmd_tls.o)
                              uart_rx/CMakeFiles/uart_rx.dir/Users/jiawei/.pico-sdk/sdk/2.0.0/src/rp2_common/pico_divider/divider_hardware.S.obj (__aeabi_idiv0)
/Users/jiawei/.pico-sdk/toolchain/13_2_Rel1/bin/../lib/gcc/arm-none-eabi/13.2.1/../../../../arm-none-eabi/lib/thumb/v6-m/nofp/libg.a(libc_a-calloc.o)
                              uart_rx/CMakeFiles/uart_rx.dir/Users/jiawei/.pico-sdk/sdk/2.0.0/src/rp2_common/pico_malloc/malloc.c.obj (calloc)
/Users/jiawei/.pico-sdk/toolchain/13_2_Rel1/bin/../lib/gcc/arm-none-eabi/13.2.1/../../../../arm-none-eabi/lib/thumb/v6-m/nofp/libg.a(libc_a-callocr.o)
                              /Users/jiawei/.pico-sdk/toolchain/13_2_Rel1/bin/../lib/gcc/arm-none-eabi/13.2.1/../../../../arm-none-eabi/lib/thumb/v6-m/nofp/libg.a(libc_a-calloc.o) (_calloc_r)
/Users/jiawei/.pico-sdk/toolchain/13_2_Rel1/bin/../lib/gcc/arm-none-eabi/13.2.1/../../../../arm-none-eabi/lib/thumb/v6-m/nofp/libg.a(libc_a-malloc.o)
                              uart_rx/CMakeFiles/uart_rx.dir/Users/jiawei/.pico-sdk/sdk/2.0.0/src/rp2_common/pico_malloc/malloc.c.obj (malloc)
/Users/jiawei/.pico-sdk/toolchain/13_2_Rel1/bin/../lib/gcc/arm-none-eabi/13.2.1/../../../../arm-none-eabi/lib/thumb/v6-m/nofp/libg.a(libc_a-mallocr.o)
                              /Users/jiawei/.pico-sdk/toolchain/13_2_Rel1/bin/../lib/gcc/arm-none-eabi/13.2.1/../../../../arm-none-eabi/lib/thumb/v6-m/nofp/libg.a(libc_a-callocr.o) (_malloc_r)
/Users/jiawei/.pico-sdk/toolchain/13_2_Rel1/bin/../lib/gcc/arm-none-eabi/13.2.1/../../../../arm-none-eabi/lib/thumb/v6-m/nofp/libg.a(libc_a-mlock.o)
                              /Users/jiawei/.pico-sdk/toolchain/13_2_Rel1/bin/../lib/gcc/arm-none-eabi/13.2.1/../../../../arm-none-eabi/lib/thumb/v6-m/nofp/libg.a(libc_a-mallocr.o) (__malloc_lock)
/Users/jiawei/.pico-sdk/toolchain/13_2_Rel1/bin/../lib/gcc/arm-none-eabi/13.2.1/../../../../arm-none-eabi/lib/thumb/v6-m/nofp/libg.a(libc_a-realloc.o)
                              uart_rx/CMakeFiles/uart_rx.dir/Users/jiawei/.pico-sdk/sdk/2.0.0/src/rp2_common/pico_malloc/malloc.c.obj (realloc)
/Users/jiawei/.pico-sdk/toolchain/13_2_Rel1/bin/../lib/gcc/arm-none-eabi/13.2.1/../../../../arm-none-eabi/lib/thumb/v6-m/nofp/libg.a(libc_a-reallocr.o)
                              /Users/jiawei/.pico-sdk/toolchain/13_2_Rel1/bin/../lib/gcc/arm-none-eabi/13.2.1/../../../../arm-none-eabi/lib/thumb/v6-m/nofp/libg.a(libc_a-realloc.o) (_realloc_r)
/Users/jiawei/.pico-sdk/toolchain/13_2_Rel1/bin/../lib/gcc/arm-none-eabi/13.2.1/../../../../arm-none-eabi/lib/thumb/v6-m/nofp/libg.a(libc_a-memcmp.o)
                              uart_rx/CMakeFiles/uart_rx.dir/Users/jiawei/.pico-sdk/sdk/2.0.0/src/rp2_common/pico_atomic/atomic.c.obj (memcmp)
/Users/jiawei/.pico-sdk/toolchain/13_2_Rel1/bin/../lib/gcc/arm-none-eabi/13.2.1/../../../../arm-none-eabi/lib/thumb/v6-m/nofp/libg.a(libc_a-memmove.o)
                              /Users/jiawei/.pico-sdk/toolchain/13_2_Rel1/bin/../lib/gcc/arm-none-eabi/13.2.1/../../../../arm-none-eabi/lib/thumb/v6-m/nofp/libg.a(libc_a-reallocr.o) (memmove)
/Users/jiawei/.pico-sdk/toolchain/13_2_Rel1/bin/../lib/gcc/arm-none-eabi/13.2.1/../../../../arm-none-eabi/lib/thumb/v6-m/nofp/libg.a(libc_a-lcltime_r.o)
                              uart_rx/CMakeFiles/uart_rx.dir/Users/jiawei/.pico-sdk/sdk/2.0.0/src/common/pico_util/datetime.c.obj (localtime_r)
/Users/jiawei/.pico-sdk/toolchain/13_2_Rel1/bin/../lib/gcc/arm-none-eabi/13.2.1/../../../../arm-none-eabi/lib/thumb/v6-m/nofp/libg.a(libc_a-mktime.o)
                              uart_rx/CMakeFiles/uart_rx.dir/Users/jiawei/.pico-sdk/sdk/2.0.0/src/common/pico_util/datetime.c.obj (mktime)
/Users/jiawei/.pico-sdk/toolchain/13_2_Rel1/bin/../lib/gcc/arm-none-eabi/13.2.1/../../../../arm-none-eabi/lib/thumb/v6-m/nofp/libg.a(libc_a-month_lengths.o)
                              /Users/jiawei/.pico-sdk/toolchain/13_2_Rel1/bin/../lib/gcc/arm-none-eabi/13.2.1/../../../../arm-none-eabi/lib/thumb/v6-m/nofp/libg.a(libc_a-lcltime_r.o) (__month_lengths)
/Users/jiawei/.pico-sdk/toolchain/13_2_Rel1/bin/../lib/gcc/arm-none-eabi/13.2.1/../../../../arm-none-eabi/lib/thumb/v6-m/nofp/libg.a(libc_a-tzcalc_limits.o)
                              /Users/jiawei/.pico-sdk/toolchain/13_2_Rel1/bin/../lib/gcc/arm-none-eabi/13.2.1/../../../../arm-none-eabi/lib/thumb/v6-m/nofp/libg.a(libc_a-lcltime_r.o) (__tzcalc_limits)
/Users/jiawei/.pico-sdk/toolchain/13_2_Rel1/bin/../lib/gcc/arm-none-eabi/13.2.1/../../../../arm-none-eabi/lib/thumb/v6-m/nofp/libg.a(libc_a-tzlock.o)
                              /Users/jiawei/.pico-sdk/toolchain/13_2_Rel1/bin/../lib/gcc/arm-none-eabi/13.2.1/../../../../arm-none-eabi/lib/thumb/v6-m/nofp/libg.a(libc_a-lcltime_r.o) (__tz_lock)
[...]
Memory Configuration

Name             Origin             Length             Attributes
FLASH            0x10000000         0x00200000         xr
RAM              0x20000000         0x00040000         xrw
SCRATCH_X        0x20040000         0x00001000         xrw
SCRATCH_Y        0x20041000         0x00001000         xrw
*default*        0x00000000         0xffffffff

Linker script and memory map

LOAD /Users/jiawei/.pico-sdk/toolchain/13_2_Rel1/bin/../lib/gcc/arm-none-eabi/13.2.1/thumb/v6-m/nofp/crti.o
LOAD /Users/jiawei/.pico-sdk/toolchain/13_2_Rel1/bin/../lib/gcc/arm-none-eabi/13.2.1/thumb/v6-m/nofp/crtbegin.o
LOAD /Users/jiawei/.pico-sdk/toolchain/13_2_Rel1/bin/../lib/gcc/arm-none-eabi/13.2.1/../../../../arm-none-eabi/lib/thumb/v6-m/nofp/crt0.o

.flash_begin    0x10000000        0x0
                0x10000000                        __flash_binary_start = .

.boot2          0x10000000      0x100
                0x10000000                        __boot2_start__ = .
 *(.boot2)
 .boot2         0x10000000      0x100 /var/folders/_3/zj5l69n975z2y1jcy4tcpk9c0000gn/T//ccEhoLGO.o
                0x10000100                        __boot2_end__ = .
                0x00000001                        ASSERT (((__boot2_end__ - __boot2_start__) == 0x100), ERROR: Pico second stage bootloader must be 256 bytes in size)

.text           0x10000100     0x48fc
                0x10000100                        __logical_binary_start = .
 *(.vectors)
 .vectors       0x10000100       0xd4 uart_rx/CMakeFiles/uart_rx.dir/Users/jiawei/.pico-sdk/sdk/2.0.0/src/rp2_common/pico_crt0/crt0.S.obj
                0x10000100                __VECTOR_TABLE
                0x10000100                __vectors
                0x100001c0                __default_isrs_start
                0x100001c0                isr_invalid
                0x100001c2                isr_nmi
                0x100001c4                isr_hardfault
                0x100001c6                isr_svcall
                0x100001c8                isr_pendsv
                0x100001ca                isr_systick
                0x100001cc                isr_irq28
                0x100001cc                isr_irq19
                0x100001cc                isr_irq0
                0x100001cc                isr_irq6
                0x100001cc                isr_irq22
                0x100001cc                isr_irq17
                0x100001cc                isr_irq14
                0x100001cc                isr_irq2
                0x100001cc                isr_irq10
                0x100001cc                isr_irq8
                0x100001cc                isr_irq24
                0x100001cc                isr_irq1
                0x100001cc                isr_irq7
                0x100001cc                isr_irq21
                0x100001cc                isr_irq20
                0x100001cc                isr_irq15
                0x100001cc                isr_irq25
                0x100001cc                isr_irq4
                0x100001cc                isr_irq16
                0x100001cc                isr_irq29
                0x100001cc                isr_irq26
                0x100001cc                __default_isrs_end
                0x100001cc                isr_irq3
                0x100001cc                isr_irq9
                0x100001cc                __unhandled_user_irq
                0x100001cc                isr_irq13
                0x100001cc                isr_irq27
                0x100001cc                isr_irq31
                0x100001cc                isr_irq5
                0x100001cc                isr_irq11
                0x100001cc                isr_irq23
                0x100001cc                isr_irq18
                0x100001cc                isr_irq30
                0x100001cc                isr_irq12
                0x100001d2                unhandled_user_irq_num_in_r0
 *(.binary_info_header)
 .binary_info_header
                0x100001d4       0x14 uart_rx/CMakeFiles/uart_rx.dir/Users/jiawei/.pico-sdk/sdk/2.0.0/src/rp2_common/pico_crt0/crt0.S.obj
                0x100001e8                        __binary_info_header_end = .
 *(.embedded_block)
                0x100001e8                        __embedded_block_end = .
 *(.reset)
 .reset         0x100001e8       0x9c uart_rx/CMakeFiles/uart_rx.dir/Users/jiawei/.pico-sdk/sdk/2.0.0/src/rp2_common/pico_crt0/crt0.S.obj
                0x100001e8                _entry_point
 *(.init)
 .init          0x10000284        0x4 /Users/jiawei/.pico-sdk/toolchain/13_2_Rel1/bin/../lib/gcc/arm-none-eabi/13.2.1/thumb/v6-m/nofp/crti.o
                0x10000284                _init
 *(EXCLUDE_FILE(*libm.a: *libc.a:*lib_a-mem*.o *libgcc.a:) .text*)
 .text.register_tm_clones
                0x10000288       0x28 /Users/jiawei/.pico-sdk/toolchain/13_2_Rel1/bin/../lib/gcc/arm-none-eabi/13.2.1/thumb/v6-m/nofp/crtbegin.o
 .text.frame_dummy
                0x100002b0       0x24 /Users/jiawei/.pico-sdk/toolchain/13_2_Rel1/bin/../lib/gcc/arm-none-eabi/13.2.1/thumb/v6-m/nofp/crtbegin.o
 .text.startup.main
                0x100002d4       0xe4 uart_rx/CMakeFiles/uart_rx.dir/uart_rx.c.obj
                0x100002d4                main
 .text.gpio_set_function
                0x100003b8       0x34 uart_rx/CMakeFiles/uart_rx.dir/Users/jiawei/.pico-sdk/sdk/2.0.0/src/rp2_common/hardware_gpio/gpio.c.obj
                0x100003b8                gpio_set_function
 .text.gpio_set_pulls
                0x100003ec       0x28 uart_rx/CMakeFiles/uart_rx.dir/Users/jiawei/.pico-sdk/sdk/2.0.0/src/rp2_common/hardware_gpio/gpio.c.obj
                0x100003ec                gpio_set_pulls
 .text.gpio_init
                0x10000414       0x40 uart_rx/CMakeFiles/uart_rx.dir/Users/jiawei/.pico-sdk/sdk/2.0.0/src/rp2_common/hardware_gpio/gpio.c.obj
                0x10000414                gpio_init
 .text.rp2040_chip_version
                0x10000454        0xc uart_rx/CMakeFiles/uart_rx.dir/Users/jiawei/.pico-sdk/sdk/2.0.0/src/rp2040/pico_platform/platform.c.obj
                0x10000454                rp2040_chip_version
 .text.panic    0x10000460       0x30 uart_rx/CMakeFiles/uart_rx.dir/Users/jiawei/.pico-sdk/sdk/2.0.0/src/rp2_common/pico_platform_panic/panic.c.obj
                0x10000460                panic
 .text.hw_claim_or_assert
                0x10000490       0x44 uart_rx/CMakeFiles/uart_rx.dir/Users/jiawei/.pico-sdk/sdk/2.0.0/src/common/hardware_claim/claim.c.obj
                0x10000490                hw_claim_or_assert
 .text.hw_claim_unused_from_range
                0x100004d4       0x9c uart_rx/CMakeFiles/uart_rx.dir/Users/jiawei/.pico-sdk/sdk/2.0.0/src/common/hardware_claim/claim.c.obj
                0x100004d4                hw_claim_unused_from_range
 .text.next_striped_spin_lock_num
                0x10000570       0x18 uart_rx/CMakeFiles/uart_rx.dir/Users/jiawei/.pico-sdk/sdk/2.0.0/src/rp2_common/hardware_sync/sync.c.obj
                0x10000570                next_striped_spin_lock_num
 .text.spin_lock_claim_unused
                0x10000588       0x24 uart_rx/CMakeFiles/uart_rx.dir/Users/jiawei/.pico-sdk/sdk/2.0.0/src/rp2_common/hardware_sync/sync.c.obj
                0x10000588                spin_lock_claim_unused
 .text.spin_locks_reset
                0x100005ac       0x1c uart_rx/CMakeFiles/uart_rx.dir/Users/jiawei/.pico-sdk/sdk/2.0.0/src/rp2_common/hardware_sync_spin_lock/sync_spin_lock.c.obj
                0x100005ac                spin_locks_reset
 .text.runtime_init_per_core_irq_priorities
                0x100005c8       0x24 uart_rx/CMakeFiles/uart_rx.dir/Users/jiawei/.pico-sdk/sdk/2.0.0/src/rp2_common/hardware_irq/irq.c.obj
                0x100005c8                runtime_init_per_core_irq_priorities
 .text.irq_set_enabled
                0x100005ec       0x24 uart_rx/CMakeFiles/uart_rx.dir/Users/jiawei/.pico-sdk/sdk/2.0.0/src/rp2_common/hardware_irq/irq.c.obj
                0x100005ec                irq_set_enabled
 .text.irq_is_enabled
                0x10000610       0x18 uart_rx/CMakeFiles/uart_rx.dir/Users/jiawei/.pico-sdk/sdk/2.0.0/src/rp2_common/hardware_irq/irq.c.obj
                0x10000610                irq_is_enabled
 .text.irq_set_pending
                0x10000628       0x10 uart_rx/CMakeFiles/uart_rx.dir/Users/jiawei/.pico-sdk/sdk/2.0.0/src/rp2_common/hardware_irq/irq.c.obj
                0x10000628                irq_set_pending
 .text.irq_has_shared_handler
                0x10000638       0x2c uart_rx/CMakeFiles/uart_rx.dir/Users/jiawei/.pico-sdk/sdk/2.0.0/src/rp2_common/hardware_irq/irq.c.obj
                0x10000638                irq_has_shared_handler
 .text.irq_set_exclusive_handler
                0x10000664       0x54 uart_rx/CMakeFiles/uart_rx.dir/Users/jiawei/.pico-sdk/sdk/2.0.0/src/rp2_common/hardware_irq/irq.c.obj
                0x10000664                irq_set_exclusive_handler
 .text.irq_add_shared_handler
                0x100006b8      0x1f4 uart_rx/CMakeFiles/uart_rx.dir/Users/jiawei/.pico-sdk/sdk/2.0.0/src/rp2_common/hardware_irq/irq.c.obj
                0x100006b8                irq_add_shared_handler
 .text.irq_remove_handler
                0x100008ac      0x1d4 uart_rx/CMakeFiles/uart_rx.dir/Users/jiawei/.pico-sdk/sdk/2.0.0/src/rp2_common/hardware_irq/irq.c.obj
                0x100008ac                irq_remove_handler
 .text.irq_add_tail_to_free_list
                0x10000a80       0xb4 uart_rx/CMakeFiles/uart_rx.dir/Users/jiawei/.pico-sdk/sdk/2.0.0/src/rp2_common/hardware_irq/irq.c.obj
                0x10000a80                irq_add_tail_to_free_list
 .text.user_irq_claim_unused
                0x10000b34       0x2c uart_rx/CMakeFiles/uart_rx.dir/Users/jiawei/.pico-sdk/sdk/2.0.0/src/rp2_common/hardware_irq/irq.c.obj
                0x10000b34                user_irq_claim_unused
 .text.lock_init
                0x10000b60       0x10 uart_rx/CMakeFiles/uart_rx.dir/Users/jiawei/.pico-sdk/sdk/2.0.0/src/common/pico_sync/lock_core.c.obj
                0x10000b60                lock_init
 .text.runtime_init_mutex
                0x10000b70       0x50 uart_rx/CMakeFiles/uart_rx.dir/Users/jiawei/.pico-sdk/sdk/2.0.0/src/common/pico_sync/mutex.c.obj
                0x10000b70                runtime_init_mutex
 .text.mutex_init
                0x10000bc0       0x1c uart_rx/CMakeFiles/uart_rx.dir/Users/jiawei/.pico-sdk/sdk/2.0.0/src/common/pico_sync/mutex.c.obj
                0x10000bc0                mutex_init
 .text.critical_section_init
                0x10000bdc       0x1c uart_rx/CMakeFiles/uart_rx.dir/Users/jiawei/.pico-sdk/sdk/2.0.0/src/common/pico_sync/critical_section.c.obj
                0x10000bdc                critical_section_init
 .text.critical_section_init_with_lock_num
                0x10000bf8       0x14 uart_rx/CMakeFiles/uart_rx.dir/Users/jiawei/.pico-sdk/sdk/2.0.0/src/common/pico_sync/critical_section.c.obj
                0x10000bf8                critical_section_init_with_lock_num
 .text.sleep_until_callback
                0x10000c0c       0x30 uart_rx/CMakeFiles/uart_rx.dir/Users/jiawei/.pico-sdk/sdk/2.0.0/src/common/pico_time/time.c.obj
 .text.alarm_pool_irq_handler
                0x10000c3c      0x2e4 uart_rx/CMakeFiles/uart_rx.dir/Users/jiawei/.pico-sdk/sdk/2.0.0/src/common/pico_time/time.c.obj
 .text.runtime_init_default_alarm_pool
                0x10000f20       0xdc uart_rx/CMakeFiles/uart_rx.dir/Users/jiawei/.pico-sdk/sdk/2.0.0/src/common/pico_time/time.c.obj
                0x10000f20                runtime_init_default_alarm_pool
 .text.alarm_pool_get_default
                0x10000ffc        0x8 uart_rx/CMakeFiles/uart_rx.dir/Users/jiawei/.pico-sdk/sdk/2.0.0/src/common/pico_time/time.c.obj
                0x10000ffc                alarm_pool_get_default
 .text.alarm_pool_add_alarm_at
                0x10001004       0xd4 uart_rx/CMakeFiles/uart_rx.dir/Users/jiawei/.pico-sdk/sdk/2.0.0/src/common/pico_time/time.c.obj
                0x10001004                alarm_pool_add_alarm_at
 .text.alarm_pool_add_alarm_at_force_in_context
                0x100010d8       0xb0 uart_rx/CMakeFiles/uart_rx.dir/Users/jiawei/.pico-sdk/sdk/2.0.0/src/common/pico_time/time.c.obj
                0x100010d8                alarm_pool_add_alarm_at_force_in_context
 .text.alarm_pool_cancel_alarm
                0x10001188       0x74 uart_rx/CMakeFiles/uart_rx.dir/Users/jiawei/.pico-sdk/sdk/2.0.0/src/common/pico_time/time.c.obj
                0x10001188                alarm_pool_cancel_alarm
 .text.alarm_pool_core_num
                0x100011fc        0x4 uart_rx/CMakeFiles/uart_rx.dir/Users/jiawei/.pico-sdk/sdk/2.0.0/src/common/pico_time/time.c.obj
                0x100011fc                alarm_pool_core_num
 .text.sleep_until
                0x10001200       0xd8 uart_rx/CMakeFiles/uart_rx.dir/Users/jiawei/.pico-sdk/sdk/2.0.0/src/common/pico_time/time.c.obj
                0x10001200                sleep_until
 .text.sleep_ms
                0x100012d8       0x38 uart_rx/CMakeFiles/uart_rx.dir/Users/jiawei/.pico-sdk/sdk/2.0.0/src/common/pico_time/time.c.obj
                0x100012d8                sleep_ms
 .text.best_effort_wfe_or_timeout
                0x10001310      0x134 uart_rx/CMakeFiles/uart_rx.dir/Users/jiawei/.pico-sdk/sdk/2.0.0/src/common/pico_time/time.c.obj
                0x10001310                best_effort_wfe_or_timeout
 .text.timer_hardware_alarm_claim
                0x10001444       0x14 uart_rx/CMakeFiles/uart_rx.dir/Users/jiawei/.pico-sdk/sdk/2.0.0/src/rp2_common/hardware_timer/timer.c.obj
                0x10001444                timer_hardware_alarm_claim
 .text.timer_time_us_64
                0x10001458       0x10 uart_rx/CMakeFiles/uart_rx.dir/Users/jiawei/.pico-sdk/sdk/2.0.0/src/rp2_common/hardware_timer/timer.c.obj
                0x10001458                timer_time_us_64
 .text.time_us_64
                0x10001468       0x14 uart_rx/CMakeFiles/uart_rx.dir/Users/jiawei/.pico-sdk/sdk/2.0.0/src/rp2_common/hardware_timer/timer.c.obj
                0x10001468                time_us_64
 .text.busy_wait_us
                0x1000147c       0x68 uart_rx/CMakeFiles/uart_rx.dir/Users/jiawei/.pico-sdk/sdk/2.0.0/src/rp2_common/hardware_timer/timer.c.obj
                0x1000147c                busy_wait_us
 .text.busy_wait_until
                0x100014e4       0x20 uart_rx/CMakeFiles/uart_rx.dir/Users/jiawei/.pico-sdk/sdk/2.0.0/src/rp2_common/hardware_timer/timer.c.obj
                0x100014e4                busy_wait_until
 .text.uart_init
                0x10001504      0x120 uart_rx/CMakeFiles/uart_rx.dir/Users/jiawei/.pico-sdk/sdk/2.0.0/src/rp2_common/hardware_uart/uart.c.obj
                0x10001504                uart_init
 .text.clock_configure_int_divider
                0x10001624       0xf4 uart_rx/CMakeFiles/uart_rx.dir/Users/jiawei/.pico-sdk/sdk/2.0.0/src/rp2_common/hardware_clocks/clocks.c.obj
                0x10001624                clock_configure_int_divider
 .text.clock_configure_undivided
                0x10001718       0xe8 uart_rx/CMakeFiles/uart_rx.dir/Users/jiawei/.pico-sdk/sdk/2.0.0/src/rp2_common/hardware_clocks/clocks.c.obj
                0x10001718                clock_configure_undivided
 .text.clock_get_hz
                0x10001800        0xc uart_rx/CMakeFiles/uart_rx.dir/Users/jiawei/.pico-sdk/sdk/2.0.0/src/rp2_common/hardware_clocks/clocks.c.obj
                0x10001800                clock_get_hz
 .text.pll_init
                0x1000180c       0xa4 uart_rx/CMakeFiles/uart_rx.dir/Users/jiawei/.pico-sdk/sdk/2.0.0/src/rp2_common/hardware_pll/pll.c.obj
                0x1000180c                pll_init
 .text.watchdog_reboot
                0x100018b0       0x9c uart_rx/CMakeFiles/uart_rx.dir/Users/jiawei/.pico-sdk/sdk/2.0.0/src/rp2_common/hardware_watchdog/watchdog.c.obj
                0x100018b0                watchdog_reboot
 .text.tick_start
                0x1000194c       0x10 uart_rx/CMakeFiles/uart_rx.dir/Users/jiawei/.pico-sdk/sdk/2.0.0/src/rp2_common/hardware_ticks/ticks.c.obj
                0x1000194c                tick_start
 .text.xosc_init
                0x1000195c       0x28 uart_rx/CMakeFiles/uart_rx.dir/Users/jiawei/.pico-sdk/sdk/2.0.0/src/rp2_common/hardware_xosc/xosc.c.obj
                0x1000195c                xosc_init
 .text.first_per_core_initializer
                0x10001984        0x4 uart_rx/CMakeFiles/uart_rx.dir/Users/jiawei/.pico-sdk/sdk/2.0.0/src/rp2_common/pico_runtime/runtime.c.obj
 .text.hard_assertion_failure
                0x10001988        0xc uart_rx/CMakeFiles/uart_rx.dir/Users/jiawei/.pico-sdk/sdk/2.0.0/src/rp2_common/pico_runtime/runtime.c.obj
                0x10001988                hard_assertion_failure
 .text.runtime_run_initializers
                0x10001994       0x28 uart_rx/CMakeFiles/uart_rx.dir/Users/jiawei/.pico-sdk/sdk/2.0.0/src/rp2_common/pico_runtime/runtime.c.obj
                0x10001994                runtime_run_initializers
 .text.runtime_init_early_resets
                0x100019bc       0x2c uart_rx/CMakeFiles/uart_rx.dir/Users/jiawei/.pico-sdk/sdk/2.0.0/src/rp2_common/pico_runtime_init/runtime_init.c.obj
                0x100019bc                runtime_init_early_resets
 .text.runtime_init_usb_power_down
                0x100019e8       0x1c uart_rx/CMakeFiles/uart_rx.dir/Users/jiawei/.pico-sdk/sdk/2.0.0/src/rp2_common/pico_runtime_init/runtime_init.c.obj
                0x100019e8                runtime_init_usb_power_down
 .text.runtime_init_post_clock_resets
                0x10001a04       0x20 uart_rx/CMakeFiles/uart_rx.dir/Users/jiawei/.pico-sdk/sdk/2.0.0/src/rp2_common/pico_runtime_init/runtime_init.c.obj
                0x10001a04                runtime_init_post_clock_resets
 .text.runtime_init_rp2040_gpio_ie_disable
                0x10001a24       0x14 uart_rx/CMakeFiles/uart_rx.dir/Users/jiawei/.pico-sdk/sdk/2.0.0/src/rp2_common/pico_runtime_init/runtime_init.c.obj
                0x10001a24                runtime_init_rp2040_gpio_ie_disable
 .text.runtime_init_spin_locks_reset
                0x10001a38        0x8 uart_rx/CMakeFiles/uart_rx.dir/Users/jiawei/.pico-sdk/sdk/2.0.0/src/rp2_common/pico_runtime_init/runtime_init.c.obj
                0x10001a38                runtime_init_spin_locks_reset
 .text.runtime_init_install_ram_vector_table
                0x10001a40       0x1c uart_rx/CMakeFiles/uart_rx.dir/Users/jiawei/.pico-sdk/sdk/2.0.0/src/rp2_common/pico_runtime_init/runtime_init.c.obj
                0x10001a40                runtime_init_install_ram_vector_table
 .text.runtime_init_clocks
                0x10001a5c       0xd8 uart_rx/CMakeFiles/uart_rx.dir/Users/jiawei/.pico-sdk/sdk/2.0.0/src/rp2_common/pico_runtime_init/runtime_init_clocks.c.obj
                0x10001a5c                runtime_init_clocks
 .text          0x10001b34       0x10 uart_rx/CMakeFiles/uart_rx.dir/Users/jiawei/.pico-sdk/sdk/2.0.0/src/rp2_common/pico_bit_ops/bit_ops_aeabi.S.obj
 .text.rom_func_lookup
                0x10001b44       0x10 uart_rx/CMakeFiles/uart_rx.dir/Users/jiawei/.pico-sdk/sdk/2.0.0/src/rp2_common/pico_bootrom/bootrom.c.obj
                0x10001b44                rom_func_lookup
 .text.rom_data_lookup
                0x10001b54       0x10 uart_rx/CMakeFiles/uart_rx.dir/Users/jiawei/.pico-sdk/sdk/2.0.0/src/rp2_common/pico_bootrom/bootrom.c.obj
                0x10001b54                rom_data_lookup
 .text.rom_funcs_lookup
                0x10001b64       0x44 uart_rx/CMakeFiles/uart_rx.dir/Users/jiawei/.pico-sdk/sdk/2.0.0/src/rp2_common/pico_bootrom/bootrom.c.obj
                0x10001b64                rom_funcs_lookup
 .text.rom_reset_usb_boot
                0x10001ba8       0x20 uart_rx/CMakeFiles/uart_rx.dir/Users/jiawei/.pico-sdk/sdk/2.0.0/src/rp2_common/pico_bootrom/bootrom.c.obj
                0x10001ba8                rom_reset_usb_boot
 .text.__wrap___aeabi_uidiv
                0x10001bc8       0x4c uart_rx/CMakeFiles/uart_rx.dir/Users/jiawei/.pico-sdk/sdk/2.0.0/src/rp2_common/pico_divider/divider_hardware.S.obj
                0x10001bc8                __wrap___aeabi_uidiv
                0x10001bc8                __wrap___aeabi_uidivmod
                0x10001bc8                div_u32u32
                0x10001bc8                divmod_u32u32
                0x10001bd0                divmod_u32u32_unsafe
                0x10001bf8                divmod_u32u32_savestate
 .text.missing_double_func_shim
                0x10001c14        0xc uart_rx/CMakeFiles/uart_rx.dir/Users/jiawei/.pico-sdk/sdk/2.0.0/src/rp2_common/pico_double/double_init_rom_rp2040.c.obj
 .text.__aeabi_double_init
                0x10001c20       0xa0 uart_rx/CMakeFiles/uart_rx.dir/Users/jiawei/.pico-sdk/sdk/2.0.0/src/rp2_common/pico_double/double_init_rom_rp2040.c.obj
                0x10001c20                __aeabi_double_init
 .text.double_table_shim_on_use_helper
                0x10001cc0       0x2c uart_rx/CMakeFiles/uart_rx.dir/Users/jiawei/.pico-sdk/sdk/2.0.0/src/rp2_common/pico_double/double_v1_rom_shim_rp2040.S.obj
                0x10001cc0                double_table_shim_on_use_helper
 .text.__aeabi_lmul
                0x10001cec       0x32 uart_rx/CMakeFiles/uart_rx.dir/Users/jiawei/.pico-sdk/sdk/2.0.0/src/rp2_common/pico_int64_ops/pico_int64_ops_aeabi.S.obj
                0x10001cec                __wrap___aeabi_lmul
 *fill*         0x10001d1e        0x2 
 .text.missing_float_func_shim
                0x10001d20        0xc uart_rx/CMakeFiles/uart_rx.dir/Users/jiawei/.pico-sdk/sdk/2.0.0/src/rp2_common/pico_float/float_init_rom_rp2040.c.obj
 .text.__aeabi_float_init
                0x10001d2c       0x5c uart_rx/CMakeFiles/uart_rx.dir/Users/jiawei/.pico-sdk/sdk/2.0.0/src/rp2_common/pico_float/float_init_rom_rp2040.c.obj
                0x10001d2c                __aeabi_float_init
 .text          0x10001d88       0x10 uart_rx/CMakeFiles/uart_rx.dir/Users/jiawei/.pico-sdk/sdk/2.0.0/src/rp2_common/pico_mem_ops/mem_ops_aeabi.S.obj
                0x10001d88                __aeabi_mem_init
 .text.memset   0x10001d98        0xc uart_rx/CMakeFiles/uart_rx.dir/Users/jiawei/.pico-sdk/sdk/2.0.0/src/rp2_common/pico_mem_ops/mem_ops_aeabi.S.obj
                0x10001d98                __wrap_memset
 .text.memcpy   0x10001da4        0xc uart_rx/CMakeFiles/uart_rx.dir/Users/jiawei/.pico-sdk/sdk/2.0.0/src/rp2_common/pico_mem_ops/mem_ops_aeabi.S.obj
                0x10001da4                __wrap___aeabi_memcpy
                0x10001da4                __wrap_memcpy
 .text._out_char
                0x10001db0       0x10 uart_rx/CMakeFiles/uart_rx.dir/Users/jiawei/.pico-sdk/sdk/2.0.0/src/rp2_common/pico_printf/printf.c.obj
 .text.weak_raw_vprintf
                0x10001dc0       0x30 uart_rx/CMakeFiles/uart_rx.dir/Users/jiawei/.pico-sdk/sdk/2.0.0/src/rp2_common/pico_printf/printf.c.obj
                0x10001dc0                weak_raw_vprintf
 .text._exit    0x10001df0        0x4 uart_rx/CMakeFiles/uart_rx.dir/Users/jiawei/.pico-sdk/sdk/2.0.0/src/rp2_common/pico_clib_interface/newlib_interface.c.obj
                0x10001df0                _exit
 .text.exit     0x10001df4        0x8 uart_rx/CMakeFiles/uart_rx.dir/Users/jiawei/.pico-sdk/sdk/2.0.0/src/rp2_common/pico_clib_interface/newlib_interface.c.obj
                0x10001df4                exit
 .text.runtime_init
                0x10001dfc       0x2c uart_rx/CMakeFiles/uart_rx.dir/Users/jiawei/.pico-sdk/sdk/2.0.0/src/rp2_common/pico_clib_interface/newlib_interface.c.obj
                0x10001dfc                runtime_init
 .text.stdio_out_chars_no_crlf
                0x10001e28       0x10 uart_rx/CMakeFiles/uart_rx.dir/Users/jiawei/.pico-sdk/sdk/2.0.0/src/rp2_common/pico_stdio/stdio.c.obj
 .text.stdio_out_chars_crlf
                0x10001e38       0x94 uart_rx/CMakeFiles/uart_rx.dir/Users/jiawei/.pico-sdk/sdk/2.0.0/src/rp2_common/pico_stdio/stdio.c.obj
 .text.stdio_put_string
                0x10001ecc      0x100 uart_rx/CMakeFiles/uart_rx.dir/Users/jiawei/.pico-sdk/sdk/2.0.0/src/rp2_common/pico_stdio/stdio.c.obj
                0x10001ecc                stdio_put_string
 .text.stdio_set_driver_enabled
                0x10001fcc       0x30 uart_rx/CMakeFiles/uart_rx.dir/Users/jiawei/.pico-sdk/sdk/2.0.0/src/rp2_common/pico_stdio/stdio.c.obj
                0x10001fcc                stdio_set_driver_enabled
 .text.stdio_init_all
                0x10001ffc       0x10 uart_rx/CMakeFiles/uart_rx.dir/Users/jiawei/.pico-sdk/sdk/2.0.0/src/rp2_common/pico_stdio/stdio.c.obj
                0x10001ffc                stdio_init_all
 .text.__wrap_putchar
                0x1000200c       0x98 uart_rx/CMakeFiles/uart_rx.dir/Users/jiawei/.pico-sdk/sdk/2.0.0/src/rp2_common/pico_stdio/stdio.c.obj
                0x1000200c                stdio_putchar
                0x1000200c                __wrap_putchar
 .text.__wrap_puts
                0x100020a4       0x3c uart_rx/CMakeFiles/uart_rx.dir/Users/jiawei/.pico-sdk/sdk/2.0.0/src/rp2_common/pico_stdio/stdio.c.obj
                0x100020a4                __wrap_puts
                0x100020a4                stdio_puts
 .text.stdio_uart_out_chars
                0x100020e0       0x4c uart_rx/CMakeFiles/uart_rx.dir/Users/jiawei/.pico-sdk/sdk/2.0.0/src/rp2_common/pico_stdio_uart/stdio_uart.c.obj
 .text.stdio_uart_in_chars
                0x1000212c       0x90 uart_rx/CMakeFiles/uart_rx.dir/Users/jiawei/.pico-sdk/sdk/2.0.0/src/rp2_common/pico_stdio_uart/stdio_uart.c.obj
                0x1000212c                stdio_uart_in_chars
 .text.on_uart_rx
                0x100021bc       0x28 uart_rx/CMakeFiles/uart_rx.dir/Users/jiawei/.pico-sdk/sdk/2.0.0/src/rp2_common/pico_stdio_uart/stdio_uart.c.obj
 .text.stdio_uart_out_flush
                0x100021e4       0x10 uart_rx/CMakeFiles/uart_rx.dir/Users/jiawei/.pico-sdk/sdk/2.0.0/src/rp2_common/pico_stdio_uart/stdio_uart.c.obj
 .text.stdio_uart_set_chars_available_callback
                0x100021f4       0x8c uart_rx/CMakeFiles/uart_rx.dir/Users/jiawei/.pico-sdk/sdk/2.0.0/src/rp2_common/pico_stdio_uart/stdio_uart.c.obj
 .text.stdio_uart_init
                0x10002280       0x50 uart_rx/CMakeFiles/uart_rx.dir/Users/jiawei/.pico-sdk/sdk/2.0.0/src/rp2_common/pico_stdio_uart/stdio_uart.c.obj
                0x10002280                stdio_uart_init
 .text.resetd_init
                0x100022d0        0x4 uart_rx/CMakeFiles/uart_rx.dir/Users/jiawei/.pico-sdk/sdk/2.0.0/src/rp2_common/pico_stdio_usb/reset_interface.c.obj
 .text.resetd_reset
                0x100022d4        0xc uart_rx/CMakeFiles/uart_rx.dir/Users/jiawei/.pico-sdk/sdk/2.0.0/src/rp2_common/pico_stdio_usb/reset_interface.c.obj
 .text.resetd_open
                0x100022e0       0x28 uart_rx/CMakeFiles/uart_rx.dir/Users/jiawei/.pico-sdk/sdk/2.0.0/src/rp2_common/pico_stdio_usb/reset_interface.c.obj
 .text.resetd_xfer_cb
                0x10002308        0x4 uart_rx/CMakeFiles/uart_rx.dir/Users/jiawei/.pico-sdk/sdk/2.0.0/src/rp2_common/pico_stdio_usb/reset_interface.c.obj
 .text.resetd_control_xfer_cb
                0x1000230c       0x54 uart_rx/CMakeFiles/uart_rx.dir/Users/jiawei/.pico-sdk/sdk/2.0.0/src/rp2_common/pico_stdio_usb/reset_interface.c.obj
 .text.tud_descriptor_bos_cb
                0x10002360        0x8 uart_rx/CMakeFiles/uart_rx.dir/Users/jiawei/.pico-sdk/sdk/2.0.0/src/rp2_common/pico_stdio_usb/reset_interface.c.obj
                0x10002360                tud_descriptor_bos_cb
 .text.tud_vendor_control_xfer_cb
                0x10002368       0x34 uart_rx/CMakeFiles/uart_rx.dir/Users/jiawei/.pico-sdk/sdk/2.0.0/src/rp2_common/pico_stdio_usb/reset_interface.c.obj
                0x10002368                tud_vendor_control_xfer_cb
 .text.usbd_app_driver_get_cb
                0x1000239c        0xc uart_rx/CMakeFiles/uart_rx.dir/Users/jiawei/.pico-sdk/sdk/2.0.0/src/rp2_common/pico_stdio_usb/reset_interface.c.obj
                0x1000239c                usbd_app_driver_get_cb
 .text.tud_cdc_line_coding_cb
                0x100023a8       0x28 uart_rx/CMakeFiles/uart_rx.dir/Users/jiawei/.pico-sdk/sdk/2.0.0/src/rp2_common/pico_stdio_usb/reset_interface.c.obj
                0x100023a8                tud_cdc_line_coding_cb
 .text.stdio_usb_set_chars_available_callback
                0x100023d0       0x14 uart_rx/CMakeFiles/uart_rx.dir/Users/jiawei/.pico-sdk/sdk/2.0.0/src/rp2_common/pico_stdio_usb/stdio_usb.c.obj
                0x100023d0                stdio_usb_set_chars_available_callback
 .text.usb_irq  0x100023e4       0x10 uart_rx/CMakeFiles/uart_rx.dir/Users/jiawei/.pico-sdk/sdk/2.0.0/src/rp2_common/pico_stdio_usb/stdio_usb.c.obj
 .text.timer_task
                0x100023f4       0x64 uart_rx/CMakeFiles/uart_rx.dir/Users/jiawei/.pico-sdk/sdk/2.0.0/src/rp2_common/pico_stdio_usb/stdio_usb.c.obj
 .text.stdio_usb_in_chars
                0x10002458       0x90 uart_rx/CMakeFiles/uart_rx.dir/Users/jiawei/.pico-sdk/sdk/2.0.0/src/rp2_common/pico_stdio_usb/stdio_usb.c.obj
                0x10002458                stdio_usb_in_chars
 .text.stdio_usb_out_flush
                0x100024e8       0x50 uart_rx/CMakeFiles/uart_rx.dir/Users/jiawei/.pico-sdk/sdk/2.0.0/src/rp2_common/pico_stdio_usb/stdio_usb.c.obj
 .text.stdio_usb_out_chars
                0x10002538      0x104 uart_rx/CMakeFiles/uart_rx.dir/Users/jiawei/.pico-sdk/sdk/2.0.0/src/rp2_common/pico_stdio_usb/stdio_usb.c.obj
 .text.low_priority_worker_irq
                0x1000263c       0xcc uart_rx/CMakeFiles/uart_rx.dir/Users/jiawei/.pico-sdk/sdk/2.0.0/src/rp2_common/pico_stdio_usb/stdio_usb.c.obj
 .text.stdio_usb_init
                0x10002708       0xe8 uart_rx/CMakeFiles/uart_rx.dir/Users/jiawei/.pico-sdk/sdk/2.0.0/src/rp2_common/pico_stdio_usb/stdio_usb.c.obj
                0x10002708                stdio_usb_init
 .text.tud_descriptor_device_cb
                0x100027f0        0x8 uart_rx/CMakeFiles/uart_rx.dir/Users/jiawei/.pico-sdk/sdk/2.0.0/src/rp2_common/pico_stdio_usb/stdio_usb_descriptors.c.obj
                0x100027f0                tud_descriptor_device_cb
 .text.tud_descriptor_configuration_cb
                0x100027f8        0x8 uart_rx/CMakeFiles/uart_rx.dir/Users/jiawei/.pico-sdk/sdk/2.0.0/src/rp2_common/pico_stdio_usb/stdio_usb_descriptors.c.obj
                0x100027f8                tud_descriptor_configuration_cb
 .text.tud_descriptor_string_cb
                0x10002800       0x78 uart_rx/CMakeFiles/uart_rx.dir/Users/jiawei/.pico-sdk/sdk/2.0.0/src/rp2_common/pico_stdio_usb/stdio_usb_descriptors.c.obj
                0x10002800                tud_descriptor_string_cb
 .text.startup._retrieve_unique_id_on_boot
                0x10002878       0x10 uart_rx/CMakeFiles/uart_rx.dir/Users/jiawei/.pico-sdk/sdk/2.0.0/src/rp2_common/pico_unique_id/unique_id.c.obj
 .text.pico_get_unique_board_id_string
                0x10002888      0x1a8 uart_rx/CMakeFiles/uart_rx.dir/Users/jiawei/.pico-sdk/sdk/2.0.0/src/rp2_common/pico_unique_id/unique_id.c.obj
                0x10002888                pico_get_unique_board_id_string
 .text.flash_get_unique_id
                0x10002a30       0x3c uart_rx/CMakeFiles/uart_rx.dir/Users/jiawei/.pico-sdk/sdk/2.0.0/src/rp2_common/hardware_flash/flash.c.obj
                0x10002a30                flash_get_unique_id
 .text.dcd_init
                0x10002a6c       0x8c uart_rx/CMakeFiles/uart_rx.dir/Users/jiawei/.pico-sdk/sdk/2.0.0/lib/tinyusb/src/portable/raspberrypi/rp2040/dcd_rp2040.c.obj
                0x10002a6c                dcd_init
 .text.dcd_int_enable
                0x10002af8        0xc uart_rx/CMakeFiles/uart_rx.dir/Users/jiawei/.pico-sdk/sdk/2.0.0/lib/tinyusb/src/portable/raspberrypi/rp2040/dcd_rp2040.c.obj
                0x10002af8                dcd_int_enable
 .text.dcd_set_address
                0x10002b04       0x14 uart_rx/CMakeFiles/uart_rx.dir/Users/jiawei/.pico-sdk/sdk/2.0.0/lib/tinyusb/src/portable/raspberrypi/rp2040/dcd_rp2040.c.obj
                0x10002b04                dcd_set_address
 .text.dcd_sof_enable
                0x10002b18       0x1c uart_rx/CMakeFiles/uart_rx.dir/Users/jiawei/.pico-sdk/sdk/2.0.0/lib/tinyusb/src/portable/raspberrypi/rp2040/dcd_rp2040.c.obj
                0x10002b18                dcd_sof_enable
 .text.dcd_edpt0_status_complete
                0x10002b34       0x1c uart_rx/CMakeFiles/uart_rx.dir/Users/jiawei/.pico-sdk/sdk/2.0.0/lib/tinyusb/src/portable/raspberrypi/rp2040/dcd_rp2040.c.obj
                0x10002b34                dcd_edpt0_status_complete
 .text.dcd_edpt_open
                0x10002b50      0x108 uart_rx/CMakeFiles/uart_rx.dir/Users/jiawei/.pico-sdk/sdk/2.0.0/lib/tinyusb/src/portable/raspberrypi/rp2040/dcd_rp2040.c.obj
                0x10002b50                dcd_edpt_open
 .text.dcd_edpt_close_all
                0x10002c58        0x8 uart_rx/CMakeFiles/uart_rx.dir/Users/jiawei/.pico-sdk/sdk/2.0.0/lib/tinyusb/src/portable/raspberrypi/rp2040/dcd_rp2040.c.obj
                0x10002c58                dcd_edpt_close_all
 .text.dcd_edpt_xfer
                0x10002c60       0x24 uart_rx/CMakeFiles/uart_rx.dir/Users/jiawei/.pico-sdk/sdk/2.0.0/lib/tinyusb/src/portable/raspberrypi/rp2040/dcd_rp2040.c.obj
                0x10002c60                dcd_edpt_xfer
 .text.dcd_edpt_stall
                0x10002c84       0x34 uart_rx/CMakeFiles/uart_rx.dir/Users/jiawei/.pico-sdk/sdk/2.0.0/lib/tinyusb/src/portable/raspberrypi/rp2040/dcd_rp2040.c.obj
                0x10002c84                dcd_edpt_stall
 .text.dcd_edpt_clear_stall
                0x10002cb8       0x30 uart_rx/CMakeFiles/uart_rx.dir/Users/jiawei/.pico-sdk/sdk/2.0.0/lib/tinyusb/src/portable/raspberrypi/rp2040/dcd_rp2040.c.obj
                0x10002cb8                dcd_edpt_clear_stall
 .text.rp2040_usb_init
                0x10002ce8       0x40 uart_rx/CMakeFiles/uart_rx.dir/Users/jiawei/.pico-sdk/sdk/2.0.0/lib/tinyusb/src/portable/raspberrypi/rp2040/rp2040_usb.c.obj
                0x10002ce8                rp2040_usb_init
 .text.hw_endpoint_xfer_start
                0x10002d28       0x40 uart_rx/CMakeFiles/uart_rx.dir/Users/jiawei/.pico-sdk/sdk/2.0.0/lib/tinyusb/src/portable/raspberrypi/rp2040/rp2040_usb.c.obj
                0x10002d28                hw_endpoint_xfer_start
 .text.tud_event_hook_cb
                0x10002d68        0x4 uart_rx/CMakeFiles/uart_rx.dir/Users/jiawei/.pico-sdk/sdk/2.0.0/lib/tinyusb/src/device/usbd.c.obj
                0x10002d68                tud_event_hook_cb
 .text.tud_sof_cb
                0x10002d6c        0x4 uart_rx/CMakeFiles/uart_rx.dir/Users/jiawei/.pico-sdk/sdk/2.0.0/lib/tinyusb/src/device/usbd.c.obj
                0x10002d6c                tud_sof_cb
 .text.tud_descriptor_device_qualifier_cb
                0x10002d70        0x4 uart_rx/CMakeFiles/uart_rx.dir/Users/jiawei/.pico-sdk/sdk/2.0.0/lib/tinyusb/src/device/usbd.c.obj
                0x10002d70                tud_descriptor_device_qualifier_cb
 .text.tud_descriptor_other_speed_configuration_cb
                0x10002d74        0x4 uart_rx/CMakeFiles/uart_rx.dir/Users/jiawei/.pico-sdk/sdk/2.0.0/lib/tinyusb/src/device/usbd.c.obj
                0x10002d74                tud_descriptor_other_speed_configuration_cb
 .text.tud_mount_cb
                0x10002d78        0x4 uart_rx/CMakeFiles/uart_rx.dir/Users/jiawei/.pico-sdk/sdk/2.0.0/lib/tinyusb/src/device/usbd.c.obj
                0x10002d78                tud_mount_cb
 .text.tud_umount_cb
                0x10002d7c        0x4 uart_rx/CMakeFiles/uart_rx.dir/Users/jiawei/.pico-sdk/sdk/2.0.0/lib/tinyusb/src/device/usbd.c.obj
                0x10002d7c                tud_umount_cb
 .text.tud_suspend_cb
                0x10002d80        0x4 uart_rx/CMakeFiles/uart_rx.dir/Users/jiawei/.pico-sdk/sdk/2.0.0/lib/tinyusb/src/device/usbd.c.obj
                0x10002d80                tud_suspend_cb
 .text.tud_resume_cb
                0x10002d84        0x4 uart_rx/CMakeFiles/uart_rx.dir/Users/jiawei/.pico-sdk/sdk/2.0.0/lib/tinyusb/src/device/usbd.c.obj
                0x10002d84                tud_resume_cb
 .text.tud_mounted
                0x10002d88       0x10 uart_rx/CMakeFiles/uart_rx.dir/Users/jiawei/.pico-sdk/sdk/2.0.0/lib/tinyusb/src/device/usbd.c.obj
                0x10002d88                tud_mounted
 .text.tud_suspended
                0x10002d98       0x10 uart_rx/CMakeFiles/uart_rx.dir/Users/jiawei/.pico-sdk/sdk/2.0.0/lib/tinyusb/src/device/usbd.c.obj
                0x10002d98                tud_suspended
 .text.tud_init
                0x10002da8       0xe4 uart_rx/CMakeFiles/uart_rx.dir/Users/jiawei/.pico-sdk/sdk/2.0.0/lib/tinyusb/src/device/usbd.c.obj
                0x10002da8                tud_init
 .text.tud_task_ext
                0x10002e8c      0x800 uart_rx/CMakeFiles/uart_rx.dir/Users/jiawei/.pico-sdk/sdk/2.0.0/lib/tinyusb/src/device/usbd.c.obj
                0x10002e8c                tud_task_ext
 .text.usbd_open_edpt_pair
                0x1000368c       0x9c uart_rx/CMakeFiles/uart_rx.dir/Users/jiawei/.pico-sdk/sdk/2.0.0/lib/tinyusb/src/device/usbd.c.obj
                0x1000368c                usbd_open_edpt_pair
 .text.usbd_edpt_open
                0x10003728       0x34 uart_rx/CMakeFiles/uart_rx.dir/Users/jiawei/.pico-sdk/sdk/2.0.0/lib/tinyusb/src/device/usbd.c.obj
                0x10003728                usbd_edpt_open
 .text.usbd_edpt_claim
                0x1000375c       0x28 uart_rx/CMakeFiles/uart_rx.dir/Users/jiawei/.pico-sdk/sdk/2.0.0/lib/tinyusb/src/device/usbd.c.obj
                0x1000375c                usbd_edpt_claim
 .text.usbd_edpt_release
                0x10003784       0x28 uart_rx/CMakeFiles/uart_rx.dir/Users/jiawei/.pico-sdk/sdk/2.0.0/lib/tinyusb/src/device/usbd.c.obj
                0x10003784                usbd_edpt_release
 .text.usbd_edpt_xfer
                0x100037ac       0x4c uart_rx/CMakeFiles/uart_rx.dir/Users/jiawei/.pico-sdk/sdk/2.0.0/lib/tinyusb/src/device/usbd.c.obj
                0x100037ac                usbd_edpt_xfer
 .text.tud_control_status
                0x100037f8       0x2c uart_rx/CMakeFiles/uart_rx.dir/Users/jiawei/.pico-sdk/sdk/2.0.0/lib/tinyusb/src/device/usbd_control.c.obj
                0x100037f8                tud_control_status
 .text.tud_control_xfer
                0x10003824       0xac uart_rx/CMakeFiles/uart_rx.dir/Users/jiawei/.pico-sdk/sdk/2.0.0/lib/tinyusb/src/device/usbd_control.c.obj
                0x10003824                tud_control_xfer
 .text.usbd_control_reset
                0x100038d0       0x14 uart_rx/CMakeFiles/uart_rx.dir/Users/jiawei/.pico-sdk/sdk/2.0.0/lib/tinyusb/src/device/usbd_control.c.obj
                0x100038d0                usbd_control_reset
 .text.usbd_control_set_complete_callback
                0x100038e4        0xc uart_rx/CMakeFiles/uart_rx.dir/Users/jiawei/.pico-sdk/sdk/2.0.0/lib/tinyusb/src/device/usbd_control.c.obj
                0x100038e4                usbd_control_set_complete_callback
 .text.usbd_control_set_request
                0x100038f0       0x1c uart_rx/CMakeFiles/uart_rx.dir/Users/jiawei/.pico-sdk/sdk/2.0.0/lib/tinyusb/src/device/usbd_control.c.obj
                0x100038f0                usbd_control_set_request
 .text.usbd_control_xfer_cb
                0x1000390c       0xec uart_rx/CMakeFiles/uart_rx.dir/Users/jiawei/.pico-sdk/sdk/2.0.0/lib/tinyusb/src/device/usbd_control.c.obj
                0x1000390c                usbd_control_xfer_cb
 .text._prep_out_transaction.isra.0
                0x100039f8       0x5c uart_rx/CMakeFiles/uart_rx.dir/Users/jiawei/.pico-sdk/sdk/2.0.0/lib/tinyusb/src/class/cdc/cdc_device.c.obj
 .text.tud_cdc_n_connected
                0x10003a54       0x30 uart_rx/CMakeFiles/uart_rx.dir/Users/jiawei/.pico-sdk/sdk/2.0.0/lib/tinyusb/src/class/cdc/cdc_device.c.obj
                0x10003a54                tud_cdc_n_connected
 .text.tud_cdc_n_available
                0x10003a84       0x18 uart_rx/CMakeFiles/uart_rx.dir/Users/jiawei/.pico-sdk/sdk/2.0.0/lib/tinyusb/src/class/cdc/cdc_device.c.obj
                0x10003a84                tud_cdc_n_available
 .text.tud_cdc_n_read
                0x10003a9c       0x98 uart_rx/CMakeFiles/uart_rx.dir/Users/jiawei/.pico-sdk/sdk/2.0.0/lib/tinyusb/src/class/cdc/cdc_device.c.obj
                0x10003a9c                tud_cdc_n_read
 .text.tud_cdc_n_write_flush
                0x10003b34       0x78 uart_rx/CMakeFiles/uart_rx.dir/Users/jiawei/.pico-sdk/sdk/2.0.0/lib/tinyusb/src/class/cdc/cdc_device.c.obj
                0x10003b34                tud_cdc_n_write_flush
 .text.tud_cdc_n_write
                0x10003bac       0x40 uart_rx/CMakeFiles/uart_rx.dir/Users/jiawei/.pico-sdk/sdk/2.0.0/lib/tinyusb/src/class/cdc/cdc_device.c.obj
                0x10003bac                tud_cdc_n_write
 .text.tud_cdc_n_write_available
                0x10003bec       0x18 uart_rx/CMakeFiles/uart_rx.dir/Users/jiawei/.pico-sdk/sdk/2.0.0/lib/tinyusb/src/class/cdc/cdc_device.c.obj
                0x10003bec                tud_cdc_n_write_available
 .text.cdcd_init
                0x10003c04       0x7c uart_rx/CMakeFiles/uart_rx.dir/Users/jiawei/.pico-sdk/sdk/2.0.0/lib/tinyusb/src/class/cdc/cdc_device.c.obj
                0x10003c04                cdcd_init
 .text.cdcd_deinit
                0x10003c80       0x34 uart_rx/CMakeFiles/uart_rx.dir/Users/jiawei/.pico-sdk/sdk/2.0.0/lib/tinyusb/src/class/cdc/cdc_device.c.obj
                0x10003c80                cdcd_deinit
 .text.cdcd_reset
                0x10003cb4       0x4c uart_rx/CMakeFiles/uart_rx.dir/Users/jiawei/.pico-sdk/sdk/2.0.0/lib/tinyusb/src/class/cdc/cdc_device.c.obj
                0x10003cb4                cdcd_reset
 .text.cdcd_open
                0x10003d00       0xb0 uart_rx/CMakeFiles/uart_rx.dir/Users/jiawei/.pico-sdk/sdk/2.0.0/lib/tinyusb/src/class/cdc/cdc_device.c.obj
                0x10003d00                cdcd_open
 .text.cdcd_control_xfer_cb
                0x10003db0       0xe4 uart_rx/CMakeFiles/uart_rx.dir/Users/jiawei/.pico-sdk/sdk/2.0.0/lib/tinyusb/src/class/cdc/cdc_device.c.obj
                0x10003db0                cdcd_control_xfer_cb
 .text.cdcd_xfer_cb
                0x10003e94      0x100 uart_rx/CMakeFiles/uart_rx.dir/Users/jiawei/.pico-sdk/sdk/2.0.0/lib/tinyusb/src/class/cdc/cdc_device.c.obj
                0x10003e94                cdcd_xfer_cb
 .text.tud_vendor_n_write_flush
                0x10003f94       0x78 uart_rx/CMakeFiles/uart_rx.dir/Users/jiawei/.pico-sdk/sdk/2.0.0/lib/tinyusb/src/class/vendor/vendor_device.c.obj
                0x10003f94                tud_vendor_n_write_flush
 .text.vendord_init
                0x1000400c       0x64 uart_rx/CMakeFiles/uart_rx.dir/Users/jiawei/.pico-sdk/sdk/2.0.0/lib/tinyusb/src/class/vendor/vendor_device.c.obj
                0x1000400c                vendord_init
 .text.vendord_deinit
                0x10004070       0x34 uart_rx/CMakeFiles/uart_rx.dir/Users/jiawei/.pico-sdk/sdk/2.0.0/lib/tinyusb/src/class/vendor/vendor_device.c.obj
                0x10004070                vendord_deinit
 .text.vendord_reset
                0x100040a4       0x1c uart_rx/CMakeFiles/uart_rx.dir/Users/jiawei/.pico-sdk/sdk/2.0.0/lib/tinyusb/src/class/vendor/vendor_device.c.obj
                0x100040a4                vendord_reset
 .text.vendord_open
                0x100040c0       0xd8 uart_rx/CMakeFiles/uart_rx.dir/Users/jiawei/.pico-sdk/sdk/2.0.0/lib/tinyusb/src/class/vendor/vendor_device.c.obj
                0x100040c0                vendord_open
 .text.vendord_xfer_cb
                0x10004198       0xc8 uart_rx/CMakeFiles/uart_rx.dir/Users/jiawei/.pico-sdk/sdk/2.0.0/lib/tinyusb/src/class/vendor/vendor_device.c.obj
                0x10004198                vendord_xfer_cb
 .text.tusb_init
                0x10004260        0xc uart_rx/CMakeFiles/uart_rx.dir/Users/jiawei/.pico-sdk/sdk/2.0.0/lib/tinyusb/src/tusb.c.obj
                0x10004260                tusb_init
 .text.tu_edpt_claim
                0x1000426c       0x50 uart_rx/CMakeFiles/uart_rx.dir/Users/jiawei/.pico-sdk/sdk/2.0.0/lib/tinyusb/src/tusb.c.obj
                0x1000426c                tu_edpt_claim
 .text.tu_edpt_release
                0x100042bc       0x38 uart_rx/CMakeFiles/uart_rx.dir/Users/jiawei/.pico-sdk/sdk/2.0.0/lib/tinyusb/src/tusb.c.obj
                0x100042bc                tu_edpt_release
 .text.tu_edpt_validate
                0x100042f4       0x7c uart_rx/CMakeFiles/uart_rx.dir/Users/jiawei/.pico-sdk/sdk/2.0.0/lib/tinyusb/src/tusb.c.obj
                0x100042f4                tu_edpt_validate
 .text.tu_edpt_bind_driver
                0x10004370       0x34 uart_rx/CMakeFiles/uart_rx.dir/Users/jiawei/.pico-sdk/sdk/2.0.0/lib/tinyusb/src/tusb.c.obj
                0x10004370                tu_edpt_bind_driver
 .text.tu_fifo_config
                0x100043a4       0x6c uart_rx/CMakeFiles/uart_rx.dir/Users/jiawei/.pico-sdk/sdk/2.0.0/lib/tinyusb/src/common/tusb_fifo.c.obj
                0x100043a4                tu_fifo_config
 .text.tu_fifo_count
                0x10004410       0x2c uart_rx/CMakeFiles/uart_rx.dir/Users/jiawei/.pico-sdk/sdk/2.0.0/lib/tinyusb/src/common/tusb_fifo.c.obj
                0x10004410                tu_fifo_count
 .text.tu_fifo_empty
                0x1000443c       0x10 uart_rx/CMakeFiles/uart_rx.dir/Users/jiawei/.pico-sdk/sdk/2.0.0/lib/tinyusb/src/common/tusb_fifo.c.obj
                0x1000443c                tu_fifo_empty
 .text.tu_fifo_remaining
                0x1000444c       0x2c uart_rx/CMakeFiles/uart_rx.dir/Users/jiawei/.pico-sdk/sdk/2.0.0/lib/tinyusb/src/common/tusb_fifo.c.obj
                0x1000444c                tu_fifo_remaining
 .text.tu_fifo_read
                0x10004478       0x9c uart_rx/CMakeFiles/uart_rx.dir/Users/jiawei/.pico-sdk/sdk/2.0.0/lib/tinyusb/src/common/tusb_fifo.c.obj
                0x10004478                tu_fifo_read
 .text.tu_fifo_read_n
                0x10004514       0xe8 uart_rx/CMakeFiles/uart_rx.dir/Users/jiawei/.pico-sdk/sdk/2.0.0/lib/tinyusb/src/common/tusb_fifo.c.obj
                0x10004514                tu_fifo_read_n
 .text.tu_fifo_write
                0x100045fc       0xa8 uart_rx/CMakeFiles/uart_rx.dir/Users/jiawei/.pico-sdk/sdk/2.0.0/lib/tinyusb/src/common/tusb_fifo.c.obj
                0x100045fc                tu_fifo_write
 .text.tu_fifo_write_n
                0x100046a4      0x178 uart_rx/CMakeFiles/uart_rx.dir/Users/jiawei/.pico-sdk/sdk/2.0.0/lib/tinyusb/src/common/tusb_fifo.c.obj
                0x100046a4                tu_fifo_write_n
 .text.tu_fifo_clear
                0x1000481c       0x40 uart_rx/CMakeFiles/uart_rx.dir/Users/jiawei/.pico-sdk/sdk/2.0.0/lib/tinyusb/src/common/tusb_fifo.c.obj
                0x1000481c                tu_fifo_clear
 .text.tu_fifo_set_overwritable
                0x1000485c       0x48 uart_rx/CMakeFiles/uart_rx.dir/Users/jiawei/.pico-sdk/sdk/2.0.0/lib/tinyusb/src/common/tusb_fifo.c.obj
                0x1000485c                tu_fifo_set_overwritable
 .text.strlen   0x100048a4       0x5c /Users/jiawei/.pico-sdk/toolchain/13_2_Rel1/bin/../lib/gcc/arm-none-eabi/13.2.1/../../../../arm-none-eabi/lib/thumb/v6-m/nofp/libg.a(libc_a-strlen-stub.o)
                0x100048a4                strlen
 *(.fini)
 .fini          0x10004900        0x4 /Users/jiawei/.pico-sdk/toolchain/13_2_Rel1/bin/../lib/gcc/arm-none-eabi/13.2.1/thumb/v6-m/nofp/crti.o
                0x10004900                _fini
 *fill*         0x10004904        0x4 
 .fini.__stub   0x10004908       0xb0 linker stubs
 *crtbegin.o(.ctors)
 *crtbegin?.o(.ctors)
 *(EXCLUDE_FILE(*crtend.o *crtend?.o) .ctors)
 *(SORT_BY_NAME(.ctors.*))
 *(.ctors)
 *crtbegin.o(.dtors)
 *crtbegin?.o(.dtors)
 *(EXCLUDE_FILE(*crtend.o *crtend?.o) .dtors)
 *(SORT_BY_NAME(.dtors.*))
 *(.dtors)
                0x100049b8                        . = ALIGN (0x4)
                0x100049b8                        PROVIDE (__preinit_array_start = .)
 *(SORT_BY_NAME(.preinit_array.*))
 .preinit_array.00100
                0x100049b8        0x4 uart_rx/CMakeFiles/uart_rx.dir/Users/jiawei/.pico-sdk/sdk/2.0.0/src/rp2_common/pico_runtime_init/runtime_init.c.obj
                0x100049b8                __pre_init_runtime_init_early_resets
 .preinit_array.00101
                0x100049bc        0x4 uart_rx/CMakeFiles/uart_rx.dir/Users/jiawei/.pico-sdk/sdk/2.0.0/src/rp2_common/pico_runtime_init/runtime_init.c.obj
                0x100049bc                __pre_init_runtime_init_usb_power_down
 .preinit_array.00275
                0x100049c0        0x4 uart_rx/CMakeFiles/uart_rx.dir/Users/jiawei/.pico-sdk/sdk/2.0.0/src/rp2_common/pico_bit_ops/bit_ops_aeabi.S.obj
 .preinit_array.00300
                0x100049c4        0x4 uart_rx/CMakeFiles/uart_rx.dir/Users/jiawei/.pico-sdk/sdk/2.0.0/src/rp2_common/pico_mem_ops/mem_ops_aeabi.S.obj
 .preinit_array.00350
                0x100049c8        0x4 uart_rx/CMakeFiles/uart_rx.dir/Users/jiawei/.pico-sdk/sdk/2.0.0/src/rp2_common/pico_double/double_aeabi_rp2040.S.obj
 .preinit_array.00350
                0x100049cc        0x4 uart_rx/CMakeFiles/uart_rx.dir/Users/jiawei/.pico-sdk/sdk/2.0.0/src/rp2_common/pico_float/float_aeabi_rp2040.S.obj
 .preinit_array.00500
                0x100049d0        0x4 uart_rx/CMakeFiles/uart_rx.dir/Users/jiawei/.pico-sdk/sdk/2.0.0/src/rp2_common/pico_runtime_init/runtime_init.c.obj
                0x100049d0                __pre_init_runtime_init_clocks
 .preinit_array.00600
                0x100049d4        0x4 uart_rx/CMakeFiles/uart_rx.dir/Users/jiawei/.pico-sdk/sdk/2.0.0/src/rp2_common/pico_runtime_init/runtime_init.c.obj
                0x100049d4                __pre_init_runtime_init_post_clock_resets
 .preinit_array.00700
                0x100049d8        0x4 uart_rx/CMakeFiles/uart_rx.dir/Users/jiawei/.pico-sdk/sdk/2.0.0/src/rp2_common/pico_runtime_init/runtime_init.c.obj
                0x100049d8                __pre_init_runtime_init_rp2040_gpio_ie_disable
 .preinit_array.01000
                0x100049dc        0x4 uart_rx/CMakeFiles/uart_rx.dir/Users/jiawei/.pico-sdk/sdk/2.0.0/src/rp2_common/pico_runtime_init/runtime_init.c.obj
                0x100049dc                __pre_init_runtime_init_spin_locks_reset
 .preinit_array.01100
                0x100049e0        0x4 uart_rx/CMakeFiles/uart_rx.dir/Users/jiawei/.pico-sdk/sdk/2.0.0/src/common/pico_sync/mutex.c.obj
                0x100049e0                __pre_init_runtime_init_mutex
 .preinit_array.10080
                0x100049e4        0x4 uart_rx/CMakeFiles/uart_rx.dir/Users/jiawei/.pico-sdk/sdk/2.0.0/src/rp2_common/pico_runtime_init/runtime_init.c.obj
                0x100049e4                __pre_init_runtime_init_install_ram_vector_table
 .preinit_array.11000
                0x100049e8        0x4 uart_rx/CMakeFiles/uart_rx.dir/Users/jiawei/.pico-sdk/sdk/2.0.0/src/common/pico_time/time.c.obj
                0x100049e8                __pre_init_runtime_init_default_alarm_pool
 .preinit_array.YYYYY
                0x100049ec        0x4 uart_rx/CMakeFiles/uart_rx.dir/Users/jiawei/.pico-sdk/sdk/2.0.0/src/rp2_common/pico_runtime/runtime.c.obj
                0x100049ec                __pre_init_first_per_core_initializer
 .preinit_array.ZZZZZ.01200
                0x100049f0        0x4 uart_rx/CMakeFiles/uart_rx.dir/Users/jiawei/.pico-sdk/sdk/2.0.0/src/rp2_common/hardware_irq/irq.c.obj
                0x100049f0                __pre_init_runtime_init_per_core_irq_priorities
 *(.preinit_array)
                0x100049f4                        PROVIDE (__preinit_array_end = .)
                0x100049f4                        . = ALIGN (0x4)
                0x100049f4                        PROVIDE (__init_array_start = .)
 *(SORT_BY_NAME(.init_array.*))
 *(.init_array)
 .init_array    0x100049f4        0x4 /Users/jiawei/.pico-sdk/toolchain/13_2_Rel1/bin/../lib/gcc/arm-none-eabi/13.2.1/thumb/v6-m/nofp/crtbegin.o
 .init_array    0x100049f8        0x4 uart_rx/CMakeFiles/uart_rx.dir/Users/jiawei/.pico-sdk/sdk/2.0.0/src/rp2_common/pico_unique_id/unique_id.c.obj
                0x100049fc                        PROVIDE (__init_array_end = .)
                0x100049fc                        . = ALIGN (0x4)
                [!provide]                        PROVIDE (__fini_array_start = .)
 *(SORT_BY_NAME(.fini_array.*))
 *(.fini_array)
                [!provide]                        PROVIDE (__fini_array_end = .)
 *(.eh_frame*)
 .eh_frame      0x100049fc        0x0 /Users/jiawei/.pico-sdk/toolchain/13_2_Rel1/bin/../lib/gcc/arm-none-eabi/13.2.1/thumb/v6-m/nofp/crtbegin.o
                0x100049fc                        . = ALIGN (0x4)

.glue_7         0x100049fc        0x0
 .glue_7        0x100049fc        0x0 linker stubs

.glue_7t        0x100049fc        0x0
 .glue_7t       0x100049fc        0x0 linker stubs

.vfp11_veneer   0x100049fc        0x0
 .vfp11_veneer  0x100049fc        0x0 linker stubs

.v4_bx          0x100049fc        0x0
 .v4_bx         0x100049fc        0x0 linker stubs

.iplt           0x100049fc        0x0
 .iplt          0x100049fc        0x0 /Users/jiawei/.pico-sdk/toolchain/13_2_Rel1/bin/../lib/gcc/arm-none-eabi/13.2.1/thumb/v6-m/nofp/crtbegin.o

.rodata         0x100049fc      0x450
 *(EXCLUDE_FILE(*libm.a: *libc.a:*lib_a-mem*.o *libgcc.a:) .rodata*)
 .rodata.panic.str1.4
                0x100049fc      0x188 uart_rx/CMakeFiles/uart_rx.dir/Users/jiawei/.pico-sdk/sdk/2.0.0/src/rp2_common/pico_platform_panic/panic.c.obj
                                 0x12 (size before relaxing)
 .rodata.spin_lock_claim_unused.str1.4
                0x10004b84       0x1b uart_rx/CMakeFiles/uart_rx.dir/Users/jiawei/.pico-sdk/sdk/2.0.0/src/rp2_common/hardware_sync/sync.c.obj
 .rodata.user_irq_claim_unused.str1.4
                0x10004b84       0x1b uart_rx/CMakeFiles/uart_rx.dir/Users/jiawei/.pico-sdk/sdk/2.0.0/src/rp2_common/hardware_irq/irq.c.obj
 .rodata.timer_hardware_alarm_claim.str1.4
                0x10004b84       0x22 uart_rx/CMakeFiles/uart_rx.dir/Users/jiawei/.pico-sdk/sdk/2.0.0/src/rp2_common/hardware_timer/timer.c.obj
 .rodata.hard_assertion_failure.str1.4
                0x10004b84        0xc uart_rx/CMakeFiles/uart_rx.dir/Users/jiawei/.pico-sdk/sdk/2.0.0/src/rp2_common/pico_runtime/runtime.c.obj
 .rodata.missing_double_func_shim.str1.4
                0x10004b84       0x18 uart_rx/CMakeFiles/uart_rx.dir/Users/jiawei/.pico-sdk/sdk/2.0.0/src/rp2_common/pico_double/double_init_rom_rp2040.c.obj
 .rodata.missing_float_func_shim.str1.4
                0x10004b84        0x1 uart_rx/CMakeFiles/uart_rx.dir/Users/jiawei/.pico-sdk/sdk/2.0.0/src/rp2_common/pico_float/float_init_rom_rp2040.c.obj
 .rodata.str1.4
                0x10004b84       0x2c uart_rx/CMakeFiles/uart_rx.dir/Users/jiawei/.pico-sdk/sdk/2.0.0/src/rp2_common/pico_standard_binary_info/standard_binary_info.c.obj
 .rodata.__bi_84
                0x10004b84        0xc uart_rx/CMakeFiles/uart_rx.dir/Users/jiawei/.pico-sdk/sdk/2.0.0/src/rp2_common/pico_standard_binary_info/standard_binary_info.c.obj
 .rodata.__bi_54
                0x10004b90        0xc uart_rx/CMakeFiles/uart_rx.dir/Users/jiawei/.pico-sdk/sdk/2.0.0/src/rp2_common/pico_standard_binary_info/standard_binary_info.c.obj
 .rodata.__bi_48
                0x10004b9c        0xc uart_rx/CMakeFiles/uart_rx.dir/Users/jiawei/.pico-sdk/sdk/2.0.0/src/rp2_common/pico_standard_binary_info/standard_binary_info.c.obj
 .rodata.__bi_42
                0x10004ba8        0xc uart_rx/CMakeFiles/uart_rx.dir/Users/jiawei/.pico-sdk/sdk/2.0.0/src/rp2_common/pico_standard_binary_info/standard_binary_info.c.obj
 .rodata.__bi_34
                0x10004bb4        0xc uart_rx/CMakeFiles/uart_rx.dir/Users/jiawei/.pico-sdk/sdk/2.0.0/src/rp2_common/pico_standard_binary_info/standard_binary_info.c.obj
 .rodata.__bi_26
                0x10004bc0        0xc uart_rx/CMakeFiles/uart_rx.dir/Users/jiawei/.pico-sdk/sdk/2.0.0/src/rp2_common/pico_standard_binary_info/standard_binary_info.c.obj
 .rodata.crlf_str.0
                0x10004bcc        0x2 uart_rx/CMakeFiles/uart_rx.dir/Users/jiawei/.pico-sdk/sdk/2.0.0/src/rp2_common/pico_stdio/stdio.c.obj
 .rodata.str1.4
                0x10004bce       0x2c uart_rx/CMakeFiles/uart_rx.dir/Users/jiawei/.pico-sdk/sdk/2.0.0/src/rp2_common/pico_stdio_uart/stdio_uart.c.obj
 *fill*         0x10004bce        0x2 
 .rodata.__bi_45.4
                0x10004bd0        0xc uart_rx/CMakeFiles/uart_rx.dir/Users/jiawei/.pico-sdk/sdk/2.0.0/src/rp2_common/pico_stdio_uart/stdio_uart.c.obj
 .rodata.__bi_49.5
                0x10004bdc        0x8 uart_rx/CMakeFiles/uart_rx.dir/Users/jiawei/.pico-sdk/sdk/2.0.0/src/rp2_common/pico_stdio_uart/stdio_uart.c.obj
 .rodata.__bi_50.6
                0x10004be4        0x8 uart_rx/CMakeFiles/uart_rx.dir/Users/jiawei/.pico-sdk/sdk/2.0.0/src/rp2_common/pico_stdio_uart/stdio_uart.c.obj
 .rodata._resetd_driver
                0x10004bec       0x20 uart_rx/CMakeFiles/uart_rx.dir/Users/jiawei/.pico-sdk/sdk/2.0.0/src/rp2_common/pico_stdio_usb/reset_interface.c.obj
 .rodata.desc_ms_os_20
                0x10004c0c       0xa6 uart_rx/CMakeFiles/uart_rx.dir/Users/jiawei/.pico-sdk/sdk/2.0.0/src/rp2_common/pico_stdio_usb/reset_interface.c.obj
 *fill*         0x10004cb2        0x2 
 .rodata.desc_bos
                0x10004cb4       0x21 uart_rx/CMakeFiles/uart_rx.dir/Users/jiawei/.pico-sdk/sdk/2.0.0/src/rp2_common/pico_stdio_usb/reset_interface.c.obj
                0x10004cb4                desc_bos
 .rodata.str1.4
                0x10004cd5       0x13 uart_rx/CMakeFiles/uart_rx.dir/Users/jiawei/.pico-sdk/sdk/2.0.0/src/rp2_common/pico_stdio_usb/stdio_usb.c.obj
 *fill*         0x10004cd5        0x3 
 .rodata.__bi_197.0
                0x10004cd8        0xc uart_rx/CMakeFiles/uart_rx.dir/Users/jiawei/.pico-sdk/sdk/2.0.0/src/rp2_common/pico_stdio_usb/stdio_usb.c.obj
 .rodata.str1.4
                0x10004ce4       0x2a uart_rx/CMakeFiles/uart_rx.dir/Users/jiawei/.pico-sdk/sdk/2.0.0/src/rp2_common/pico_stdio_usb/stdio_usb_descriptors.c.obj
 .rodata.usbd_desc_str
                0x10004ce4       0x18 uart_rx/CMakeFiles/uart_rx.dir/Users/jiawei/.pico-sdk/sdk/2.0.0/src/rp2_common/pico_stdio_usb/stdio_usb_descriptors.c.obj
 .rodata.usbd_desc_cfg
                0x10004cfc       0x54 uart_rx/CMakeFiles/uart_rx.dir/Users/jiawei/.pico-sdk/sdk/2.0.0/src/rp2_common/pico_stdio_usb/stdio_usb_descriptors.c.obj
 .rodata.usbd_desc_device
                0x10004d50       0x12 uart_rx/CMakeFiles/uart_rx.dir/Users/jiawei/.pico-sdk/sdk/2.0.0/src/rp2_common/pico_stdio_usb/stdio_usb_descriptors.c.obj
 .rodata.str1.4
                0x10004d62       0x14 uart_rx/CMakeFiles/uart_rx.dir/Users/jiawei/.pico-sdk/sdk/2.0.0/lib/tinyusb/src/portable/raspberrypi/rp2040/dcd_rp2040.c.obj
 .rodata.str1.4
                0x10004d62       0x48 uart_rx/CMakeFiles/uart_rx.dir/Users/jiawei/.pico-sdk/sdk/2.0.0/lib/tinyusb/src/portable/raspberrypi/rp2040/rp2040_usb.c.obj
 *fill*         0x10004d62        0x2 
 .rodata.tud_task_ext
                0x10004d64       0x8c uart_rx/CMakeFiles/uart_rx.dir/Users/jiawei/.pico-sdk/sdk/2.0.0/lib/tinyusb/src/device/usbd.c.obj
 .rodata        0x10004df0       0x1c uart_rx/CMakeFiles/uart_rx.dir/Users/jiawei/.pico-sdk/sdk/2.0.0/lib/tinyusb/src/device/usbd.c.obj
 .rodata._usbd_driver
                0x10004e0c       0x40 uart_rx/CMakeFiles/uart_rx.dir/Users/jiawei/.pico-sdk/sdk/2.0.0/lib/tinyusb/src/device/usbd.c.obj
                0x10004e4c                        . = ALIGN (0x4)
 *(SORT_BY_ALIGNMENT(SORT_BY_NAME(.flashdata*)))
                0x10004e4c                        . = ALIGN (0x4)

.ARM.extab
 *(.ARM.extab* .gnu.linkonce.armextab.*)
                0x10004e4c                        __exidx_start = .

.ARM.exidx
 *(.ARM.exidx* .gnu.linkonce.armexidx.*)
                0x10004e4c                        __exidx_end = .
                0x10004e4c                        . = ALIGN (0x4)
                0x10004e4c                        __binary_info_start = .

.binary_info    0x10004e4c       0x28
 *(.binary_info.keep.*)
 .binary_info.keep.__bi_ptr84
                0x10004e4c        0x4 uart_rx/CMakeFiles/uart_rx.dir/Users/jiawei/.pico-sdk/sdk/2.0.0/src/rp2_common/pico_standard_binary_info/standard_binary_info.c.obj
 .binary_info.keep.__bi_ptr54
                0x10004e50        0x4 uart_rx/CMakeFiles/uart_rx.dir/Users/jiawei/.pico-sdk/sdk/2.0.0/src/rp2_common/pico_standard_binary_info/standard_binary_info.c.obj
 .binary_info.keep.__bi_ptr48
                0x10004e54        0x4 uart_rx/CMakeFiles/uart_rx.dir/Users/jiawei/.pico-sdk/sdk/2.0.0/src/rp2_common/pico_standard_binary_info/standard_binary_info.c.obj
 .binary_info.keep.__bi_ptr42
                0x10004e58        0x4 uart_rx/CMakeFiles/uart_rx.dir/Users/jiawei/.pico-sdk/sdk/2.0.0/src/rp2_common/pico_standard_binary_info/standard_binary_info.c.obj
 .binary_info.keep.__bi_ptr34
                0x10004e5c        0x4 uart_rx/CMakeFiles/uart_rx.dir/Users/jiawei/.pico-sdk/sdk/2.0.0/src/rp2_common/pico_standard_binary_info/standard_binary_info.c.obj
 .binary_info.keep.__bi_ptr26
                0x10004e60        0x4 uart_rx/CMakeFiles/uart_rx.dir/Users/jiawei/.pico-sdk/sdk/2.0.0/src/rp2_common/pico_standard_binary_info/standard_binary_info.c.obj
 *(.binary_info.*)
 .binary_info.__bi_ptr50
                0x10004e64        0x4 uart_rx/CMakeFiles/uart_rx.dir/Users/jiawei/.pico-sdk/sdk/2.0.0/src/rp2_common/pico_stdio_uart/stdio_uart.c.obj
 .binary_info.__bi_ptr49
                0x10004e68        0x4 uart_rx/CMakeFiles/uart_rx.dir/Users/jiawei/.pico-sdk/sdk/2.0.0/src/rp2_common/pico_stdio_uart/stdio_uart.c.obj
 .binary_info.__bi_ptr45
                0x10004e6c        0x4 uart_rx/CMakeFiles/uart_rx.dir/Users/jiawei/.pico-sdk/sdk/2.0.0/src/rp2_common/pico_stdio_uart/stdio_uart.c.obj
 .binary_info.__bi_ptr197
                0x10004e70        0x4 uart_rx/CMakeFiles/uart_rx.dir/Users/jiawei/.pico-sdk/sdk/2.0.0/src/rp2_common/pico_stdio_usb/stdio_usb.c.obj
                0x10004e74                        __binary_info_end = .

.rel.dyn        0x10004e74        0x0
 .rel.iplt      0x10004e74        0x0 /Users/jiawei/.pico-sdk/toolchain/13_2_Rel1/bin/../lib/gcc/arm-none-eabi/13.2.1/thumb/v6-m/nofp/crtbegin.o
                0x10004e74                        . = ALIGN (0x4)

.ram_vector_table
                0x20000000       0xc0
 *(.ram_vector_table)
 .ram_vector_table
                0x20000000       0xc0 uart_rx/CMakeFiles/uart_rx.dir/Users/jiawei/.pico-sdk/sdk/2.0.0/src/rp2_common/pico_runtime_init/runtime_init.c.obj
                0x20000000                ram_vector_table

.uninitialized_data
                0x200000c0        0x0
                0x200000c0                        . = ALIGN (0x4)
 *(.uninitialized_data*)

.data           0x200000c0      0xfb8 load address 0x10004e74
                0x200000c0                        __data_start__ = .
 *(vtable)
 *(.time_critical*)
 .time_critical.mutex_try_enter
                0x200000c0       0x40 uart_rx/CMakeFiles/uart_rx.dir/Users/jiawei/.pico-sdk/sdk/2.0.0/src/common/pico_sync/mutex.c.obj
                0x200000c0                mutex_try_enter
 .time_critical.mutex_try_enter_block_until
                0x20000100       0x9c uart_rx/CMakeFiles/uart_rx.dir/Users/jiawei/.pico-sdk/sdk/2.0.0/src/common/pico_sync/mutex.c.obj
                0x20000100                mutex_try_enter_block_until
 .time_critical.mutex_enter_timeout_ms
                0x2000019c       0x90 uart_rx/CMakeFiles/uart_rx.dir/Users/jiawei/.pico-sdk/sdk/2.0.0/src/common/pico_sync/mutex.c.obj
                0x2000019c                mutex_enter_timeout_ms
 .time_critical.mutex_exit
                0x2000022c       0x28 uart_rx/CMakeFiles/uart_rx.dir/Users/jiawei/.pico-sdk/sdk/2.0.0/src/common/pico_sync/mutex.c.obj
                0x2000022c                mutex_exit
 .time_critical.flash_init_boot2_copyout
                0x20000254       0x30 uart_rx/CMakeFiles/uart_rx.dir/Users/jiawei/.pico-sdk/sdk/2.0.0/src/rp2_common/hardware_flash/flash.c.obj
 .time_critical.flash_enable_xip_via_boot2
                0x20000284        0xc uart_rx/CMakeFiles/uart_rx.dir/Users/jiawei/.pico-sdk/sdk/2.0.0/src/rp2_common/hardware_flash/flash.c.obj
 .time_critical.flash_cs_force
                0x20000290       0x38 uart_rx/CMakeFiles/uart_rx.dir/Users/jiawei/.pico-sdk/sdk/2.0.0/src/rp2_common/hardware_flash/flash.c.obj
 .time_critical.flash_do_cmd
                0x200002c8       0xc0 uart_rx/CMakeFiles/uart_rx.dir/Users/jiawei/.pico-sdk/sdk/2.0.0/src/rp2_common/hardware_flash/flash.c.obj
                0x200002c8                flash_do_cmd
 .time_critical.reset_non_control_endpoints
                0x20000388       0x68 uart_rx/CMakeFiles/uart_rx.dir/Users/jiawei/.pico-sdk/sdk/2.0.0/lib/tinyusb/src/portable/raspberrypi/rp2040/dcd_rp2040.c.obj
 .time_critical.hw_handle_buff_status
                0x200003f0       0xb0 uart_rx/CMakeFiles/uart_rx.dir/Users/jiawei/.pico-sdk/sdk/2.0.0/lib/tinyusb/src/portable/raspberrypi/rp2040/dcd_rp2040.c.obj
 .time_critical.dcd_rp2040_irq
                0x200004a0      0x578 uart_rx/CMakeFiles/uart_rx.dir/Users/jiawei/.pico-sdk/sdk/2.0.0/lib/tinyusb/src/portable/raspberrypi/rp2040/dcd_rp2040.c.obj
 .time_critical.prepare_ep_buffer
                0x20000a18       0xe0 uart_rx/CMakeFiles/uart_rx.dir/Users/jiawei/.pico-sdk/sdk/2.0.0/lib/tinyusb/src/portable/raspberrypi/rp2040/rp2040_usb.c.obj
 .time_critical.sync_ep_buffer
                0x20000af8       0xa8 uart_rx/CMakeFiles/uart_rx.dir/Users/jiawei/.pico-sdk/sdk/2.0.0/lib/tinyusb/src/portable/raspberrypi/rp2040/rp2040_usb.c.obj
 .time_critical._hw_endpoint_xfer_sync
                0x20000ba0       0x28 uart_rx/CMakeFiles/uart_rx.dir/Users/jiawei/.pico-sdk/sdk/2.0.0/lib/tinyusb/src/portable/raspberrypi/rp2040/rp2040_usb.c.obj
 .time_critical.e15_is_bulkin_ep
                0x20000bc8       0x28 uart_rx/CMakeFiles/uart_rx.dir/Users/jiawei/.pico-sdk/sdk/2.0.0/lib/tinyusb/src/portable/raspberrypi/rp2040/rp2040_usb.c.obj
 .time_critical.e15_is_critical_frame_period
                0x20000bf0       0x34 uart_rx/CMakeFiles/uart_rx.dir/Users/jiawei/.pico-sdk/sdk/2.0.0/lib/tinyusb/src/portable/raspberrypi/rp2040/rp2040_usb.c.obj
 .time_critical.hw_endpoint_reset_transfer
                0x20000c24        0xc uart_rx/CMakeFiles/uart_rx.dir/Users/jiawei/.pico-sdk/sdk/2.0.0/lib/tinyusb/src/portable/raspberrypi/rp2040/rp2040_usb.c.obj
                0x20000c24                hw_endpoint_reset_transfer
 .time_critical._hw_endpoint_buffer_control_update32
                0x20000c30       0x50 uart_rx/CMakeFiles/uart_rx.dir/Users/jiawei/.pico-sdk/sdk/2.0.0/lib/tinyusb/src/portable/raspberrypi/rp2040/rp2040_usb.c.obj
                0x20000c30                _hw_endpoint_buffer_control_update32
 .time_critical.hw_endpoint_start_next_buffer
                0x20000c80       0x6c uart_rx/CMakeFiles/uart_rx.dir/Users/jiawei/.pico-sdk/sdk/2.0.0/lib/tinyusb/src/portable/raspberrypi/rp2040/rp2040_usb.c.obj
                0x20000c80                hw_endpoint_start_next_buffer
 .time_critical.hw_endpoint_xfer_continue
                0x20000cec       0x40 uart_rx/CMakeFiles/uart_rx.dir/Users/jiawei/.pico-sdk/sdk/2.0.0/lib/tinyusb/src/portable/raspberrypi/rp2040/rp2040_usb.c.obj
                0x20000cec                hw_endpoint_xfer_continue
 .time_critical.tinyusb
                0x20000d2c      0x1e4 uart_rx/CMakeFiles/uart_rx.dir/Users/jiawei/.pico-sdk/sdk/2.0.0/lib/tinyusb/src/device/usbd.c.obj
                0x20000d2c                dcd_event_handler
 *(.text*)
 .text          0x20000f10        0x4 /Users/jiawei/.pico-sdk/toolchain/13_2_Rel1/bin/../lib/gcc/arm-none-eabi/13.2.1/thumb/v6-m/nofp/libgcc.a(_dvmd_tls.o)
                0x20000f10                __aeabi_ldiv0
                0x20000f10                __aeabi_idiv0
 *fill*         0x20000f14        0x4 
 .text.__stub   0x20000f18       0x80 linker stubs
                0x20000f98                        . = ALIGN (0x4)
 *(.rodata*)
                0x20000f98                        . = ALIGN (0x4)
 *(.data*)
 .data.striped_spin_lock_num
                0x20000f98        0x1 uart_rx/CMakeFiles/uart_rx.dir/Users/jiawei/.pico-sdk/sdk/2.0.0/src/rp2_common/hardware_sync/sync.c.obj
 *fill*         0x20000f99        0x3 
 .data          0x20000f9c       0x48 uart_rx/CMakeFiles/uart_rx.dir/Users/jiawei/.pico-sdk/sdk/2.0.0/src/rp2_common/hardware_irq/irq_handler_chain.S.obj
                0x20000f9c                irq_handler_chain_slots
                0x20000fcc                irq_handler_chain_first_slot
                0x20000fd6                irq_handler_chain_remove_tail
 .data.default_alarm_pool
                0x20000fe4       0x18 uart_rx/CMakeFiles/uart_rx.dir/Users/jiawei/.pico-sdk/sdk/2.0.0/src/common/pico_time/time.c.obj
 *fill*         0x20000ffc        0x4 
 .data.aeabi_bits_funcs
                0x20001000       0x10 uart_rx/CMakeFiles/uart_rx.dir/Users/jiawei/.pico-sdk/sdk/2.0.0/src/rp2_common/pico_bit_ops/bit_ops_aeabi.S.obj
                0x20001000                aeabi_bits_funcs
                0x20001010                aeabi_bits_funcs_end
 .data.aeabi_mem_funcs
                0x20001010       0x10 uart_rx/CMakeFiles/uart_rx.dir/Users/jiawei/.pico-sdk/sdk/2.0.0/src/rp2_common/pico_mem_ops/mem_ops_aeabi.S.obj
                0x20001010                aeabi_mem_funcs
                0x20001020                aeabi_mem_funcs_end
 .data.stdio_uart
                0x20001020       0x18 uart_rx/CMakeFiles/uart_rx.dir/Users/jiawei/.pico-sdk/sdk/2.0.0/src/rp2_common/pico_stdio_uart/stdio_uart.c.obj
                0x20001020                stdio_uart
 .data.stdio_usb
                0x20001038       0x18 uart_rx/CMakeFiles/uart_rx.dir/Users/jiawei/.pico-sdk/sdk/2.0.0/src/rp2_common/pico_stdio_usb/stdio_usb.c.obj
                0x20001038                stdio_usb
 .data._usbd_qdef
                0x20001050       0x1c uart_rx/CMakeFiles/uart_rx.dir/Users/jiawei/.pico-sdk/sdk/2.0.0/lib/tinyusb/src/device/usbd.c.obj
                0x20001050                _usbd_qdef
 .data._usbd_rhport
                0x2000106c        0x1 uart_rx/CMakeFiles/uart_rx.dir/Users/jiawei/.pico-sdk/sdk/2.0.0/lib/tinyusb/src/device/usbd.c.obj
                0x20001070                        . = ALIGN (0x4)
 *fill*         0x2000106d        0x3 
 *(.after_data.*)
                0x20001070                        . = ALIGN (0x4)
                0x20001070                        PROVIDE (__mutex_array_start = .)
 *(SORT_BY_NAME(.mutex_array.*))
 *(.mutex_array)
 .mutex_array   0x20001070        0x8 uart_rx/CMakeFiles/uart_rx.dir/Users/jiawei/.pico-sdk/sdk/2.0.0/src/rp2_common/pico_stdio/stdio.c.obj
                0x20001078                        PROVIDE (__mutex_array_end = .)
                0x20001078                        . = ALIGN (0x4)
 *(.jcr)
                0x20001078                        . = ALIGN (0x4)

.tm_clone_table
                0x20001078        0x0 load address 0x10005e2c
 .tm_clone_table
                0x20001078        0x0 /Users/jiawei/.pico-sdk/toolchain/13_2_Rel1/bin/../lib/gcc/arm-none-eabi/13.2.1/thumb/v6-m/nofp/crtbegin.o
 .tm_clone_table
                0x20001078        0x0 /Users/jiawei/.pico-sdk/toolchain/13_2_Rel1/bin/../lib/gcc/arm-none-eabi/13.2.1/thumb/v6-m/nofp/crtend.o

.igot.plt       0x20001078        0x0 load address 0x10005e2c
 .igot.plt      0x20001078        0x0 /Users/jiawei/.pico-sdk/toolchain/13_2_Rel1/bin/../lib/gcc/arm-none-eabi/13.2.1/thumb/v6-m/nofp/crtbegin.o

.tdata          0x20001078        0x0 load address 0x10005e2c
                0x20001078                        . = ALIGN (0x4)
 *(.tdata .tdata.* .gnu.linkonce.td.*)
                0x20001078                        __tdata_end = .
                0x20001078                        PROVIDE (__data_end__ = .)
                0x10004e74                        __etext = LOADADDR (.data)

.tbss           0x20001078        0x0 load address 0x10005e2c
                0x20001078                        . = ALIGN (0x4)
                0x20001078                        __bss_start__ = .
                0x20001078                        __tls_base = .
 *(.tbss .tbss.* .gnu.linkonce.tb.*)
 *(.tcommon)
                0x20001078                        __tls_end = .

.bss            0x20001078     0x107c load address 0x10005e2c
                0x20001078                        . = ALIGN (0x4)
                0x20001078                        __tbss_end = .
 *(SORT_BY_ALIGNMENT(SORT_BY_NAME(.bss*)))
 .bss._vendord_itf
                0x20001078      0x2bc uart_rx/CMakeFiles/uart_rx.dir/Users/jiawei/.pico-sdk/sdk/2.0.0/lib/tinyusb/src/class/vendor/vendor_device.c.obj
 *fill*         0x20001334        0x4 
 .bss.default_alarm_pool_entries
                0x20001338      0x180 uart_rx/CMakeFiles/uart_rx.dir/Users/jiawei/.pico-sdk/sdk/2.0.0/src/common/pico_time/time.c.obj
 .bss.last_avail_time.1
                0x200014b8        0x8 uart_rx/CMakeFiles/uart_rx.dir/Users/jiawei/.pico-sdk/sdk/2.0.0/src/rp2_common/pico_stdio_usb/stdio_usb.c.obj
 .bss.sd_table  0x200014c0      0x100 uart_rx/CMakeFiles/uart_rx.dir/Users/jiawei/.pico-sdk/sdk/2.0.0/src/rp2_common/pico_double/double_init_rom_rp2040.c.obj
                0x200014c0                sd_table
 .bss._app_driver
                0x200015c0        0x4 uart_rx/CMakeFiles/uart_rx.dir/Users/jiawei/.pico-sdk/sdk/2.0.0/lib/tinyusb/src/device/usbd.c.obj
 .bss._cdcd_fifo_cfg
                0x200015c4        0x1 uart_rx/CMakeFiles/uart_rx.dir/Users/jiawei/.pico-sdk/sdk/2.0.0/lib/tinyusb/src/class/cdc/cdc_device.c.obj
 *fill*         0x200015c5        0x3 
 .bss._cdcd_itf
                0x200015c8      0x2c8 uart_rx/CMakeFiles/uart_rx.dir/Users/jiawei/.pico-sdk/sdk/2.0.0/lib/tinyusb/src/class/cdc/cdc_device.c.obj
 .bss._ctrl_xfer
                0x20001890       0x14 uart_rx/CMakeFiles/uart_rx.dir/Users/jiawei/.pico-sdk/sdk/2.0.0/lib/tinyusb/src/device/usbd_control.c.obj
 .bss._ubsd_mutexdef
                0x200018a4        0x8 uart_rx/CMakeFiles/uart_rx.dir/Users/jiawei/.pico-sdk/sdk/2.0.0/lib/tinyusb/src/device/usbd.c.obj
 .bss._usbd_ctrl_buf
                0x200018ac       0x40 uart_rx/CMakeFiles/uart_rx.dir/Users/jiawei/.pico-sdk/sdk/2.0.0/lib/tinyusb/src/device/usbd_control.c.obj
 .bss._usbd_dev
                0x200018ec       0x54 uart_rx/CMakeFiles/uart_rx.dir/Users/jiawei/.pico-sdk/sdk/2.0.0/lib/tinyusb/src/device/usbd.c.obj
 .bss._usbd_mutex
                0x20001940        0x4 uart_rx/CMakeFiles/uart_rx.dir/Users/jiawei/.pico-sdk/sdk/2.0.0/lib/tinyusb/src/device/usbd.c.obj
 .bss._usbd_q   0x20001944        0x4 uart_rx/CMakeFiles/uart_rx.dir/Users/jiawei/.pico-sdk/sdk/2.0.0/lib/tinyusb/src/device/usbd.c.obj
 .bss._usbd_qdef_buf
                0x20001948       0xc0 uart_rx/CMakeFiles/uart_rx.dir/Users/jiawei/.pico-sdk/sdk/2.0.0/lib/tinyusb/src/device/usbd.c.obj
                0x20001948                _usbd_qdef_buf
 .bss.boot2_copyout
                0x20001a08      0x100 uart_rx/CMakeFiles/uart_rx.dir/Users/jiawei/.pico-sdk/sdk/2.0.0/src/rp2_common/hardware_flash/flash.c.obj
 .bss.chars_available_callback
                0x20001b08        0x4 uart_rx/CMakeFiles/uart_rx.dir/Users/jiawei/.pico-sdk/sdk/2.0.0/src/rp2_common/pico_stdio_uart/stdio_uart.c.obj
 .bss.chars_available_callback
                0x20001b0c        0x4 uart_rx/CMakeFiles/uart_rx.dir/Users/jiawei/.pico-sdk/sdk/2.0.0/src/rp2_common/pico_stdio_usb/stdio_usb.c.obj
 .bss.chars_available_param
                0x20001b10        0x4 uart_rx/CMakeFiles/uart_rx.dir/Users/jiawei/.pico-sdk/sdk/2.0.0/src/rp2_common/pico_stdio_uart/stdio_uart.c.obj
 .bss.chars_available_param
                0x20001b14        0x4 uart_rx/CMakeFiles/uart_rx.dir/Users/jiawei/.pico-sdk/sdk/2.0.0/src/rp2_common/pico_stdio_usb/stdio_usb.c.obj
 .bss.claimed   0x20001b18        0x4 uart_rx/CMakeFiles/uart_rx.dir/Users/jiawei/.pico-sdk/sdk/2.0.0/src/rp2_common/hardware_sync/sync.c.obj
 .bss.claimed   0x20001b1c        0x1 uart_rx/CMakeFiles/uart_rx.dir/Users/jiawei/.pico-sdk/sdk/2.0.0/src/rp2_common/hardware_timer/timer.c.obj
 *fill*         0x20001b1d        0x3 
 .bss.configured_freq
                0x20001b20       0x28 uart_rx/CMakeFiles/uart_rx.dir/Users/jiawei/.pico-sdk/sdk/2.0.0/src/rp2_common/hardware_clocks/clocks.c.obj
 .bss.desc_str.0
                0x20001b48       0x28 uart_rx/CMakeFiles/uart_rx.dir/Users/jiawei/.pico-sdk/sdk/2.0.0/src/rp2_common/pico_stdio_usb/stdio_usb_descriptors.c.obj
 .bss.drivers   0x20001b70        0x4 uart_rx/CMakeFiles/uart_rx.dir/Users/jiawei/.pico-sdk/sdk/2.0.0/src/rp2_common/pico_stdio/stdio.c.obj
 .bss.e15_last_sof
                0x20001b74        0x4 uart_rx/CMakeFiles/uart_rx.dir/Users/jiawei/.pico-sdk/sdk/2.0.0/lib/tinyusb/src/portable/raspberrypi/rp2040/rp2040_usb.c.obj
                0x20001b74                e15_last_sof
 .bss.filter    0x20001b78        0x4 uart_rx/CMakeFiles/uart_rx.dir/Users/jiawei/.pico-sdk/sdk/2.0.0/src/rp2_common/pico_stdio/stdio.c.obj
 .bss.hw_endpoints
                0x20001b7c      0x400 uart_rx/CMakeFiles/uart_rx.dir/Users/jiawei/.pico-sdk/sdk/2.0.0/lib/tinyusb/src/portable/raspberrypi/rp2040/dcd_rp2040.c.obj
 .bss.lazy_vsnprintf
                0x20001f7c        0x4 uart_rx/CMakeFiles/uart_rx.dir/Users/jiawei/.pico-sdk/sdk/2.0.0/src/rp2_common/pico_printf/printf.c.obj
 .bss.load_value
                0x20001f80        0x4 uart_rx/CMakeFiles/uart_rx.dir/Users/jiawei/.pico-sdk/sdk/2.0.0/src/rp2_common/hardware_watchdog/watchdog.c.obj
 .bss.next_buffer_ptr
                0x20001f84        0x4 uart_rx/CMakeFiles/uart_rx.dir/Users/jiawei/.pico-sdk/sdk/2.0.0/lib/tinyusb/src/portable/raspberrypi/rp2040/dcd_rp2040.c.obj
 .bss.object.0  0x20001f88       0x18 /Users/jiawei/.pico-sdk/toolchain/13_2_Rel1/bin/../lib/gcc/arm-none-eabi/13.2.1/thumb/v6-m/nofp/crtbegin.o
 .bss.one_shot_timer_crit_sec
                0x20001fa0        0x8 uart_rx/CMakeFiles/uart_rx.dir/Users/jiawei/.pico-sdk/sdk/2.0.0/src/rp2_common/pico_stdio_usb/stdio_usb.c.obj
 .bss.pools     0x20001fa8       0x10 uart_rx/CMakeFiles/uart_rx.dir/Users/jiawei/.pico-sdk/sdk/2.0.0/src/common/pico_time/time.c.obj
 .bss.retrieved_id
                0x20001fb8        0x8 uart_rx/CMakeFiles/uart_rx.dir/Users/jiawei/.pico-sdk/sdk/2.0.0/src/rp2_common/pico_unique_id/unique_id.c.obj
 .bss.sf_clz_func
                0x20001fc0        0x4 uart_rx/CMakeFiles/uart_rx.dir/Users/jiawei/.pico-sdk/sdk/2.0.0/src/rp2_common/pico_double/double_init_rom_rp2040.c.obj
                0x20001fc0                sf_clz_func
 .bss.sf_table  0x20001fc4      0x100 uart_rx/CMakeFiles/uart_rx.dir/Users/jiawei/.pico-sdk/sdk/2.0.0/src/rp2_common/pico_float/float_init_rom_rp2040.c.obj
                0x20001fc4                sf_table
 .bss.sleep_notifier
                0x200020c4        0x4 uart_rx/CMakeFiles/uart_rx.dir/Users/jiawei/.pico-sdk/sdk/2.0.0/src/common/pico_time/time.c.obj
 .bss.stdio_usb_mutex
                0x200020c8        0x8 uart_rx/CMakeFiles/uart_rx.dir/Users/jiawei/.pico-sdk/sdk/2.0.0/src/rp2_common/pico_stdio_usb/stdio_usb.c.obj
 .bss.uart_char_to_line_feed
                0x200020d0        0x4 uart_rx/CMakeFiles/uart_rx.dir/Users/jiawei/.pico-sdk/sdk/2.0.0/src/rp2_common/hardware_uart/uart.c.obj
                0x200020d0                uart_char_to_line_feed
 .bss.uart_instance
                0x200020d4        0x4 uart_rx/CMakeFiles/uart_rx.dir/Users/jiawei/.pico-sdk/sdk/2.0.0/src/rp2_common/pico_stdio_uart/stdio_uart.c.obj
 .bss.usbd_serial_str
                0x200020d8       0x11 uart_rx/CMakeFiles/uart_rx.dir/Users/jiawei/.pico-sdk/sdk/2.0.0/src/rp2_common/pico_stdio_usb/stdio_usb_descriptors.c.obj
 .bss._app_driver_count
                0x200020e9        0x1 uart_rx/CMakeFiles/uart_rx.dir/Users/jiawei/.pico-sdk/sdk/2.0.0/lib/tinyusb/src/device/usbd.c.obj
 .bss._sof_enable
                0x200020ea        0x1 uart_rx/CMakeFiles/uart_rx.dir/Users/jiawei/.pico-sdk/sdk/2.0.0/lib/tinyusb/src/portable/raspberrypi/rp2040/dcd_rp2040.c.obj
 .bss._usbd_queued_setup
                0x200020eb        0x1 uart_rx/CMakeFiles/uart_rx.dir/Users/jiawei/.pico-sdk/sdk/2.0.0/lib/tinyusb/src/device/usbd.c.obj
 .bss.boot2_copyout_valid
                0x200020ec        0x1 uart_rx/CMakeFiles/uart_rx.dir/Users/jiawei/.pico-sdk/sdk/2.0.0/src/rp2_common/hardware_flash/flash.c.obj
 .bss.irq_handler_chain_free_slot_head
                0x200020ed        0x1 uart_rx/CMakeFiles/uart_rx.dir/Users/jiawei/.pico-sdk/sdk/2.0.0/src/rp2_common/hardware_irq/irq.c.obj
 .bss.itf_num   0x200020ee        0x1 uart_rx/CMakeFiles/uart_rx.dir/Users/jiawei/.pico-sdk/sdk/2.0.0/src/rp2_common/pico_stdio_usb/reset_interface.c.obj
 .bss.low_priority_irq_num
                0x200020ef        0x1 uart_rx/CMakeFiles/uart_rx.dir/Users/jiawei/.pico-sdk/sdk/2.0.0/src/rp2_common/pico_stdio_usb/stdio_usb.c.obj
 .bss.one_shot_timer_pending
                0x200020f0        0x1 uart_rx/CMakeFiles/uart_rx.dir/Users/jiawei/.pico-sdk/sdk/2.0.0/src/rp2_common/pico_stdio_usb/stdio_usb.c.obj
 .bss.user_irq_claimed
                0x200020f1        0x1 uart_rx/CMakeFiles/uart_rx.dir/Users/jiawei/.pico-sdk/sdk/2.0.0/src/rp2_common/hardware_irq/irq.c.obj
 *(COMMON)
                0x200020f4                        . = ALIGN (0x4)
 *fill*         0x200020f2        0x2 
                0x200020f4                        __bss_end__ = .

.heap           0x200020f4    0x3df0c load address 0x10005e2c
                0x200020f4                        __end__ = .
                0x200020f4                        end = __end__
 *(.heap*)
 .heap          0x200020f4      0x800 uart_rx/CMakeFiles/uart_rx.dir/Users/jiawei/.pico-sdk/sdk/2.0.0/src/rp2_common/pico_crt0/crt0.S.obj
                0x20040000                        . = (ORIGIN (RAM) + LENGTH (RAM))
 *fill*         0x200028f4    0x3d70c 
                0x20040000                        __HeapLimit = .

.scratch_x      0x20040000        0x0 load address 0x10005e2c
                0x20040000                        __scratch_x_start__ = .
 *(.scratch_x.*)
                0x20040000                        . = ALIGN (0x4)
                0x20040000                        __scratch_x_end__ = .
                0x10005e2c                        __scratch_x_source__ = LOADADDR (.scratch_x)

.scratch_y      0x20041000        0x0 load address 0x10005e2c
                0x20041000                        __scratch_y_start__ = .
 *(.scratch_y.*)
                0x20041000                        . = ALIGN (0x4)
                0x20041000                        __scratch_y_end__ = .
                0x10005e2c                        __scratch_y_source__ = LOADADDR (.scratch_y)

.stack1_dummy
 *(.stack1*)

.stack_dummy    0x20041000      0x800
 *(.stack*)
 .stack         0x20041000      0x800 uart_rx/CMakeFiles/uart_rx.dir/Users/jiawei/.pico-sdk/sdk/2.0.0/src/rp2_common/pico_crt0/crt0.S.obj

.flash_end      0x10005e2c        0x0
 *(.embedded_end_block*)
                0x10005e2c                        PROVIDE (__flash_binary_end = .)
                0x20040000                        __StackLimit = (ORIGIN (RAM) + LENGTH (RAM))
                0x20041000                        __StackOneTop = (ORIGIN (SCRATCH_X) + LENGTH (SCRATCH_X))
                0x20042000                        __StackTop = (ORIGIN (SCRATCH_Y) + LENGTH (SCRATCH_Y))
                0x20041000                        __StackOneBottom = (__StackOneTop - SIZEOF (.stack1_dummy))
                0x20041800                        __StackBottom = (__StackTop - SIZEOF (.stack_dummy))
                0x20042000                        PROVIDE (__stack = __StackTop)
                [!provide]                        PROVIDE (__heap_start = __end__)
                [!provide]                        PROVIDE (__heap_end = __HeapLimit)
                [!provide]                        PROVIDE (__tls_align = MAX (ALIGNOF (.tdata), ALIGNOF (.tbss)))
                [!provide]                        PROVIDE (__tls_size_align = (((__tls_size + __tls_align) - 0x1) & ~ ((__tls_align - 0x1))))
                [!provide]                        PROVIDE (__arm32_tls_tcb_offset = MAX (0x8, __tls_align))
                [!provide]                        PROVIDE (_end = __end__)
                [!provide]                        PROVIDE (__llvm_libc_heap_limit = __HeapLimit)
                0x00000001                        ASSERT ((__StackLimit >= __HeapLimit), region RAM overflowed)
                0x00000001                        ASSERT (((__binary_info_header_end - __logical_binary_start) <= 0x100), Binary info must be in first 256 bytes of the binary)
LOAD uart_rx/CMakeFiles/uart_rx.dir/uart_rx.c.obj
LOAD uart_rx/CMakeFiles/uart_rx.dir/Users/jiawei/.pico-sdk/sdk/2.0.0/src/rp2_common/pico_stdlib/stdlib.c.obj
LOAD uart_rx/CMakeFiles/uart_rx.dir/Users/jiawei/.pico-sdk/sdk/2.0.0/src/rp2_common/hardware_gpio/gpio.c.obj
LOAD uart_rx/CMakeFiles/uart_rx.dir/Users/jiawei/.pico-sdk/sdk/2.0.0/src/rp2040/pico_platform/platform.c.obj
LOAD uart_rx/CMakeFiles/uart_rx.dir/Users/jiawei/.pico-sdk/sdk/2.0.0/src/rp2_common/pico_platform_panic/panic.c.obj
LOAD uart_rx/CMakeFiles/uart_rx.dir/Users/jiawei/.pico-sdk/sdk/2.0.0/src/common/hardware_claim/claim.c.obj
LOAD uart_rx/CMakeFiles/uart_rx.dir/Users/jiawei/.pico-sdk/sdk/2.0.0/src/rp2_common/hardware_sync/sync.c.obj
LOAD uart_rx/CMakeFiles/uart_rx.dir/Users/jiawei/.pico-sdk/sdk/2.0.0/src/rp2_common/hardware_sync_spin_lock/sync_spin_lock.c.obj
LOAD uart_rx/CMakeFiles/uart_rx.dir/Users/jiawei/.pico-sdk/sdk/2.0.0/src/rp2_common/hardware_irq/irq.c.obj
LOAD uart_rx/CMakeFiles/uart_rx.dir/Users/jiawei/.pico-sdk/sdk/2.0.0/src/rp2_common/hardware_irq/irq_handler_chain.S.obj
LOAD uart_rx/CMakeFiles/uart_rx.dir/Users/jiawei/.pico-sdk/sdk/2.0.0/src/common/pico_sync/sem.c.obj
LOAD uart_rx/CMakeFiles/uart_rx.dir/Users/jiawei/.pico-sdk/sdk/2.0.0/src/common/pico_sync/lock_core.c.obj
LOAD uart_rx/CMakeFiles/uart_rx.dir/Users/jiawei/.pico-sdk/sdk/2.0.0/src/common/pico_sync/mutex.c.obj
LOAD uart_rx/CMakeFiles/uart_rx.dir/Users/jiawei/.pico-sdk/sdk/2.0.0/src/common/pico_sync/critical_section.c.obj
LOAD uart_rx/CMakeFiles/uart_rx.dir/Users/jiawei/.pico-sdk/sdk/2.0.0/src/common/pico_time/time.c.obj
LOAD uart_rx/CMakeFiles/uart_rx.dir/Users/jiawei/.pico-sdk/sdk/2.0.0/src/common/pico_time/timeout_helper.c.obj
LOAD uart_rx/CMakeFiles/uart_rx.dir/Users/jiawei/.pico-sdk/sdk/2.0.0/src/rp2_common/hardware_timer/timer.c.obj
LOAD uart_rx/CMakeFiles/uart_rx.dir/Users/jiawei/.pico-sdk/sdk/2.0.0/src/common/pico_util/datetime.c.obj
LOAD uart_rx/CMakeFiles/uart_rx.dir/Users/jiawei/.pico-sdk/sdk/2.0.0/src/common/pico_util/pheap.c.obj
LOAD uart_rx/CMakeFiles/uart_rx.dir/Users/jiawei/.pico-sdk/sdk/2.0.0/src/common/pico_util/queue.c.obj
LOAD uart_rx/CMakeFiles/uart_rx.dir/Users/jiawei/.pico-sdk/sdk/2.0.0/src/rp2_common/hardware_uart/uart.c.obj
LOAD uart_rx/CMakeFiles/uart_rx.dir/Users/jiawei/.pico-sdk/sdk/2.0.0/src/rp2_common/hardware_clocks/clocks.c.obj
LOAD uart_rx/CMakeFiles/uart_rx.dir/Users/jiawei/.pico-sdk/sdk/2.0.0/src/rp2_common/hardware_pll/pll.c.obj
LOAD uart_rx/CMakeFiles/uart_rx.dir/Users/jiawei/.pico-sdk/sdk/2.0.0/src/rp2_common/hardware_vreg/vreg.c.obj
LOAD uart_rx/CMakeFiles/uart_rx.dir/Users/jiawei/.pico-sdk/sdk/2.0.0/src/rp2_common/hardware_watchdog/watchdog.c.obj
LOAD uart_rx/CMakeFiles/uart_rx.dir/Users/jiawei/.pico-sdk/sdk/2.0.0/src/rp2_common/hardware_ticks/ticks.c.obj
LOAD uart_rx/CMakeFiles/uart_rx.dir/Users/jiawei/.pico-sdk/sdk/2.0.0/src/rp2_common/hardware_xosc/xosc.c.obj
LOAD uart_rx/CMakeFiles/uart_rx.dir/Users/jiawei/.pico-sdk/sdk/2.0.0/src/rp2_common/hardware_divider/divider.S.obj
LOAD uart_rx/CMakeFiles/uart_rx.dir/Users/jiawei/.pico-sdk/sdk/2.0.0/src/rp2_common/pico_runtime/runtime.c.obj
LOAD uart_rx/CMakeFiles/uart_rx.dir/Users/jiawei/.pico-sdk/sdk/2.0.0/src/rp2_common/pico_runtime_init/runtime_init.c.obj
LOAD uart_rx/CMakeFiles/uart_rx.dir/Users/jiawei/.pico-sdk/sdk/2.0.0/src/rp2_common/pico_runtime_init/runtime_init_clocks.c.obj
LOAD uart_rx/CMakeFiles/uart_rx.dir/Users/jiawei/.pico-sdk/sdk/2.0.0/src/rp2_common/pico_runtime_init/runtime_init_stack_guard.c.obj
LOAD uart_rx/CMakeFiles/uart_rx.dir/Users/jiawei/.pico-sdk/sdk/2.0.0/src/rp2_common/pico_bit_ops/bit_ops_aeabi.S.obj
LOAD uart_rx/CMakeFiles/uart_rx.dir/Users/jiawei/.pico-sdk/sdk/2.0.0/src/rp2_common/pico_bootrom/bootrom.c.obj
LOAD uart_rx/CMakeFiles/uart_rx.dir/Users/jiawei/.pico-sdk/sdk/2.0.0/src/rp2_common/pico_bootrom/bootrom_lock.c.obj
LOAD uart_rx/CMakeFiles/uart_rx.dir/Users/jiawei/.pico-sdk/sdk/2.0.0/src/rp2_common/hardware_boot_lock/boot_lock.c.obj
LOAD uart_rx/CMakeFiles/uart_rx.dir/Users/jiawei/.pico-sdk/sdk/2.0.0/src/rp2_common/pico_divider/divider_hardware.S.obj
LOAD uart_rx/CMakeFiles/uart_rx.dir/Users/jiawei/.pico-sdk/sdk/2.0.0/src/rp2_common/pico_double/double_aeabi_rp2040.S.obj
LOAD uart_rx/CMakeFiles/uart_rx.dir/Users/jiawei/.pico-sdk/sdk/2.0.0/src/rp2_common/pico_double/double_init_rom_rp2040.c.obj
LOAD uart_rx/CMakeFiles/uart_rx.dir/Users/jiawei/.pico-sdk/sdk/2.0.0/src/rp2_common/pico_double/double_math.c.obj
LOAD uart_rx/CMakeFiles/uart_rx.dir/Users/jiawei/.pico-sdk/sdk/2.0.0/src/rp2_common/pico_double/double_v1_rom_shim_rp2040.S.obj
LOAD uart_rx/CMakeFiles/uart_rx.dir/Users/jiawei/.pico-sdk/sdk/2.0.0/src/rp2_common/pico_int64_ops/pico_int64_ops_aeabi.S.obj
LOAD uart_rx/CMakeFiles/uart_rx.dir/Users/jiawei/.pico-sdk/sdk/2.0.0/src/rp2_common/pico_float/float_aeabi_rp2040.S.obj
LOAD uart_rx/CMakeFiles/uart_rx.dir/Users/jiawei/.pico-sdk/sdk/2.0.0/src/rp2_common/pico_float/float_init_rom_rp2040.c.obj
LOAD uart_rx/CMakeFiles/uart_rx.dir/Users/jiawei/.pico-sdk/sdk/2.0.0/src/rp2_common/pico_float/float_math.c.obj
LOAD uart_rx/CMakeFiles/uart_rx.dir/Users/jiawei/.pico-sdk/sdk/2.0.0/src/rp2_common/pico_float/float_v1_rom_shim_rp2040.S.obj
LOAD uart_rx/CMakeFiles/uart_rx.dir/Users/jiawei/.pico-sdk/sdk/2.0.0/src/rp2_common/pico_malloc/malloc.c.obj
LOAD uart_rx/CMakeFiles/uart_rx.dir/Users/jiawei/.pico-sdk/sdk/2.0.0/src/rp2_common/pico_mem_ops/mem_ops_aeabi.S.obj
LOAD uart_rx/CMakeFiles/uart_rx.dir/Users/jiawei/.pico-sdk/sdk/2.0.0/src/rp2_common/pico_atomic/atomic.c.obj
LOAD uart_rx/CMakeFiles/uart_rx.dir/Users/jiawei/.pico-sdk/sdk/2.0.0/src/rp2_common/pico_cxx_options/new_delete.cpp.obj
LOAD uart_rx/CMakeFiles/uart_rx.dir/Users/jiawei/.pico-sdk/sdk/2.0.0/src/rp2_common/pico_standard_binary_info/standard_binary_info.c.obj
LOAD uart_rx/CMakeFiles/uart_rx.dir/Users/jiawei/.pico-sdk/sdk/2.0.0/src/rp2_common/pico_printf/printf.c.obj
LOAD uart_rx/CMakeFiles/uart_rx.dir/Users/jiawei/.pico-sdk/sdk/2.0.0/src/rp2_common/pico_crt0/crt0.S.obj
LOAD uart_rx/CMakeFiles/uart_rx.dir/Users/jiawei/.pico-sdk/sdk/2.0.0/src/rp2_common/pico_clib_interface/newlib_interface.c.obj
LOAD uart_rx/CMakeFiles/uart_rx.dir/Users/jiawei/.pico-sdk/sdk/2.0.0/src/rp2_common/pico_stdio/stdio.c.obj
LOAD uart_rx/CMakeFiles/uart_rx.dir/Users/jiawei/.pico-sdk/sdk/2.0.0/src/rp2_common/pico_stdio_uart/stdio_uart.c.obj
LOAD uart_rx/CMakeFiles/uart_rx.dir/Users/jiawei/.pico-sdk/sdk/2.0.0/src/rp2_common/pico_stdio_usb/reset_interface.c.obj
LOAD uart_rx/CMakeFiles/uart_rx.dir/Users/jiawei/.pico-sdk/sdk/2.0.0/src/rp2_common/pico_stdio_usb/stdio_usb.c.obj
LOAD uart_rx/CMakeFiles/uart_rx.dir/Users/jiawei/.pico-sdk/sdk/2.0.0/src/rp2_common/pico_stdio_usb/stdio_usb_descriptors.c.obj
LOAD uart_rx/CMakeFiles/uart_rx.dir/Users/jiawei/.pico-sdk/sdk/2.0.0/src/rp2_common/pico_unique_id/unique_id.c.obj
LOAD uart_rx/CMakeFiles/uart_rx.dir/Users/jiawei/.pico-sdk/sdk/2.0.0/src/rp2_common/hardware_flash/flash.c.obj
LOAD uart_rx/CMakeFiles/uart_rx.dir/Users/jiawei/.pico-sdk/sdk/2.0.0/lib/tinyusb/src/portable/raspberrypi/rp2040/dcd_rp2040.c.obj
LOAD uart_rx/CMakeFiles/uart_rx.dir/Users/jiawei/.pico-sdk/sdk/2.0.0/lib/tinyusb/src/portable/raspberrypi/rp2040/rp2040_usb.c.obj
LOAD uart_rx/CMakeFiles/uart_rx.dir/Users/jiawei/.pico-sdk/sdk/2.0.0/lib/tinyusb/src/device/usbd.c.obj
LOAD uart_rx/CMakeFiles/uart_rx.dir/Users/jiawei/.pico-sdk/sdk/2.0.0/lib/tinyusb/src/device/usbd_control.c.obj
LOAD uart_rx/CMakeFiles/uart_rx.dir/Users/jiawei/.pico-sdk/sdk/2.0.0/lib/tinyusb/src/class/audio/audio_device.c.obj
LOAD uart_rx/CMakeFiles/uart_rx.dir/Users/jiawei/.pico-sdk/sdk/2.0.0/lib/tinyusb/src/class/cdc/cdc_device.c.obj
LOAD uart_rx/CMakeFiles/uart_rx.dir/Users/jiawei/.pico-sdk/sdk/2.0.0/lib/tinyusb/src/class/dfu/dfu_device.c.obj
LOAD uart_rx/CMakeFiles/uart_rx.dir/Users/jiawei/.pico-sdk/sdk/2.0.0/lib/tinyusb/src/class/dfu/dfu_rt_device.c.obj
LOAD uart_rx/CMakeFiles/uart_rx.dir/Users/jiawei/.pico-sdk/sdk/2.0.0/lib/tinyusb/src/class/hid/hid_device.c.obj
LOAD uart_rx/CMakeFiles/uart_rx.dir/Users/jiawei/.pico-sdk/sdk/2.0.0/lib/tinyusb/src/class/midi/midi_device.c.obj
LOAD uart_rx/CMakeFiles/uart_rx.dir/Users/jiawei/.pico-sdk/sdk/2.0.0/lib/tinyusb/src/class/msc/msc_device.c.obj
LOAD uart_rx/CMakeFiles/uart_rx.dir/Users/jiawei/.pico-sdk/sdk/2.0.0/lib/tinyusb/src/class/net/ecm_rndis_device.c.obj
LOAD uart_rx/CMakeFiles/uart_rx.dir/Users/jiawei/.pico-sdk/sdk/2.0.0/lib/tinyusb/src/class/net/ncm_device.c.obj
LOAD uart_rx/CMakeFiles/uart_rx.dir/Users/jiawei/.pico-sdk/sdk/2.0.0/lib/tinyusb/src/class/usbtmc/usbtmc_device.c.obj
LOAD uart_rx/CMakeFiles/uart_rx.dir/Users/jiawei/.pico-sdk/sdk/2.0.0/lib/tinyusb/src/class/vendor/vendor_device.c.obj
LOAD uart_rx/CMakeFiles/uart_rx.dir/Users/jiawei/.pico-sdk/sdk/2.0.0/lib/tinyusb/src/class/video/video_device.c.obj
LOAD uart_rx/CMakeFiles/uart_rx.dir/Users/jiawei/.pico-sdk/sdk/2.0.0/lib/tinyusb/src/tusb.c.obj
LOAD uart_rx/CMakeFiles/uart_rx.dir/Users/jiawei/.pico-sdk/sdk/2.0.0/lib/tinyusb/src/common/tusb_fifo.c.obj
LOAD uart_rx/CMakeFiles/uart_rx.dir/Users/jiawei/.pico-sdk/sdk/2.0.0/src/rp2_common/pico_fix/rp2040_usb_device_enumeration/rp2040_usb_device_enumeration.c.obj
LOAD /var/folders/_3/zj5l69n975z2y1jcy4tcpk9c0000gn/T//ccEhoLGO.o
LOAD /Users/jiawei/.pico-sdk/toolchain/13_2_Rel1/bin/../lib/gcc/arm-none-eabi/13.2.1/../../../../arm-none-eabi/lib/thumb/v6-m/nofp/libstdc++.a
LOAD /Users/jiawei/.pico-sdk/toolchain/13_2_Rel1/bin/../lib/gcc/arm-none-eabi/13.2.1/../../../../arm-none-eabi/lib/thumb/v6-m/nofp/libm.a
START GROUP
LOAD /Users/jiawei/.pico-sdk/toolchain/13_2_Rel1/bin/../lib/gcc/arm-none-eabi/13.2.1/thumb/v6-m/nofp/libgcc.a
LOAD /Users/jiawei/.pico-sdk/toolchain/13_2_Rel1/bin/../lib/gcc/arm-none-eabi/13.2.1/../../../../arm-none-eabi/lib/thumb/v6-m/nofp/libg.a
LOAD /Users/jiawei/.pico-sdk/toolchain/13_2_Rel1/bin/../lib/gcc/arm-none-eabi/13.2.1/../../../../arm-none-eabi/lib/thumb/v6-m/nofp/libc.a
END GROUP
START GROUP
LOAD /Users/jiawei/.pico-sdk/toolchain/13_2_Rel1/bin/../lib/gcc/arm-none-eabi/13.2.1/thumb/v6-m/nofp/libgcc.a
LOAD /Users/jiawei/.pico-sdk/toolchain/13_2_Rel1/bin/../lib/gcc/arm-none-eabi/13.2.1/../../../../arm-none-eabi/lib/thumb/v6-m/nofp/libc.a
LOAD /Users/jiawei/.pico-sdk/toolchain/13_2_Rel1/bin/../lib/gcc/arm-none-eabi/13.2.1/../../../../arm-none-eabi/lib/thumb/v6-m/nofp/libnosys.a
END GROUP
LOAD /Users/jiawei/.pico-sdk/toolchain/13_2_Rel1/bin/../lib/gcc/arm-none-eabi/13.2.1/thumb/v6-m/nofp/crtend.o